#######################################
##          Isles of Dread           ##
#######################################
*|BlackBear:Boar:BrownBear:Cougar:GreatBear:GreatHart:Moose:GreyWolf:GrizzlyBearRiding:Hind:Jaguar:TimberWolf|Turkey:Bird:Bird:Bird:Bird:Eagle|||||753|184|23|5|1|2|90|90|8989|19|6|0|0|0|0
*|Boar:Gorilla:Monkey:PandaRiding:Panther:Toad|TropicalBird:TropicalBird:TropicalBird:Crane|||||369|1282|23|5|1|2|48|48|8989|10|3|0|0|0|0
*|Boar:Gorilla:Monkey:PandaRiding:Panther:Toad|TropicalBird:TropicalBird:TropicalBird:Crane|||||192|1190|23|5|1|2|53|53|8989|11|3|0|0|0|0
*|Boar:Gorilla:Monkey:PandaRiding:Panther:Toad|TropicalBird:TropicalBird:TropicalBird:Crane|||||284|1232|23|5|1|2|18|18|8989|4|1|0|0|0|0
*|Boar:Gorilla:Monkey:PandaRiding:Panther:Toad|TropicalBird:TropicalBird:TropicalBird:Crane|||||655|848|23|5|1|2|88|88|8989|19|6|0|0|0|0
*|Boar:Gorilla:Monkey:PandaRiding:Panther:Toad|TropicalBird:TropicalBird:TropicalBird:Crane|||||764|1114|23|5|1|2|78|78|8989|17|5|0|0|0|0
*|Boar:Gorilla:Monkey:PandaRiding:Panther:Toad|TropicalBird:TropicalBird:TropicalBird:Crane|||||921|1140|23|5|1|2|78|78|8989|17|5|0|0|0|0
*|Boar:Gorilla:Monkey:PandaRiding:Panther:Toad|TropicalBird:TropicalBird:TropicalBird:Crane|||||967|320|23|5|1|2|52|52|8989|11|3|0|0|0|0
*|Boar:Gorilla:Monkey:PandaRiding:Panther:Toad|TropicalBird:TropicalBird:TropicalBird:Crane|||||990|702|23|5|1|2|64|64|8989|14|4|0|0|0|0
*|Boar:Gorilla:Monkey:PandaRiding:Panther:Toad|TropicalBird:TropicalBird:TropicalBird:Crane|||||995|566|23|5|1|2|87|87|8989|19|6|0|0|0|0
*|Boar:Gorilla:Monkey:PandaRiding:Panther:Toad|TropicalBird:TropicalBird:TropicalBird:Crane|||||1025|881|23|5|1|2|74|74|8989|16|5|0|0|0|0
*|Boar:Gorilla:Monkey:PandaRiding:Panther:Toad|TropicalBird:TropicalBird:TropicalBird:Crane|||||1043|1072|23|5|1|2|66|66|8989|14|4|0|0|0|0
*|Boar:Gorilla:Monkey:PandaRiding:Panther:Toad|TropicalBird:TropicalBird:TropicalBird:Crane|||||1065|994|23|5|1|2|29|29|8989|6|1|0|0|0|0
*|Boar:Gorilla:Monkey:PandaRiding:Panther:Toad|TropicalBird:TropicalBird:TropicalBird:Crane|||||1069|1097|23|5|1|2|67|67|8989|14|4|0|0|0|0
*|Boar:Gorilla:Monkey:PandaRiding:Panther:Toad|TropicalBird:TropicalBird:TropicalBird:Crane|||||1127|926|23|5|1|2|27|27|8989|6|1|0|0|0|0
*|Boar:Gorilla:Monkey:PandaRiding:Panther:Toad|TropicalBird:TropicalBird:TropicalBird:Crane|||||1148|1271|23|5|1|2|43|43|8989|9|2|0|0|0|0
*|Boar:Gorilla:Monkey:PandaRiding:Panther:Toad|TropicalBird:TropicalBird:TropicalBird:Crane|||||1154|811|23|5|1|2|84|84|8989|18|5|0|0|0|0
*|Boar:Gorilla:Monkey:PandaRiding:Panther:Toad|TropicalBird:TropicalBird:TropicalBird:Crane|||||1161|697|23|5|1|2|20|20|8989|4|1|0|0|0|0
*|Boar:Gorilla:Monkey:PandaRiding:Panther:Toad|TropicalBird:TropicalBird:TropicalBird:Crane|||||1200|1090|23|5|1|2|66|66|8989|14|4|0|0|0|0
*|Boar:Gorilla:Monkey:PandaRiding:Panther:Toad|TropicalBird:TropicalBird:TropicalBird:Crane|||||1252|944|23|5|1|2|82|82|8989|18|5|0|0|0|0
*|Boar:Gorilla:Monkey:PandaRiding:Panther:Toad|TropicalBird:TropicalBird:TropicalBird:Crane|||||1298|1243|23|5|1|2|34|34|8989|7|2|0|0|0|0
*|Boar:Gorilla:Monkey:PandaRiding:Panther:Toad|TropicalBird:TropicalBird:TropicalBird:Crane|||||1348|1144|23|5|1|2|24|24|8989|5|1|0|0|0|0
*|Boar:Gorilla:Monkey:PandaRiding:Panther:Toad|TropicalBird:TropicalBird:TropicalBird:Crane|||||262|894|23|5|1|2|69|69|8989|15|4|0|0|0|0
*|Boar:Gorilla:Monkey:PandaRiding:Panther:Toad|TropicalBird:TropicalBird:TropicalBird:Crane|||||118|780|23|5|1|2|59|59|8989|13|4|0|0|0|0
*|Ramadon:Mammoth:PolarBear:SnowLeopard:Walrus:Penguin:GreatHart:Moose:WhiteRabbit|Hawk|||||296|210|23|5|1|2|46|46|8989|5|1|0|0|0|0
*|Ramadon:Mammoth:PolarBear:SnowLeopard:Walrus:Penguin:GreatHart:Moose:WhiteRabbit|Hawk|||||396|319|23|5|1|2|27|27|8989|3|0|0|0|0|0
*|Ramadon:Mammoth:PolarBear:SnowLeopard:Walrus:Penguin:GreatHart:Moose:WhiteRabbit|Hawk|||||420|531|23|5|1|2|65|65|8989|7|2|0|0|0|0
*|Ramadon:Mammoth:PolarBear:SnowLeopard:Walrus:Penguin:GreatHart:Moose:WhiteRabbit|Hawk|||||119|149|23|5|1|2|53|53|8989|6|1|0|0|0|0
*|Ramadon:Mammoth:PolarBear:SnowLeopard:Walrus:Penguin:GreatHart:Moose:WhiteRabbit|Hawk|||||171|402|23|5|1|2|33|33|8989|3|0|0|0|0|0
*|Ramadon:Mammoth:PolarBear:SnowLeopard:Walrus:Penguin:GreatHart:Moose:WhiteRabbit|Hawk|||||357|269|23|5|1|2|49|49|8989|5|1|0|0|0|0
*|Ramadon:Mammoth:PolarBear:SnowLeopard:Walrus:Penguin:GreatHart:Moose:WhiteRabbit|Hawk|||||464|610|23|5|1|2|48|48|8989|5|1|0|0|0|0
*|Ramadon:Mammoth:PolarBear:SnowLeopard:Walrus:Penguin:GreatHart:Moose:WhiteRabbit|Hawk|||||147|267|23|5|1|2|59|59|8989|6|1|0|0|0|0
*|Ramadon:Mammoth:PolarBear:SnowLeopard:Walrus:Penguin:GreatHart:Moose:WhiteRabbit|Hawk|||||212|122|23|5|1|2|66|66|8989|7|2|0|0|0|0
*|Ramadon:Mammoth:PolarBear:SnowLeopard:Walrus:Penguin:GreatHart:Moose:WhiteRabbit|Hawk|||||282|457|23|5|1|2|92|92|8989|10|3|0|0|0|0
