#######################################
##         World of Kuldara          ##
#######################################
*|BlackBear:Boar:BrownBear:Cougar:Fox:GreatHart:Moose:GreyWolf:GrizzlyBearRiding:Hind:Jaguar:TimberWolf|Turkey:Bird:Bird:Bird:Bird:Eagle|||||6778|1391|53|2|1|2|24|24|8989|8|2|0|0|0|0
*|BlackBear:Boar:BrownBear:Cougar:Fox:GreatHart:Moose:GreyWolf:GrizzlyBearRiding:Hind:Jaguar:TimberWolf|Turkey:Bird:Bird:Bird:Bird:Eagle|||||6783|1435|53|2|1|2|25|25|8989|8|2|0|0|0|0
*|BlackBear:Boar:BrownBear:Cougar:Fox:GreatHart:Moose:GreyWolf:GrizzlyBearRiding:Hind:Jaguar:TimberWolf|Turkey:Bird:Bird:Bird:Bird:Eagle|||||6790|1558|53|2|1|2|28|28|8989|9|2|0|0|0|0
*|BlackBear:Boar:BrownBear:Cougar:Fox:GreatHart:Moose:GreyWolf:GrizzlyBearRiding:Hind:Jaguar:TimberWolf|Turkey:Bird:Bird:Bird:Bird:Eagle|||||6793|1517|53|2|1|2|18|18|8989|6|1|0|0|0|0
*|BlackBear:Boar:BrownBear:Cougar:Fox:GreatHart:Moose:GreyWolf:GrizzlyBearRiding:Hind:Jaguar:TimberWolf|Turkey:Bird:Bird:Bird:Bird:Eagle|||||6800|1593|53|2|1|2|13|13|8989|4|1|0|0|0|0
*|BlackBear:Boar:BrownBear:Cougar:Fox:GreatHart:Moose:GreyWolf:GrizzlyBearRiding:Hind:Jaguar:TimberWolf|Turkey:Bird:Bird:Bird:Bird:Eagle|||||6586|1960|53|2|1|2|25|25|8989|8|2|0|0|0|0
*|BlackBear:Boar:BrownBear:Cougar:Fox:GreatHart:Moose:GreyWolf:GrizzlyBearRiding:Hind:Jaguar:TimberWolf|Turkey:Bird:Bird:Bird:Bird:Eagle|||||6593|1915|53|2|1|2|24|24|8989|8|2|0|0|0|0
*|BlackBear:Boar:BrownBear:Cougar:Fox:GreatHart:Moose:GreyWolf:GrizzlyBearRiding:Hind:Jaguar:TimberWolf|Turkey:Bird:Bird:Bird:Bird:Eagle|||||6598|2004|53|2|1|2|25|25|8989|8|2|0|0|0|0
*|BlackBear:Boar:BrownBear:Cougar:Fox:GreatHart:Moose:GreyWolf:GrizzlyBearRiding:Hind:Jaguar:TimberWolf|Turkey:Bird:Bird:Bird:Bird:Eagle|||||6602|1545|53|2|1|2|21|21|8989|7|2|0|0|0|0
*|BlackBear:Boar:BrownBear:Cougar:Fox:GreatHart:Moose:GreyWolf:GrizzlyBearRiding:Hind:Jaguar:TimberWolf|Turkey:Bird:Bird:Bird:Bird:Eagle|||||6602|1584|53|2|1|2|21|21|8989|7|2|0|0|0|0
*|BlackBear:Boar:BrownBear:Cougar:Fox:GreatHart:Moose:GreyWolf:GrizzlyBearRiding:Hind:Jaguar:TimberWolf|Turkey:Bird:Bird:Bird:Bird:Eagle|||||6602|1620|53|2|1|2|21|21|8989|7|2|0|0|0|0
*|BlackBear:Boar:BrownBear:Cougar:Fox:GreatHart:Moose:GreyWolf:GrizzlyBearRiding:Hind:Jaguar:TimberWolf|Turkey:Bird:Bird:Bird:Bird:Eagle|||||6622|1503|53|2|1|2|28|28|8989|9|2|0|0|0|0
*|BlackBear:Boar:BrownBear:Cougar:Fox:GreatHart:Moose:GreyWolf:GrizzlyBearRiding:Hind:Jaguar:TimberWolf|Turkey:Bird:Bird:Bird:Bird:Eagle|||||6627|1370|53|2|1|2|24|24|8989|8|2|0|0|0|0
*|BlackBear:Boar:BrownBear:Cougar:Fox:GreatHart:Moose:GreyWolf:GrizzlyBearRiding:Hind:Jaguar:TimberWolf|Turkey:Bird:Bird:Bird:Bird:Eagle|||||6627|1415|53|2|1|2|23|23|8989|8|2|0|0|0|0
*|BlackBear:Boar:BrownBear:Cougar:Fox:GreatHart:Moose:GreyWolf:GrizzlyBearRiding:Hind:Jaguar:TimberWolf|Turkey:Bird:Bird:Bird:Bird:Eagle|||||6628|2034|53|2|1|2|25|25|8989|8|2|0|0|0|0
*|BlackBear:Boar:BrownBear:Cougar:Fox:GreatHart:Moose:GreyWolf:GrizzlyBearRiding:Hind:Jaguar:TimberWolf|Turkey:Bird:Bird:Bird:Bird:Eagle|||||6635|1534|53|2|1|2|11|11|8989|4|1|0|0|0|0
*|BlackBear:Boar:BrownBear:Cougar:Fox:GreatHart:Moose:GreyWolf:GrizzlyBearRiding:Hind:Jaguar:TimberWolf|Turkey:Bird:Bird:Bird:Bird:Eagle|||||6636|1875|53|2|1|2|16|16|8989|5|1|0|0|0|0
*|BlackBear:Boar:BrownBear:Cougar:Fox:GreatHart:Moose:GreyWolf:GrizzlyBearRiding:Hind:Jaguar:TimberWolf|Turkey:Bird:Bird:Bird:Bird:Eagle|||||6638|1639|53|2|1|2|22|22|8989|7|2|0|0|0|0
*|BlackBear:Boar:BrownBear:Cougar:Fox:GreatHart:Moose:GreyWolf:GrizzlyBearRiding:Hind:Jaguar:TimberWolf|Turkey:Bird:Bird:Bird:Bird:Eagle|||||6639|1456|53|2|1|2|24|24|8989|8|2|0|0|0|0
*|BlackBear:Boar:BrownBear:Cougar:Fox:GreatHart:Moose:GreyWolf:GrizzlyBearRiding:Hind:Jaguar:TimberWolf|Turkey:Bird:Bird:Bird:Bird:Eagle|||||6645|1325|53|2|1|2|27|27|8989|8|2|0|0|0|0
*|BlackBear:Boar:BrownBear:Cougar:Fox:GreatHart:Moose:GreyWolf:GrizzlyBearRiding:Hind:Jaguar:TimberWolf|Turkey:Bird:Bird:Bird:Bird:Eagle|||||6655|2069|53|2|1|2|25|25|8989|8|2|0|0|0|0
*|BlackBear:Boar:BrownBear:Cougar:Fox:GreatHart:Moose:GreyWolf:GrizzlyBearRiding:Hind:Jaguar:TimberWolf|Turkey:Bird:Bird:Bird:Bird:Eagle|||||6677|1634|53|2|1|2|20|20|8989|7|2|0|0|0|0
*|BlackBear:Boar:BrownBear:Cougar:Fox:GreatHart:Moose:GreyWolf:GrizzlyBearRiding:Hind:Jaguar:TimberWolf|Turkey:Bird:Bird:Bird:Bird:Eagle|||||6686|1297|53|2|1|2|26|26|8989|8|2|0|0|0|0
*|BlackBear:Boar:BrownBear:Cougar:Fox:GreatHart:Moose:GreyWolf:GrizzlyBearRiding:Hind:Jaguar:TimberWolf|Turkey:Bird:Bird:Bird:Bird:Eagle|||||6692|1914|53|2|1|2|31|31|8989|10|3|0|0|0|0
*|BlackBear:Boar:BrownBear:Cougar:Fox:GreatHart:Moose:GreyWolf:GrizzlyBearRiding:Hind:Jaguar:TimberWolf|Turkey:Bird:Bird:Bird:Bird:Eagle|||||6692|2091|53|2|1|2|25|25|8989|8|2|0|0|0|0
*|BlackBear:Boar:BrownBear:Cougar:Fox:GreatHart:Moose:GreyWolf:GrizzlyBearRiding:Hind:Jaguar:TimberWolf|Turkey:Bird:Bird:Bird:Bird:Eagle|||||6705|1963|53|2|1|2|25|25|8989|8|2|0|0|0|0
*|BlackBear:Boar:BrownBear:Cougar:Fox:GreatHart:Moose:GreyWolf:GrizzlyBearRiding:Hind:Jaguar:TimberWolf|Turkey:Bird:Bird:Bird:Bird:Eagle|||||6710|1614|53|2|1|2|22|22|8989|7|2|0|0|0|0
*|BlackBear:Boar:BrownBear:Cougar:Fox:GreatHart:Moose:GreyWolf:GrizzlyBearRiding:Hind:Jaguar:TimberWolf|Turkey:Bird:Bird:Bird:Bird:Eagle|||||6721|1332|53|2|1|2|28|28|8989|9|2|0|0|0|0
*|BlackBear:Boar:BrownBear:Cougar:Fox:GreatHart:Moose:GreyWolf:GrizzlyBearRiding:Hind:Jaguar:TimberWolf|Turkey:Bird:Bird:Bird:Bird:Eagle|||||6725|1561|53|2|1|2|38|38|8989|13|4|0|0|0|0
*|BlackBear:Boar:BrownBear:Cougar:Fox:GreatHart:Moose:GreyWolf:GrizzlyBearRiding:Hind:Jaguar:TimberWolf|Turkey:Bird:Bird:Bird:Bird:Eagle|||||6728|2101|53|2|1|2|13|13|8989|4|1|0|0|0|0
*|BlackBear:Boar:BrownBear:Cougar:Fox:GreatHart:Moose:GreyWolf:GrizzlyBearRiding:Hind:Jaguar:TimberWolf|Turkey:Bird:Bird:Bird:Bird:Eagle|||||6737|2065|53|2|1|2|27|27|8989|8|2|0|0|0|0
*|BlackBear:Boar:BrownBear:Cougar:Fox:GreatHart:Moose:GreyWolf:GrizzlyBearRiding:Hind:Jaguar:TimberWolf|Turkey:Bird:Bird:Bird:Bird:Eagle|||||6747|1364|53|2|1|2|23|23|8989|8|2|0|0|0|0
*|BlackBear:Boar:BrownBear:Cougar:Fox:GreatHart:Moose:GreyWolf:GrizzlyBearRiding:Hind:Jaguar:TimberWolf|Turkey:Bird:Bird:Bird:Bird:Eagle|||||6747|2003|53|2|1|2|39|39|8989|13|4|0|0|0|0
*|BlackBear:Boar:BrownBear:Cougar:Fox:GreatHart:Moose:GreyWolf:GrizzlyBearRiding:Hind:Jaguar:TimberWolf|Turkey:Bird:Bird:Bird:Bird:Eagle|||||6752|1933|53|2|1|2|33|33|8989|11|3|0|0|0|0
*|BlackBear:Boar:BrownBear:Cougar:Fox:GreatHart:Moose:GreyWolf:GrizzlyBearRiding:Hind:Jaguar:TimberWolf|Turkey:Bird:Bird:Bird:Bird:Eagle|||||6760|1521|53|2|1|2|19|19|8989|6|1|0|0|0|0
*|BlackBear:Boar:BrownBear:Cougar:Fox:GreatHart:Moose:GreyWolf:GrizzlyBearRiding:Hind:Jaguar:TimberWolf|Turkey:Bird:Bird:Bird:Bird:Eagle|||||6764|1593|53|2|1|2|17|17|8989|5|1|0|0|0|0
*|BlackBear:Boar:BrownBear:Cougar:Fox:GreatHart:Moose:GreyWolf:GrizzlyBearRiding:Hind:Jaguar:TimberWolf|Turkey:Bird:Bird:Bird:Bird:Eagle|||||6772|2046|53|2|1|2|13|13|8989|4|1|0|0|0|0
*|BlackBear:Boar:BrownBear:Cougar:Fox:GreatHart:Moose:GreyWolf:GrizzlyBearRiding:Hind:Jaguar:TimberWolf|Turkey:Bird:Bird:Bird:Bird:Eagle|||||6773|1479|53|2|1|2|28|28|8989|9|2|0|0|0|0
*|BrownBear:Elephant:Fox:Goat:Gazelle:Moose:Ostrich:Cheetah:Hyena:Giraffe:MountainGoat:ZebraRiding|Bird:Bird:Bird:Bird:Eagle:Hawk|||||6543|1503|53|2|1|2|42|42|8989|14|4|0|0|0|0
*|BrownBear:Elephant:Fox:Goat:Gazelle:Moose:Ostrich:Cheetah:Hyena:Giraffe:MountainGoat:ZebraRiding|Bird:Bird:Bird:Bird:Eagle:Hawk|||||6544|1903|53|2|1|2|26|26|8989|9|2|0|0|0|0
*|BrownBear:Elephant:Fox:Goat:Gazelle:Moose:Ostrich:Cheetah:Hyena:Giraffe:MountainGoat:ZebraRiding|Bird:Bird:Bird:Bird:Eagle:Hawk|||||6544|1945|53|2|1|2|20|20|8989|7|2|0|0|0|0
*|BrownBear:Elephant:Fox:Goat:Gazelle:Moose:Ostrich:Cheetah:Hyena:Giraffe:MountainGoat:ZebraRiding|Bird:Bird:Bird:Bird:Eagle:Hawk|||||6544|1978|53|2|1|2|17|17|8989|5|1|0|0|0|0
*|BrownBear:Elephant:Fox:Goat:Gazelle:Moose:Ostrich:Cheetah:Hyena:Giraffe:MountainGoat:ZebraRiding|Bird:Bird:Bird:Bird:Eagle:Hawk|||||6545|1581|53|2|1|2|38|38|8989|13|4|0|0|0|0
*|BrownBear:Elephant:Fox:Goat:Gazelle:Moose:Ostrich:Cheetah:Hyena:Giraffe:MountainGoat:ZebraRiding|Bird:Bird:Bird:Bird:Eagle:Hawk|||||6547|1780|53|2|1|2|41|41|8989|14|4|0|0|0|0
*|BrownBear:Elephant:Fox:Goat:Gazelle:Moose:Ostrich:Cheetah:Hyena:Giraffe:MountainGoat:ZebraRiding|Bird:Bird:Bird:Bird:Eagle:Hawk|||||6554|1643|53|2|1|2|30|30|8989|10|3|0|0|0|0
*|BrownBear:Elephant:Fox:Goat:Gazelle:Moose:Ostrich:Cheetah:Hyena:Giraffe:MountainGoat:ZebraRiding|Bird:Bird:Bird:Bird:Eagle:Hawk|||||6554|1706|53|2|1|2|38|38|8989|13|4|0|0|0|0
*|BrownBear:Elephant:Fox:Goat:Gazelle:Moose:Ostrich:Cheetah:Hyena:Giraffe:MountainGoat:ZebraRiding|Bird:Bird:Bird:Bird:Eagle:Hawk|||||6554|2011|53|2|1|2|21|21|8989|7|2|0|0|0|0
*|BrownBear:Elephant:Fox:Goat:Gazelle:Moose:Ostrich:Cheetah:Hyena:Giraffe:MountainGoat:ZebraRiding|Bird:Bird:Bird:Bird:Eagle:Hawk|||||6563|1430|53|2|1|2|49|49|8989|14|4|0|0|0|0
*|BrownBear:Elephant:Fox:Goat:Gazelle:Moose:Ostrich:Cheetah:Hyena:Giraffe:MountainGoat:ZebraRiding|Bird:Bird:Bird:Bird:Eagle:Hawk|||||6573|1353|53|2|1|2|35|35|8989|11|3|0|0|0|0
*|BrownBear:Elephant:Fox:Goat:Gazelle:Moose:Ostrich:Cheetah:Hyena:Giraffe:MountainGoat:ZebraRiding|Bird:Bird:Bird:Bird:Eagle:Hawk|||||6573|2066|53|2|1|2|40|40|8989|13|4|0|0|0|0
*|BrownBear:Elephant:Fox:Goat:Gazelle:Moose:Ostrich:Cheetah:Hyena:Giraffe:MountainGoat:ZebraRiding|Bird:Bird:Bird:Bird:Eagle:Hawk|||||6800|2333|53|2|1|2|20|20|8989|7|2|0|0|0|0
*|BrownBear:Elephant:Fox:Goat:Gazelle:Moose:Ostrich:Cheetah:Hyena:Giraffe:MountainGoat:ZebraRiding|Bird:Bird:Bird:Bird:Eagle:Hawk|||||6584|1268|53|2|1|2|55|55|8989|18|5|0|0|0|0
*|BrownBear:Elephant:Fox:Goat:Gazelle:Moose:Ostrich:Cheetah:Hyena:Giraffe:MountainGoat:ZebraRiding|Bird:Bird:Bird:Bird:Eagle:Hawk|||||6802|2032|53|2|1|2|16|16|8989|5|1|0|0|0|0
*|BrownBear:Elephant:Fox:Goat:Gazelle:Moose:Ostrich:Cheetah:Hyena:Giraffe:MountainGoat:ZebraRiding|Bird:Bird:Bird:Bird:Eagle:Hawk|||||6586|1831|53|2|1|2|22|22|8989|7|2|0|0|0|0
*|BrownBear:Elephant:Fox:Goat:Gazelle:Moose:Ostrich:Cheetah:Hyena:Giraffe:MountainGoat:ZebraRiding|Bird:Bird:Bird:Bird:Eagle:Hawk|||||6805|1263|53|2|1|2|35|35|8989|11|3|0|0|0|0
*|BrownBear:Elephant:Fox:Goat:Gazelle:Moose:Ostrich:Cheetah:Hyena:Giraffe:MountainGoat:ZebraRiding|Bird:Bird:Bird:Bird:Eagle:Hawk|||||6594|2187|53|2|1|2|78|78|8989|25|8|0|0|0|0
*|BrownBear:Elephant:Fox:Goat:Gazelle:Moose:Ostrich:Cheetah:Hyena:Giraffe:MountainGoat:ZebraRiding|Bird:Bird:Bird:Bird:Eagle:Hawk|||||6605|1086|53|2|1|2|21|21|8989|7|2|0|0|0|0
*|BrownBear:Elephant:Fox:Goat:Gazelle:Moose:Ostrich:Cheetah:Hyena:Giraffe:MountainGoat:ZebraRiding|Bird:Bird:Bird:Bird:Eagle:Hawk|||||6609|2279|53|2|1|2|25|25|8989|9|2|0|0|0|0
*|BrownBear:Elephant:Fox:Goat:Gazelle:Moose:Ostrich:Cheetah:Hyena:Giraffe:MountainGoat:ZebraRiding|Bird:Bird:Bird:Bird:Eagle:Hawk|||||6616|1123|53|2|1|2|22|22|8989|7|2|0|0|0|0
*|BrownBear:Elephant:Fox:Goat:Gazelle:Moose:Ostrich:Cheetah:Hyena:Giraffe:MountainGoat:ZebraRiding|Bird:Bird:Bird:Bird:Eagle:Hawk|||||6621|2097|53|2|1|2|21|21|8989|7|2|0|0|0|0
*|BrownBear:Elephant:Fox:Goat:Gazelle:Moose:Ostrich:Cheetah:Hyena:Giraffe:MountainGoat:ZebraRiding|Bird:Bird:Bird:Bird:Eagle:Hawk|||||6822|2307|53|2|1|2|12|12|8989|2|0|0|0|0|0
*|BrownBear:Elephant:Fox:Goat:Gazelle:Moose:Ostrich:Cheetah:Hyena:Giraffe:MountainGoat:ZebraRiding|Bird:Bird:Bird:Bird:Eagle:Hawk|||||6631|1160|53|2|1|2|23|23|8989|8|2|0|0|0|0
*|BrownBear:Elephant:Fox:Goat:Gazelle:Moose:Ostrich:Cheetah:Hyena:Giraffe:MountainGoat:ZebraRiding|Bird:Bird:Bird:Bird:Eagle:Hawk|||||6834|1342|53|2|1|2|52|52|8989|17|5|0|0|0|0
*|BrownBear:Elephant:Fox:Goat:Gazelle:Moose:Ostrich:Cheetah:Hyena:Giraffe:MountainGoat:ZebraRiding|Bird:Bird:Bird:Bird:Eagle:Hawk|||||6649|1224|53|2|1|2|48|48|8989|14|4|0|0|0|0
*|BrownBear:Elephant:Fox:Goat:Gazelle:Moose:Ostrich:Cheetah:Hyena:Giraffe:MountainGoat:ZebraRiding|Bird:Bird:Bird:Bird:Eagle:Hawk|||||6650|2276|53|2|1|2|15|15|8989|4|1|0|0|0|0
*|BrownBear:Elephant:Fox:Goat:Gazelle:Moose:Ostrich:Cheetah:Hyena:Giraffe:MountainGoat:ZebraRiding|Bird:Bird:Bird:Bird:Eagle:Hawk|||||6657|2122|53|2|1|2|18|18|8989|5|1|0|0|0|0
*|BrownBear:Elephant:Fox:Goat:Gazelle:Moose:Ostrich:Cheetah:Hyena:Giraffe:MountainGoat:ZebraRiding|Bird:Bird:Bird:Bird:Eagle:Hawk|||||6846|2307|53|2|1|2|12|12|8989|2|0|0|0|0|0
*|BrownBear:Elephant:Fox:Goat:Gazelle:Moose:Ostrich:Cheetah:Hyena:Giraffe:MountainGoat:ZebraRiding|Bird:Bird:Bird:Bird:Eagle:Hawk|||||6850|2134|53|2|1|2|99|99|8989|33|10|0|0|0|0
*|BrownBear:Elephant:Fox:Goat:Gazelle:Moose:Ostrich:Cheetah:Hyena:Giraffe:MountainGoat:ZebraRiding|Bird:Bird:Bird:Bird:Eagle:Hawk|||||6854|1959|53|2|1|2|74|74|8989|25|8|0|0|0|0
*|BrownBear:Elephant:Fox:Goat:Gazelle:Moose:Ostrich:Cheetah:Hyena:Giraffe:MountainGoat:ZebraRiding|Bird:Bird:Bird:Bird:Eagle:Hawk|||||6676|2279|53|2|1|2|11|11|8989|2|0|0|0|0|0
*|BrownBear:Elephant:Fox:Goat:Gazelle:Moose:Ostrich:Cheetah:Hyena:Giraffe:MountainGoat:ZebraRiding|Bird:Bird:Bird:Bird:Eagle:Hawk|||||6865|1836|53|2|1|2|33|33|8989|11|3|0|0|0|0
*|BrownBear:Elephant:Fox:Goat:Gazelle:Moose:Ostrich:Cheetah:Hyena:Giraffe:MountainGoat:ZebraRiding|Bird:Bird:Bird:Bird:Eagle:Hawk|||||6698|1186|53|2|1|2|20|20|8989|7|2|0|0|0|0
*|BrownBear:Elephant:Fox:Goat:Gazelle:Moose:Ostrich:Cheetah:Hyena:Giraffe:MountainGoat:ZebraRiding|Bird:Bird:Bird:Bird:Eagle:Hawk|||||6700|2287|53|2|1|2|13|13|8989|3|0|0|0|0|0
*|BrownBear:Elephant:Fox:Goat:Gazelle:Moose:Ostrich:Cheetah:Hyena:Giraffe:MountainGoat:ZebraRiding|Bird:Bird:Bird:Bird:Eagle:Hawk|||||6868|1449|53|2|1|2|68|68|8989|23|7|0|0|0|0
*|BrownBear:Elephant:Fox:Goat:Gazelle:Moose:Ostrich:Cheetah:Hyena:Giraffe:MountainGoat:ZebraRiding|Bird:Bird:Bird:Bird:Eagle:Hawk|||||6868|1757|53|2|1|2|51|51|8989|17|5|0|0|0|0
*|BrownBear:Elephant:Fox:Goat:Gazelle:Moose:Ostrich:Cheetah:Hyena:Giraffe:MountainGoat:ZebraRiding|Bird:Bird:Bird:Bird:Eagle:Hawk|||||6869|2311|53|2|1|2|11|11|8989|2|0|0|0|0|0
*|BrownBear:Elephant:Fox:Goat:Gazelle:Moose:Ostrich:Cheetah:Hyena:Giraffe:MountainGoat:ZebraRiding|Bird:Bird:Bird:Bird:Eagle:Hawk|||||6871|1680|53|2|1|2|30|30|8989|10|3|0|0|0|0
*|BrownBear:Elephant:Fox:Goat:Gazelle:Moose:Ostrich:Cheetah:Hyena:Giraffe:MountainGoat:ZebraRiding|Bird:Bird:Bird:Bird:Eagle:Hawk|||||6711|2169|53|2|1|2|53|53|8989|17|5|0|0|0|0
*|BrownBear:Elephant:Fox:Goat:Gazelle:Moose:Ostrich:Cheetah:Hyena:Giraffe:MountainGoat:ZebraRiding|Bird:Bird:Bird:Bird:Eagle:Hawk|||||6714|1152|53|2|1|2|21|21|8989|7|2|0|0|0|0
*|BrownBear:Elephant:Fox:Goat:Gazelle:Moose:Ostrich:Cheetah:Hyena:Giraffe:MountainGoat:ZebraRiding|Bird:Bird:Bird:Bird:Eagle:Hawk|||||6880|1586|53|2|1|2|74|74|8989|25|8|0|0|0|0
*|BrownBear:Elephant:Fox:Goat:Gazelle:Moose:Ostrich:Cheetah:Hyena:Giraffe:MountainGoat:ZebraRiding|Bird:Bird:Bird:Bird:Eagle:Hawk|||||6718|2303|53|2|1|2|10|10|8989|2|0|0|0|0|0
*|BrownBear:Elephant:Fox:Goat:Gazelle:Moose:Ostrich:Cheetah:Hyena:Giraffe:MountainGoat:ZebraRiding|Bird:Bird:Bird:Bird:Eagle:Hawk|||||6894|2326|53|2|1|2|17|17|8989|5|1|0|0|0|0
*|BrownBear:Elephant:Fox:Goat:Gazelle:Moose:Ostrich:Cheetah:Hyena:Giraffe:MountainGoat:ZebraRiding|Bird:Bird:Bird:Bird:Eagle:Hawk|||||6896|1374|53|2|1|2|18|18|8989|5|1|0|0|0|0
*|BrownBear:Elephant:Fox:Goat:Gazelle:Moose:Ostrich:Cheetah:Hyena:Giraffe:MountainGoat:ZebraRiding|Bird:Bird:Bird:Bird:Eagle:Hawk|||||6729|1182|53|2|1|2|13|13|8989|3|0|0|0|0|0
*|BrownBear:Elephant:Fox:Goat:Gazelle:Moose:Ostrich:Cheetah:Hyena:Giraffe:MountainGoat:ZebraRiding|Bird:Bird:Bird:Bird:Eagle:Hawk|||||6733|1242|53|2|1|2|47|47|8989|14|4|0|0|0|0
*|BrownBear:Elephant:Fox:Goat:Gazelle:Moose:Ostrich:Cheetah:Hyena:Giraffe:MountainGoat:ZebraRiding|Bird:Bird:Bird:Bird:Eagle:Hawk|||||6901|2034|53|2|1|2|16|16|8989|5|1|0|0|0|0
*|BrownBear:Elephant:Fox:Goat:Gazelle:Moose:Ostrich:Cheetah:Hyena:Giraffe:MountainGoat:ZebraRiding|Bird:Bird:Bird:Bird:Eagle:Hawk|||||6738|2313|53|2|1|2|12|12|8989|2|0|0|0|0|0
*|BrownBear:Elephant:Fox:Goat:Gazelle:Moose:Ostrich:Cheetah:Hyena:Giraffe:MountainGoat:ZebraRiding|Bird:Bird:Bird:Bird:Eagle:Hawk|||||6915|1670|53|2|1|2|18|18|8989|5|1|0|0|0|0
*|BrownBear:Elephant:Fox:Goat:Gazelle:Moose:Ostrich:Cheetah:Hyena:Giraffe:MountainGoat:ZebraRiding|Bird:Bird:Bird:Bird:Eagle:Hawk|||||6919|2261|53|2|1|2|12|12|8989|2|0|0|0|0|0
*|BrownBear:Elephant:Fox:Goat:Gazelle:Moose:Ostrich:Cheetah:Hyena:Giraffe:MountainGoat:ZebraRiding|Bird:Bird:Bird:Bird:Eagle:Hawk|||||6761|2332|53|2|1|2|19|19|8989|5|1|0|0|0|0
*|BrownBear:Elephant:Fox:Goat:Gazelle:Moose:Ostrich:Cheetah:Hyena:Giraffe:MountainGoat:ZebraRiding|Bird:Bird:Bird:Bird:Eagle:Hawk|||||6515|1736|53|2|1|2|17|17|8989|5|1|0|0|0|0
*|BrownBear:Elephant:Fox:Goat:Gazelle:Moose:Ostrich:Cheetah:Hyena:Giraffe:MountainGoat:ZebraRiding|Bird:Bird:Bird:Bird:Eagle:Hawk|||||6764|1306|53|2|1|2|26|26|8989|9|2|0|0|0|0
*|BrownBear:Elephant:Fox:Goat:Gazelle:Moose:Ostrich:Cheetah:Hyena:Giraffe:MountainGoat:ZebraRiding|Bird:Bird:Bird:Bird:Eagle:Hawk|||||6923|2239|53|2|1|2|10|10|8989|2|0|0|0|0|0
*|BrownBear:Elephant:Fox:Goat:Gazelle:Moose:Ostrich:Cheetah:Hyena:Giraffe:MountainGoat:ZebraRiding|Bird:Bird:Bird:Bird:Eagle:Hawk|||||6924|2288|53|2|1|2|14|14|8989|4|1|0|0|0|0
*|BrownBear:Elephant:Fox:Goat:Gazelle:Moose:Ostrich:Cheetah:Hyena:Giraffe:MountainGoat:ZebraRiding|Bird:Bird:Bird:Bird:Eagle:Hawk|||||6522|2017|53|2|1|2|30|30|8989|10|3|0|0|0|0
*|BrownBear:Elephant:Fox:Goat:Gazelle:Moose:Ostrich:Cheetah:Hyena:Giraffe:MountainGoat:ZebraRiding|Bird:Bird:Bird:Bird:Eagle:Hawk|||||6928|2212|53|2|1|2|17|17|8989|5|1|0|0|0|0
*|BrownBear:Elephant:Fox:Goat:Gazelle:Moose:Ostrich:Cheetah:Hyena:Giraffe:MountainGoat:ZebraRiding|Bird:Bird:Bird:Bird:Eagle:Hawk|||||6928|2314|53|2|1|2|21|21|8989|7|2|0|0|0|0
*|BrownBear:Elephant:Fox:Goat:Gazelle:Moose:Ostrich:Cheetah:Hyena:Giraffe:MountainGoat:ZebraRiding|Bird:Bird:Bird:Bird:Eagle:Hawk|||||6533|1848|53|2|1|2|34|34|8989|11|3|0|0|0|0
*|BrownBear:Elephant:Fox:Goat:Gazelle:Moose:Ostrich:Cheetah:Hyena:Giraffe:MountainGoat:ZebraRiding|Bird:Bird:Bird:Bird:Eagle:Hawk|||||6941|1507|53|2|1|2|29|29|8989|10|3|0|0|0|0
*|Boar:Gorilla:Monkey:PandaRiding:Panther:Toad|TropicalBird:TropicalBird:TropicalBird:Crane|||||1222|3761|23|2|1|2|102|102|8989|34|11|0|0|0|0
*|Boar:Gorilla:Monkey:PandaRiding:Panther:Toad|TropicalBird:TropicalBird:TropicalBird:Crane|||||1250|3906|23|2|1|2|54|54|8989|18|5|0|0|0|0
*|Boar:Gorilla:Monkey:PandaRiding:Panther:Toad|TropicalBird:TropicalBird:TropicalBird:Crane|||||1326|3929|23|2|1|2|46|46|8989|15|4|0|0|0|0
*|Boar:Gorilla:Monkey:PandaRiding:Panther:Toad|TropicalBird:TropicalBird:TropicalBird:Crane|||||1352|3808|23|2|1|2|33|33|8989|11|3|0|0|0|0
*|Boar:Gorilla:Monkey:PandaRiding:Panther:Toad|TropicalBird:TropicalBird:TropicalBird:Crane|||||1382|3861|23|2|1|2|37|37|8989|12|3|0|0|0|0
*|Boar:Gorilla:Monkey:PandaRiding:Panther:Toad|TropicalBird:TropicalBird:TropicalBird:Crane|||||1421|3957|23|2|1|2|68|68|8989|23|7|0|0|0|0
*|Boar:Gorilla:Monkey:PandaRiding:Panther:Toad|TropicalBird:TropicalBird:TropicalBird:Crane|||||1460|3854|23|2|1|2|44|44|8989|15|4|0|0|0|0
*|Boar:Gorilla:Monkey:PandaRiding:Panther:Toad|TropicalBird:TropicalBird:TropicalBird:Crane|||||1520|3817|23|2|1|2|30|30|8989|10|3|0|0|0|0
*|Boar:Gorilla:Monkey:PandaRiding:Panther:Toad|TropicalBird:TropicalBird:TropicalBird:Crane|||||1601|3843|23|2|1|2|52|52|8989|17|5|0|0|0|0
*|Boar:Gorilla:Monkey:PandaRiding:Panther:Toad|TropicalBird:TropicalBird:TropicalBird:Crane|||||1603|3940|23|2|1|2|38|38|8989|13|4|0|0|0|0
*|Boar:Gorilla:Monkey:PandaRiding:Panther:Toad|TropicalBird:TropicalBird:TropicalBird:Crane|||||1160|3870|23|2|1|2|42|42|8989|14|4|0|0|0|0
*|Boar:Gorilla:Monkey:PandaRiding:Panther:Toad|TropicalBird:TropicalBird:TropicalBird:Crane|||||1970|3472|53|2|1|2|23|23|8989|3|0|0|0|0|0
*|Boar:Gorilla:Monkey:PandaRiding:Panther:Toad|TropicalBird:TropicalBird:TropicalBird:Crane|||||2020|3505|23|2|1|2|35|35|8989|12|3|0|0|0|0
*|Boar:Gorilla:Monkey:PandaRiding:Panther:Toad|TropicalBird:TropicalBird:TropicalBird:Crane|||||1295|3331|23|2|1|2|53|53|8989|18|5|0|0|0|0
*|Boar:Gorilla:Monkey:PandaRiding:Panther:Toad|TropicalBird:TropicalBird:TropicalBird:Crane|||||1388|3369|23|2|1|2|47|47|8989|16|5|0|0|0|0
*|Boar:Gorilla:Monkey:PandaRiding:Panther:Toad|TropicalBird:TropicalBird:TropicalBird:Crane|||||1482|3444|23|2|1|2|86|86|8989|29|9|0|0|0|0
*|Boar:Gorilla:Monkey:PandaRiding:Panther:Toad|TropicalBird:TropicalBird:TropicalBird:Crane|||||1604|3365|23|2|1|2|64|64|8989|21|6|0|0|0|0
*|Boar:Gorilla:Monkey:PandaRiding:Panther:Toad|TropicalBird:TropicalBird:TropicalBird:Crane|||||1619|3533|23|2|1|2|104|104|8989|35|11|0|0|0|0
*|Boar:Gorilla:Monkey:PandaRiding:Panther:Toad|TropicalBird:TropicalBird:TropicalBird:Crane|||||1761|3375|23|2|1|2|31|31|8989|10|3|0|0|0|0
*|Boar:Gorilla:Monkey:PandaRiding:Panther:Toad|TropicalBird:TropicalBird:TropicalBird:Crane|||||1779|3685|23|2|1|2|187|187|8989|62|20|0|0|0|0
*|Boar:Gorilla:Monkey:PandaRiding:Panther:Toad|TropicalBird:TropicalBird:TropicalBird:Crane|||||1793|3277|23|2|1|2|35|35|8989|12|3|0|0|0|0
*|Boar:Gorilla:Monkey:PandaRiding:Panther:Toad|TropicalBird:TropicalBird:TropicalBird:Crane|||||1065|3424|23|2|1|2|148|148|8989|49|16|0|0|0|0
*|Boar:Gorilla:Monkey:PandaRiding:Panther:Toad|TropicalBird:TropicalBird:TropicalBird:Crane|||||1875|3481|23|2|1|2|39|39|8989|13|4|0|0|0|0
*|Boar:Gorilla:Monkey:PandaRiding:Panther:Toad|TropicalBird:TropicalBird:TropicalBird:Crane|||||1159|3613|23|2|1|2|83|83|8989|28|9|0|0|0|0
*|Boar:Gorilla:Monkey:PandaRiding:Panther:Toad|TropicalBird:TropicalBird:TropicalBird:Crane|||||1177|3290|23|2|1|2|70|70|8989|23|7|0|0|0|0
*|Boar:Gorilla:Monkey:PandaRiding:Panther:Toad|TropicalBird:TropicalBird:TropicalBird:Crane|||||1991|3329|23|2|1|2|24|24|8989|8|2|0|0|0|0
*|Boar:Bull:BlackBear:GreatHart:Moose:Turtle:Frog:Rat|Crane:SwampBird:SwampBird|||||1841|3350|53|2|1|2|28|28|8989|3|0|0|0|0|0
*|Boar:Bull:BlackBear:GreatHart:Moose:Turtle:Frog:Rat|Crane:SwampBird:SwampBird|||||1890|3374|53|2|1|2|30|30|8989|4|1|0|0|0|0
*|Boar:Bull:BlackBear:GreatHart:Moose:Turtle:Frog:Rat|Crane:SwampBird:SwampBird|||||1933|3432|53|2|1|2|37|37|8989|4|1|0|0|0|0
*|Boar:Bull:BlackBear:GreatHart:Moose:Turtle:Frog:Rat|Crane:SwampBird:SwampBird|||||1947|3372|53|2|1|2|34|34|8989|4|1|0|0|0|0
