#######################################
##          Savage Empire            ##
#######################################
*|SabreclawCub:SwampGator:SabretoothCub:GiantSnake:Reptaur:Frog:Toad||||||650|954|17|6|5|10|250|250|1|123|0|0|0|0|0
*|Jackal:Weasel:JackRabbit:Bobcat:Antelope|Hawk:DesertBird:DesertBird|||||544|596|23|6|1|2|114|114|8989|34|11|0|0|0|0
*|Jackal:Weasel:JackRabbit:Bobcat:Antelope|Hawk:DesertBird:DesertBird|||||331|1336|23|6|1|2|36|36|8989|7|2|0|0|0|0
*|Jackal:Weasel:JackRabbit:Bobcat:Antelope|Hawk:DesertBird:DesertBird|||||336|1401|23|6|1|2|13|13|8989|3|0|0|0|0|0
*|Jackal:Weasel:JackRabbit:Bobcat:Antelope|Hawk:DesertBird:DesertBird|||||372|1392|23|6|1|2|10|10|8989|2|0|0|0|0|0
*|Jackal:Weasel:JackRabbit:Bobcat:Antelope|Hawk:DesertBird:DesertBird|||||377|245|23|6|1|2|83|83|8989|17|5|0|0|0|0
*|Jackal:Weasel:JackRabbit:Bobcat:Antelope|Hawk:DesertBird:DesertBird|||||378|1351|23|6|1|2|10|10|8989|2|0|0|0|0|0
*|Jackal:Weasel:JackRabbit:Bobcat:Antelope|Hawk:DesertBird:DesertBird|||||619|387|23|6|1|2|220|220|8989|44|14|0|0|0|0
*|Jackal:Weasel:JackRabbit:Bobcat:Antelope|Hawk:DesertBird:DesertBird|||||289|1361|23|6|1|2|18|18|8989|4|1|0|0|0|0
*|Jackal:Weasel:JackRabbit:Bobcat:Antelope|Hawk:DesertBird:DesertBird|||||780|622|40|6|1|2|118|118|8989|35|11|0|0|0|0
*|GreatHart:MountainGoat:Hind:Worg:Ridgeback|Bird:Bird:Bird:Bird:Eagle|||||510|1355|23|6|1|2|141|141|8989|61|20|0|0|0|0
*|GreatHart:MountainGoat:Hind:Worg:Ridgeback|Bird:Bird:Bird:Bird:Eagle|||||697|1282|23|6|1|2|58|58|8989|25|8|0|0|0|0
*|GreatHart:MountainGoat:Hind:Worg:Ridgeback|Bird:Bird:Bird:Bird:Eagle|||||230|934|23|6|1|2|108|108|8989|47|15|0|0|0|0
*|GreatHart:MountainGoat:Hind:Worg:Ridgeback|Bird:Bird:Bird:Bird:Eagle|||||353|1456|23|6|1|2|57|57|8989|25|8|0|0|0|0
*|GreatHart:MountainGoat:Hind:Worg:Ridgeback|Bird:Bird:Bird:Bird:Eagle|||||900|1544|23|6|1|2|276|276|8989|120|39|0|0|0|0
*|GreatHart:MountainGoat:Hind:Worg:Ridgeback|Bird:Bird:Bird:Bird:Eagle|||||260|1540|23|6|1|2|89|89|8989|39|12|0|0|0|0
*|GreatHart:MountainGoat:Hind:Worg:Ridgeback|Bird:Bird:Bird:Bird:Eagle|||||279|1178|23|6|1|2|125|125|8989|54|17|0|0|0|0
*|GreatHart:MountainGoat:Hind:Worg:Ridgeback|Bird:Bird:Bird:Bird:Eagle|||||186|1435|23|6|1|2|29|29|8989|13|4|0|0|0|0
*|GreatHart:MountainGoat:Hind:Worg:Ridgeback|Bird:Bird:Bird:Bird:Eagle|||||500|1653|23|6|1|2|157|157|8989|68|22|0|0|0|0
*|BullradonRiding:Gorilla:Monkey:Panther:Ridgeback:Toad|TropicalBird:TropicalBird:TropicalBird:Crane|||||563|742|23|6|1|2|42|42|8989|18|5|0|0|0|0
*|BullradonRiding:Gorilla:Monkey:Panther:Ridgeback:Toad|TropicalBird:TropicalBird:TropicalBird:Crane|||||568|965|23|6|1|2|87|87|8989|38|12|0|0|0|0
*|BullradonRiding:Gorilla:Monkey:Panther:Ridgeback:Toad|TropicalBird:TropicalBird:TropicalBird:Crane|||||588|835|23|6|1|2|63|63|8989|27|8|0|0|0|0
*|BullradonRiding:Gorilla:Monkey:Panther:Ridgeback:Toad|TropicalBird:TropicalBird:TropicalBird:Crane|||||359|825|23|6|1|2|43|43|8989|19|6|0|0|0|0
*|BullradonRiding:Gorilla:Monkey:Panther:Ridgeback:Toad|TropicalBird:TropicalBird:TropicalBird:Crane|||||955|998|23|6|1|2|48|48|8989|21|6|0|0|0|0
*|BullradonRiding:Gorilla:Monkey:Panther:Ridgeback:Toad|TropicalBird:TropicalBird:TropicalBird:Crane|||||745|767|23|6|1|2|30|30|8989|13|4|0|0|0|0
*|BullradonRiding:Gorilla:Monkey:Panther:Ridgeback:Toad|TropicalBird:TropicalBird:TropicalBird:Crane|||||749|1147|23|6|1|2|139|139|8989|60|19|0|0|0|0
*|BullradonRiding:Gorilla:Monkey:Panther:Ridgeback:Toad|TropicalBird:TropicalBird:TropicalBird:Crane|||||473|1119|23|6|1|2|103|103|8989|45|14|0|0|0|0
*|BullradonRiding:Gorilla:Monkey:Panther:Ridgeback:Toad|TropicalBird:TropicalBird:TropicalBird:Crane|||||1062|634|23|6|1|2|137|137|8989|59|19|0|0|0|0
*|BullradonRiding:Gorilla:Monkey:Panther:Ridgeback:Toad|TropicalBird:TropicalBird:TropicalBird:Crane|||||482|751|23|6|1|2|44|44|8989|19|6|0|0|0|0
*|BullradonRiding:Gorilla:Monkey:Panther:Ridgeback:Toad|TropicalBird:TropicalBird:TropicalBird:Crane|||||1077|970|23|6|1|2|66|66|8989|29|9|0|0|0|0
*|BullradonRiding:Gorilla:Monkey:Panther:Ridgeback:Toad|TropicalBird:TropicalBird:TropicalBird:Crane|||||665|758|23|6|1|2|41|41|8989|18|5|0|0|0|0
*|BullradonRiding:Gorilla:Monkey:Panther:Ridgeback:Toad|TropicalBird:TropicalBird:TropicalBird:Crane|||||416|941|23|6|1|2|57|57|8989|25|8|0|0|0|0
*|Ramadon:Mammoth:PolarBear:SnowLeopard:Walrus:Penguin:GreatHart:Moose:WhiteRabbit|Hawk|||||1123|139|23|6|1|2|34|34|8989|8|2|0|0|0|0
*|Ramadon:Mammoth:PolarBear:SnowLeopard:Walrus:Penguin:GreatHart:Moose:WhiteRabbit|Hawk|||||536|67|23|6|1|2|58|58|8989|13|4|0|0|0|0
*|Ramadon:Mammoth:PolarBear:SnowLeopard:Walrus:Penguin:GreatHart:Moose:WhiteRabbit|Hawk|||||253|35|23|6|1|2|21|21|8989|5|1|0|0|0|0
*|Ramadon:Mammoth:PolarBear:SnowLeopard:Walrus:Penguin:GreatHart:Moose:WhiteRabbit|Hawk|||||923|65|23|6|1|2|59|59|8989|13|4|0|0|0|0
*|Ramadon:Mammoth:PolarBear:SnowLeopard:Walrus:Penguin:GreatHart:Moose:WhiteRabbit|Hawk|||||373|45|23|6|1|2|32|32|8989|7|2|0|0|0|0
*|Ramadon:Mammoth:PolarBear:SnowLeopard:Walrus:Penguin:GreatHart:Moose:WhiteRabbit|Hawk|||||832|51|23|6|1|2|49|49|8989|11|3|0|0|0|0
*|Ramadon:Mammoth:PolarBear:SnowLeopard:Walrus:Penguin:GreatHart:Moose:WhiteRabbit|Hawk|||||453|55|23|6|1|2|55|55|8989|12|3|0|0|0|0
*|Ramadon:Mammoth:PolarBear:SnowLeopard:Walrus:Penguin:GreatHart:Moose:WhiteRabbit|Hawk|||||1030|88|23|6|1|2|74|74|8989|17|5|0|0|0|0
*|Ramadon:Mammoth:PolarBear:SnowLeopard:Walrus:Penguin:GreatHart:Moose:WhiteRabbit|Hawk|||||312|32|23|6|1|2|27|27|8989|6|1|0|0|0|0
*|Ramadon:Mammoth:PolarBear:SnowLeopard:Walrus:Penguin:GreatHart:Moose:WhiteRabbit|Hawk|||||188|66|23|6|1|2|55|55|8989|12|3|0|0|0|0
*|Ramadon:Mammoth:PolarBear:SnowLeopard:Walrus:Penguin:GreatHart:Moose:WhiteRabbit|Hawk|||||1117|60|23|6|1|2|41|41|8989|9|2|0|0|0|0
*|Bull:Turtle:Boar:GreatHart:Moose:Ridgeback|Crane:SwampBird:SwampBird|||||573|936|23|6|1|2|23|23|8989|5|1|0|0|0|0
*|Bull:Turtle:Boar:GreatHart:Moose:Ridgeback|Crane:SwampBird:SwampBird|||||610|810|23|6|1|2|26|26|8989|6|1|0|0|0|0
*|Bull:Turtle:Boar:GreatHart:Moose:Ridgeback|Crane:SwampBird:SwampBird|||||1017|1157|23|6|1|2|131|131|8989|29|9|0|0|0|0
