#######################################
##          Serpent Island           ##
#######################################
*|Jackal:Weasel:JackRabbit:Bobcat:Antelope|Hawk:DesertBird:DesertBird|||||762|783|13|4|1|2|106|106|8989|12|3|0|0|0|0
*|Jackal:Weasel:JackRabbit:Bobcat:Antelope|Hawk:DesertBird:DesertBird|||||959|1615|13|4|1|2|84|84|8989|9|2|0|0|0|0
*|Jackal:Weasel:JackRabbit:Bobcat:Antelope|Hawk:DesertBird:DesertBird|||||1025|1123|13|4|1|2|100|100|8989|11|3|0|0|0|0
*|Jackal:Weasel:JackRabbit:Bobcat:Antelope|Hawk:DesertBird:DesertBird|||||1040|862|13|4|1|2|166|166|8989|18|5|0|0|0|0
*|Jackal:Weasel:JackRabbit:Bobcat:Antelope|Hawk:DesertBird:DesertBird|||||1094|1277|13|4|1|2|119|119|8989|13|4|0|0|0|0
*|Jackal:Weasel:JackRabbit:Bobcat:Antelope|Hawk:DesertBird:DesertBird|||||1114|1633|13|4|1|2|95|95|8989|11|3|0|0|0|0
*|Jackal:Weasel:JackRabbit:Bobcat:Antelope|Hawk:DesertBird:DesertBird|||||1130|1461|13|4|1|2|89|89|8989|10|3|0|0|0|0
*|Jackal:Weasel:JackRabbit:Bobcat:Antelope|Hawk:DesertBird:DesertBird|||||1233|1068|13|4|1|2|121|121|8989|13|4|0|0|0|0
*|Jackal:Weasel:JackRabbit:Bobcat:Antelope|Hawk:DesertBird:DesertBird|||||1239|920|13|4|1|2|56|56|8989|6|1|0|0|0|0
*|Jackal:Weasel:JackRabbit:Bobcat:Antelope|Hawk:DesertBird:DesertBird|||||1263|1249|13|4|1|2|68|68|8989|8|2|0|0|0|0
*|Jackal:Weasel:JackRabbit:Bobcat:Antelope|Hawk:DesertBird:DesertBird|||||1264|1562|13|4|1|2|76|76|8989|8|2|0|0|0|0
*|Jackal:Weasel:JackRabbit:Bobcat:Antelope|Hawk:DesertBird:DesertBird|||||1267|1393|13|4|1|2|83|83|8989|9|2|0|0|0|0
*|BlackBear:Boar:BrownBear:Cougar:Fox:GreatHart:Moose:GreyWolf:GrizzlyBearRiding:Hind:Jaguar:TimberWolf|Turkey:Bird:Bird:Bird:Bird:Eagle|||||237|1571|13|4|1|2|68|68|8989|23|7|0|0|0|0
*|BlackBear:Boar:BrownBear:Cougar:Fox:GreatHart:Moose:GreyWolf:GrizzlyBearRiding:Hind:Jaguar:TimberWolf|Turkey:Bird:Bird:Bird:Bird:Eagle|||||288|1004|13|4|1|2|72|72|8989|24|7|0|0|0|0
*|BlackBear:Boar:BrownBear:Cougar:Fox:GreatHart:Moose:GreyWolf:GrizzlyBearRiding:Hind:Jaguar:TimberWolf|Turkey:Bird:Bird:Bird:Bird:Eagle|||||299|1411|13|4|1|2|52|52|8989|17|5|0|0|0|0
*|BlackBear:Boar:BrownBear:Cougar:Fox:GreatHart:Moose:GreyWolf:GrizzlyBearRiding:Hind:Jaguar:TimberWolf|Turkey:Bird:Bird:Bird:Bird:Eagle|||||306|1151|13|4|1|2|79|79|8989|26|8|0|0|0|0
*|BlackBear:Boar:BrownBear:Cougar:Fox:GreatHart:Moose:GreyWolf:GrizzlyBearRiding:Hind:Jaguar:TimberWolf|Turkey:Bird:Bird:Bird:Bird:Eagle|||||356|809|13|4|1|2|139|139|8989|46|15|0|0|0|0
*|BlackBear:Boar:BrownBear:Cougar:Fox:GreatHart:Moose:GreyWolf:GrizzlyBearRiding:Hind:Jaguar:TimberWolf|Turkey:Bird:Bird:Bird:Bird:Eagle|||||358|1270|13|4|1|2|33|33|8989|11|3|0|0|0|0
*|BlackBear:Boar:BrownBear:Cougar:Fox:GreatHart:Moose:GreyWolf:GrizzlyBearRiding:Hind:Jaguar:TimberWolf|Turkey:Bird:Bird:Bird:Bird:Eagle|||||382|1526|13|4|1|2|97|97|8989|32|10|0|0|0|0
*|BlackBear:Boar:BrownBear:Cougar:Fox:GreatHart:Moose:GreyWolf:GrizzlyBearRiding:Hind:Jaguar:TimberWolf|Turkey:Bird:Bird:Bird:Bird:Eagle|||||389|985|13|4|1|2|58|58|8989|19|6|0|0|0|0
*|BlackBear:Boar:BrownBear:Cougar:Fox:GreatHart:Moose:GreyWolf:GrizzlyBearRiding:Hind:Jaguar:TimberWolf|Turkey:Bird:Bird:Bird:Bird:Eagle|||||444|1361|13|4|1|2|77|77|8989|26|8|0|0|0|0
*|BlackBear:Boar:BrownBear:Cougar:Fox:GreatHart:Moose:GreyWolf:GrizzlyBearRiding:Hind:Jaguar:TimberWolf|Turkey:Bird:Bird:Bird:Bird:Eagle|||||490|588|13|4|1|2|186|186|8989|62|20|0|0|0|0
*|BlackBear:Boar:BrownBear:Cougar:Fox:GreatHart:Moose:GreyWolf:GrizzlyBearRiding:Hind:Jaguar:TimberWolf|Turkey:Bird:Bird:Bird:Bird:Eagle|||||530|795|13|4|1|2|48|48|8989|16|5|0|0|0|0
*|BlackBear:Boar:BrownBear:Cougar:Fox:GreatHart:Moose:GreyWolf:GrizzlyBearRiding:Hind:Jaguar:TimberWolf|Turkey:Bird:Bird:Bird:Bird:Eagle|||||544|1580|13|4|1|2|72|72|8989|24|7|0|0|0|0
*|BlackBear:Boar:BrownBear:Cougar:Fox:GreatHart:Moose:GreyWolf:GrizzlyBearRiding:Hind:Jaguar:TimberWolf|Turkey:Bird:Bird:Bird:Bird:Eagle|||||1315|1715|13|4|1|2|75|75|8989|25|8|0|0|0|0
*|BlackBear:Boar:BrownBear:Cougar:Fox:GreatHart:Moose:GreyWolf:GrizzlyBearRiding:Hind:Jaguar:TimberWolf|Turkey:Bird:Bird:Bird:Bird:Eagle|||||125|1407|13|4|1|2|42|42|8989|14|4|0|0|0|0
*|BlackBear:Boar:BrownBear:Cougar:Fox:GreatHart:Moose:GreyWolf:GrizzlyBearRiding:Hind:Jaguar:TimberWolf|Turkey:Bird:Bird:Bird:Bird:Eagle|||||137|1304|13|4|1|2|65|65|8989|22|7|0|0|0|0
*|BlackBear:Boar:BrownBear:Cougar:Fox:GreatHart:Moose:GreyWolf:GrizzlyBearRiding:Hind:Jaguar:TimberWolf|Turkey:Bird:Bird:Bird:Bird:Eagle|||||164|1483|13|4|1|2|39|39|8989|13|4|0|0|0|0
*|BlackBear:Boar:BrownBear:Cougar:Fox:GreatHart:Moose:GreyWolf:GrizzlyBearRiding:Hind:Jaguar:TimberWolf|Turkey:Bird:Bird:Bird:Bird:Eagle|||||173|1057|13|4|1|2|76|76|8989|25|8|0|0|0|0
*|BlackBear:Boar:BrownBear:Cougar:Fox:GreatHart:Moose:GreyWolf:GrizzlyBearRiding:Hind:Jaguar:TimberWolf|Turkey:Bird:Bird:Bird:Bird:Eagle|||||179|1187|13|4|1|2|63|63|8989|21|6|0|0|0|0
*|BlackBear:Boar:BrownBear:Cougar:Fox:GreatHart:Moose:GreyWolf:GrizzlyBearRiding:Hind:Jaguar:TimberWolf|Turkey:Bird:Bird:Bird:Bird:Eagle|||||195|908|13|4|1|2|73|73|8989|24|7|0|0|0|0
*|BlackBear:Boar:BrownBear:Cougar:Fox:GreatHart:Moose:GreyWolf:GrizzlyBearRiding:Hind:Jaguar:TimberWolf|Turkey:Bird:Bird:Bird:Bird:Eagle|||||200|1408|13|4|1|2|36|36|8989|12|3|0|0|0|0
*|ZebraRiding:Elephant:BrownBear:Fox:Goat:Gazelle:Moose:Hyena:Cheetah:MountainGoat:Hyena:Ostrich:Goat:Gazelle:Moose:Cheetah:Giraffe:Boar:Bull:BlackBear:GreatHart:Moose:SwampDragon|Bird:Bird:Bird:Bird:Eagle|||||1607|244|4|4|1|2|190|190|8989|45|14|0|0|0|0
*|ZebraRiding:Elephant:BrownBear:Fox:Goat:Gazelle:Moose:Hyena:Cheetah:MountainGoat:Hyena:Ostrich:Goat:Gazelle:Moose:Cheetah:Giraffe:Boar:Bull:BlackBear:GreatHart:Moose:SwampDragon|Bird:Bird:Bird:Bird:Eagle|||||1453|799|13|4|1|2|68|68|8989|11|3|0|0|0|0
*|ZebraRiding:Elephant:BrownBear:Fox:Goat:Gazelle:Moose:Hyena:Cheetah:MountainGoat:Hyena:Ostrich:Goat:Gazelle:Moose:Cheetah:Giraffe:Boar:Bull:BlackBear:GreatHart:Moose:SwampDragon|Bird:Bird:Bird:Bird:Eagle|||||1464|861|13|4|1|2|81|81|8989|14|4|0|0|0|0
*|ZebraRiding:Elephant:BrownBear:Fox:Goat:Gazelle:Moose:Hyena:Cheetah:MountainGoat:Hyena:Ostrich:Goat:Gazelle:Moose:Cheetah:Giraffe:Boar:Bull:BlackBear:GreatHart:Moose:SwampDragon|Bird:Bird:Bird:Bird:Eagle|||||1731|1225|13|4|1|2|80|80|8989|13|4|0|0|0|0
*|Boar:Gorilla:Monkey:PandaRiding:Panther:Toad|TropicalBird:TropicalBird:TropicalBird:Crane|||||233|1467|13|4|1|2|32|32|8989|11|3|0|0|0|0
*|Boar:Gorilla:Monkey:PandaRiding:Panther:Toad|TropicalBird:TropicalBird:TropicalBird:Crane|||||237|1335|13|4|1|2|47|47|8989|16|5|0|0|0|0
*|Boar:Gorilla:Monkey:PandaRiding:Panther:Toad|TropicalBird:TropicalBird:TropicalBird:Crane|||||276|1255|13|4|1|2|50|50|8989|17|5|0|0|0|0
*|Boar:Gorilla:Monkey:PandaRiding:Panther:Toad|TropicalBird:TropicalBird:TropicalBird:Crane|||||353|1342|13|4|1|2|36|36|8989|12|3|0|0|0|0
*|Boar:Gorilla:Monkey:PandaRiding:Panther:Toad|TropicalBird:TropicalBird:TropicalBird:Crane|||||394|1653|13|4|1|2|28|28|8989|9|2|0|0|0|0
*|Boar:Gorilla:Monkey:PandaRiding:Panther:Toad|TropicalBird:TropicalBird:TropicalBird:Crane|||||403|1091|13|4|1|2|48|48|8989|16|5|0|0|0|0
*|Boar:Gorilla:Monkey:PandaRiding:Panther:Toad|TropicalBird:TropicalBird:TropicalBird:Crane|||||457|1650|13|4|1|2|39|39|8989|13|4|0|0|0|0
*|Boar:Gorilla:Monkey:PandaRiding:Panther:Toad|TropicalBird:TropicalBird:TropicalBird:Crane|||||594|394|13|4|1|2|51|51|8989|17|5|0|0|0|0
*|Boar:Gorilla:Monkey:PandaRiding:Panther:Toad|TropicalBird:TropicalBird:TropicalBird:Crane|||||650|315|13|4|1|2|57|57|8989|19|6|0|0|0|0
*|Boar:Gorilla:Monkey:PandaRiding:Panther:Toad|TropicalBird:TropicalBird:TropicalBird:Crane|||||685|381|13|4|1|2|57|57|8989|19|6|0|0|0|0
*|Boar:Gorilla:Monkey:PandaRiding:Panther:Toad|TropicalBird:TropicalBird:TropicalBird:Crane|||||762|310|13|4|1|2|51|51|8989|17|5|0|0|0|0
*|Boar:Gorilla:Monkey:PandaRiding:Panther:Toad|TropicalBird:TropicalBird:TropicalBird:Crane|||||993|336|13|4|1|2|78|78|8989|26|8|0|0|0|0
*|Boar:Gorilla:Monkey:PandaRiding:Panther:Toad|TropicalBird:TropicalBird:TropicalBird:Crane|||||434|1204|13|4|1|2|66|66|8989|22|7|0|0|0|0
*|Boar:Gorilla:Monkey:PandaRiding:Panther:Toad|TropicalBird:TropicalBird:TropicalBird:Crane|||||564|966|13|4|1|2|115|115|8989|38|12|0|0|0|0
*|Boar:Gorilla:Monkey:PandaRiding:Panther:Toad|TropicalBird:TropicalBird:TropicalBird:Crane|||||585|1166|13|4|1|2|118|118|8989|39|12|0|0|0|0
*|Boar:Gorilla:Monkey:PandaRiding:Panther:Toad|TropicalBird:TropicalBird:TropicalBird:Crane|||||677|1393|13|4|1|2|166|166|8989|55|18|0|0|0|0
*|Boar:Gorilla:Monkey:PandaRiding:Panther:Toad|TropicalBird:TropicalBird:TropicalBird:Crane|||||745|1602|13|4|1|2|129|129|8989|43|14|0|0|0|0
*|Boar:Gorilla:Monkey:PandaRiding:Panther:Toad|TropicalBird:TropicalBird:TropicalBird:Crane|||||754|953|13|4|1|2|64|64|8989|21|6|0|0|0|0
*|Boar:Gorilla:Monkey:PandaRiding:Panther:Toad|TropicalBird:TropicalBird:TropicalBird:Crane|||||871|1004|13|4|1|2|124|124|8989|41|13|0|0|0|0
*|Boar:Gorilla:Monkey:PandaRiding:Panther:Toad|TropicalBird:TropicalBird:TropicalBird:Crane|||||883|1260|13|4|1|2|96|96|8989|32|10|0|0|0|0
*|Boar:Gorilla:Monkey:PandaRiding:Panther:Toad|TropicalBird:TropicalBird:TropicalBird:Crane|||||936|1433|13|4|1|2|133|133|8989|44|14|0|0|0|0
*|Boar:Gorilla:Monkey:PandaRiding:Panther:Toad|TropicalBird:TropicalBird:TropicalBird:Crane|||||1717|826|13|4|1|2|128|128|8989|14|4|0|0|0|0
*|ZebraRiding:Elephant:BrownBear:Fox:Goat:Gazelle:Moose:Hyena:Cheetah:MountainGoat:Hyena:Ostrich:Goat:Gazelle:Moose:Cheetah:Giraffe|Bird:Bird:Bird:Bird:Eagle:Hawk|||||827|552|13|4|1|2|163|163|8989|33|10|0|0|0|0
*|ZebraRiding:Elephant:BrownBear:Fox:Goat:Gazelle:Moose:Hyena:Cheetah:MountainGoat:Hyena:Ostrich:Goat:Gazelle:Moose:Cheetah:Giraffe|Bird:Bird:Bird:Bird:Eagle:Hawk|||||857|351|13|4|1|2|52|52|8989|10|3|0|0|0|0
*|ZebraRiding:Elephant:BrownBear:Fox:Goat:Gazelle:Moose:Hyena:Cheetah:MountainGoat:Hyena:Ostrich:Goat:Gazelle:Moose:Cheetah:Giraffe|Bird:Bird:Bird:Bird:Eagle:Hawk|||||998|654|13|4|1|2|43|43|8989|9|2|0|0|0|0
*|ZebraRiding:Elephant:BrownBear:Fox:Goat:Gazelle:Moose:Hyena:Cheetah:MountainGoat:Hyena:Ostrich:Goat:Gazelle:Moose:Cheetah:Giraffe|Bird:Bird:Bird:Bird:Eagle:Hawk|||||1157|520|13|4|1|2|182|182|8989|36|11|0|0|0|0
*|ZebraRiding:Elephant:BrownBear:Fox:Goat:Gazelle:Moose:Hyena:Cheetah:MountainGoat:Hyena:Ostrich:Goat:Gazelle:Moose:Cheetah:Giraffe|Bird:Bird:Bird:Bird:Eagle:Hawk|||||1231|705|13|4|1|2|83|83|8989|17|5|0|0|0|0
*|ZebraRiding:Elephant:BrownBear:Fox:Goat:Gazelle:Moose:Hyena:Cheetah:MountainGoat:Hyena:Ostrich:Goat:Gazelle:Moose:Cheetah:Giraffe|Bird:Bird:Bird:Bird:Eagle:Hawk|||||1300|834|13|4|1|2|63|63|8989|13|4|0|0|0|0
*|Boar:Bull:BlackBear:GreatHart:Moose:Turtle:SwampDragon|Crane:SwampBird:SwampBird|||||237|661|8|4|1|2|62|62|8989|8|2|0|0|0|0
*|Boar:Bull:BlackBear:GreatHart:Moose:Turtle:SwampDragon|Crane:SwampBird:SwampBird|||||296|610|8|4|1|2|24|24|8989|3|0|0|0|0|0
