#######################################
##         World of Sosaria          ##
#######################################
*|Jackal:Weasel:JackRabbit:Bobcat:Antelope|Hawk:DesertBird:DesertBird|||||1238|424|53|2|1|2|27|27|8989|3|0|0|0|0|0
*|Jackal:Weasel:JackRabbit:Bobcat:Antelope|Hawk:DesertBird:DesertBird|||||1152|477|53|2|1|2|20|20|8989|2|0|0|0|0|0
*|Jackal:Weasel:JackRabbit:Bobcat:Antelope|Hawk:DesertBird:DesertBird|||||1189|534|53|2|1|2|49|49|8989|5|1|0|0|0|0
*|Jackal:Weasel:JackRabbit:Bobcat:Antelope|Hawk:DesertBird:DesertBird|||||1196|456|53|2|1|2|30|30|8989|3|0|0|0|0|0
*|BlackBear:Boar:BrownBear:Cougar:Fox:GreatHart:Moose:GreyWolf:GrizzlyBearRiding:Hind:Jaguar:TimberWolf|Turkey:Bird:Bird:Bird:Bird:Eagle|||||2563|741|33|2|1|2|53|53|8989|18|5|0|0|0|0
*|BlackBear:Boar:BrownBear:Cougar:Fox:GreatHart:Moose:GreyWolf:GrizzlyBearRiding:Hind:Jaguar:TimberWolf|Turkey:Bird:Bird:Bird:Bird:Eagle|||||2593|978|33|2|1|2|43|43|8989|14|4|0|0|0|0
*|BlackBear:Boar:BrownBear:Cougar:Fox:GreatHart:Moose:GreyWolf:GrizzlyBearRiding:Hind:Jaguar:TimberWolf|Turkey:Bird:Bird:Bird:Bird:Eagle|||||2648|822|33|2|1|2|62|62|8989|21|6|0|0|0|0
*|BlackBear:Boar:BrownBear:Cougar:Fox:GreatHart:Moose:GreyWolf:GrizzlyBearRiding:Hind:Jaguar:TimberWolf|Turkey:Bird:Bird:Bird:Bird:Eagle|||||2658|925|33|2|1|2|39|39|8989|13|4|0|0|0|0
*|BlackBear:Boar:BrownBear:Cougar:Fox:GreatHart:Moose:GreyWolf:GrizzlyBearRiding:Hind:Jaguar:TimberWolf|Turkey:Bird:Bird:Bird:Bird:Eagle|||||2145|926|33|2|1|2|39|39|8989|13|4|0|0|0|0
*|BlackBear:Boar:BrownBear:Cougar:Fox:GreatHart:Moose:GreyWolf:GrizzlyBearRiding:Hind:Jaguar:TimberWolf|Turkey:Bird:Bird:Bird:Bird:Eagle|||||2202|872|33|2|1|2|42|42|8989|14|4|0|0|0|0
*|BlackBear:Boar:BrownBear:Cougar:Fox:GreatHart:Moose:GreyWolf:GrizzlyBearRiding:Hind:Jaguar:TimberWolf|Turkey:Bird:Bird:Bird:Bird:Eagle|||||2217|957|33|2|1|2|45|45|8989|15|4|0|0|0|0
*|BlackBear:Boar:BrownBear:Cougar:Fox:GreatHart:Moose:GreyWolf:GrizzlyBearRiding:Hind:Jaguar:TimberWolf|Turkey:Bird:Bird:Bird:Bird:Eagle|||||2702|882|33|2|1|2|29|29|8989|10|3|0|0|0|0
*|BlackBear:Boar:BrownBear:Cougar:Fox:GreatHart:Moose:GreyWolf:GrizzlyBearRiding:Hind:Jaguar:TimberWolf|Turkey:Bird:Bird:Bird:Bird:Eagle|||||2251|805|33|2|1|2|40|40|8989|13|4|0|0|0|0
*|BlackBear:Boar:BrownBear:Cougar:Fox:GreatHart:Moose:GreyWolf:GrizzlyBearRiding:Hind:Jaguar:TimberWolf|Turkey:Bird:Bird:Bird:Bird:Eagle|||||2316|771|33|2|1|2|27|27|8989|9|2|0|0|0|0
*|BlackBear:Boar:BrownBear:Cougar:Fox:GreatHart:Moose:GreyWolf:GrizzlyBearRiding:Hind:Jaguar:TimberWolf|Turkey:Bird:Bird:Bird:Bird:Eagle|||||2317|1008|33|2|1|2|65|65|8989|22|7|0|0|0|0
*|BlackBear:Boar:BrownBear:Cougar:Fox:GreatHart:Moose:GreyWolf:GrizzlyBearRiding:Hind:Jaguar:TimberWolf|Turkey:Bird:Bird:Bird:Bird:Eagle|||||2362|730|33|2|1|2|40|40|8989|13|4|0|0|0|0
*|BlackBear:Boar:BrownBear:Cougar:Fox:GreatHart:Moose:GreyWolf:GrizzlyBearRiding:Hind:Jaguar:TimberWolf|Turkey:Bird:Bird:Bird:Bird:Eagle|||||2423|711|33|2|1|2|30|30|8989|10|3|0|0|0|0
*|BlackBear:Boar:BrownBear:Cougar:Fox:GreatHart:Moose:GreyWolf:GrizzlyBearRiding:Hind:Jaguar:TimberWolf|Turkey:Bird:Bird:Bird:Bird:Eagle|||||2432|1058|33|2|1|2|58|58|8989|19|6|0|0|0|0
*|BlackBear:Boar:BrownBear:Cougar:Fox:GreatHart:Moose:GreyWolf:GrizzlyBearRiding:Hind:Jaguar:TimberWolf|Turkey:Bird:Bird:Bird:Bird:Eagle|||||2474|700|33|2|1|2|28|28|8989|9|2|0|0|0|0
*|BlackBear:Boar:BrownBear:Cougar:Fox:GreatHart:Moose:GreyWolf:GrizzlyBearRiding:Hind:Jaguar:TimberWolf|Turkey:Bird:Bird:Bird:Bird:Eagle|||||2521|698|33|2|1|2|20|20|8989|7|2|0|0|0|0
*|BlackBear:Boar:BrownBear:Cougar:Fox:GreatHart:Moose:GreyWolf:GrizzlyBearRiding:Hind:Jaguar:TimberWolf|Turkey:Bird:Bird:Bird:Bird:Eagle|||||2521|1026|33|2|1|2|56|56|8989|19|6|0|0|0|0
*|BlackBear:Boar:BrownBear:Cougar:Fox:GreatHart:Moose:GreyWolf:GrizzlyBearRiding:Hind:Jaguar:TimberWolf|Turkey:Bird:Bird:Bird:Bird:Eagle|||||1202|1855|53|2|1|2|47|47|8989|16|5|0|0|0|0
*|BlackBear:Boar:BrownBear:Cougar:Fox:GreatHart:Moose:GreyWolf:GrizzlyBearRiding:Hind:Jaguar:TimberWolf|Turkey:Bird:Bird:Bird:Bird:Eagle|||||2036|296|53|2|1|2|26|26|8989|9|2|0|0|0|0
*|BlackBear:Boar:BrownBear:Cougar:Fox:GreatHart:Moose:GreyWolf:GrizzlyBearRiding:Hind:Jaguar:TimberWolf|Turkey:Bird:Bird:Bird:Bird:Eagle|||||2056|401|53|2|1|2|24|24|8989|8|2|0|0|0|0
*|BlackBear:Boar:BrownBear:Cougar:Fox:GreatHart:Moose:GreyWolf:GrizzlyBearRiding:Hind:Jaguar:TimberWolf|Turkey:Bird:Bird:Bird:Bird:Eagle|||||2602|1334|53|2|1|2|46|46|8989|15|4|0|0|0|0
*|BlackBear:Boar:BrownBear:Cougar:Fox:GreatHart:Moose:GreyWolf:GrizzlyBearRiding:Hind:Jaguar:TimberWolf|Turkey:Bird:Bird:Bird:Bird:Eagle|||||1238|1912|53|2|1|2|32|32|8989|11|3|0|0|0|0
*|BlackBear:Boar:BrownBear:Cougar:Fox:GreatHart:Moose:GreyWolf:GrizzlyBearRiding:Hind:Jaguar:TimberWolf|Turkey:Bird:Bird:Bird:Bird:Eagle|||||2629|1184|53|2|1|2|44|44|8989|15|4|0|0|0|0
*|BlackBear:Boar:BrownBear:Cougar:Fox:GreatHart:Moose:GreyWolf:GrizzlyBearRiding:Hind:Jaguar:TimberWolf|Turkey:Bird:Bird:Bird:Bird:Eagle|||||3881|2477|53|2|1|2|58|58|8989|19|6|0|0|0|0
*|BlackBear:Boar:BrownBear:Cougar:Fox:GreatHart:Moose:GreyWolf:GrizzlyBearRiding:Hind:Jaguar:TimberWolf|Turkey:Bird:Bird:Bird:Bird:Eagle|||||1256|659|53|2|1|2|42|42|8989|14|4|0|0|0|0
*|BlackBear:Boar:BrownBear:Cougar:Fox:GreatHart:Moose:GreyWolf:GrizzlyBearRiding:Hind:Jaguar:TimberWolf|Turkey:Bird:Bird:Bird:Bird:Eagle|||||1288|475|53|2|1|2|38|38|8989|13|4|0|0|0|0
*|BlackBear:Boar:BrownBear:Cougar:Fox:GreatHart:Moose:GreyWolf:GrizzlyBearRiding:Hind:Jaguar:TimberWolf|Turkey:Bird:Bird:Bird:Bird:Eagle|||||1302|546|53|2|1|2|44|44|8989|15|4|0|0|0|0
*|BlackBear:Boar:BrownBear:Cougar:Fox:GreatHart:Moose:GreyWolf:GrizzlyBearRiding:Hind:Jaguar:TimberWolf|Turkey:Bird:Bird:Bird:Bird:Eagle|||||1306|1911|53|2|1|2|45|45|8989|15|4|0|0|0|0
*|BlackBear:Boar:BrownBear:Cougar:Fox:GreatHart:Moose:GreyWolf:GrizzlyBearRiding:Hind:Jaguar:TimberWolf|Turkey:Bird:Bird:Bird:Bird:Eagle|||||1328|701|53|2|1|2|45|45|8989|15|4|0|0|0|0
*|BlackBear:Boar:BrownBear:Cougar:Fox:GreatHart:Moose:GreyWolf:GrizzlyBearRiding:Hind:Jaguar:TimberWolf|Turkey:Bird:Bird:Bird:Bird:Eagle|||||2140|396|53|2|1|2|28|28|8989|9|2|0|0|0|0
*|BlackBear:Boar:BrownBear:Cougar:Fox:GreatHart:Moose:GreyWolf:GrizzlyBearRiding:Hind:Jaguar:TimberWolf|Turkey:Bird:Bird:Bird:Bird:Eagle|||||1341|1860|53|2|1|2|27|27|8989|9|2|0|0|0|0
*|BlackBear:Boar:BrownBear:Cougar:Fox:GreatHart:Moose:GreyWolf:GrizzlyBearRiding:Hind:Jaguar:TimberWolf|Turkey:Bird:Bird:Bird:Bird:Eagle|||||2141|363|53|2|1|2|16|16|8989|5|1|0|0|0|0
*|BlackBear:Boar:BrownBear:Cougar:Fox:GreatHart:Moose:GreyWolf:GrizzlyBearRiding:Hind:Jaguar:TimberWolf|Turkey:Bird:Bird:Bird:Bird:Eagle|||||1366|473|53|2|1|2|45|45|8989|15|4|0|0|0|0
*|BlackBear:Boar:BrownBear:Cougar:Fox:GreatHart:Moose:GreyWolf:GrizzlyBearRiding:Hind:Jaguar:TimberWolf|Turkey:Bird:Bird:Bird:Bird:Eagle|||||1375|1929|53|2|1|2|41|41|8989|14|4|0|0|0|0
*|BlackBear:Boar:BrownBear:Cougar:Fox:GreatHart:Moose:GreyWolf:GrizzlyBearRiding:Hind:Jaguar:TimberWolf|Turkey:Bird:Bird:Bird:Bird:Eagle|||||3490|2379|53|2|1|2|71|71|8989|24|7|0|0|0|0
*|BlackBear:Boar:BrownBear:Cougar:Fox:GreatHart:Moose:GreyWolf:GrizzlyBearRiding:Hind:Jaguar:TimberWolf|Turkey:Bird:Bird:Bird:Bird:Eagle|||||2691|1269|53|2|1|2|73|73|8989|24|7|0|0|0|0
*|BlackBear:Boar:BrownBear:Cougar:Fox:GreatHart:Moose:GreyWolf:GrizzlyBearRiding:Hind:Jaguar:TimberWolf|Turkey:Bird:Bird:Bird:Bird:Eagle|||||2207|303|53|2|1|2|20|20|8989|7|2|0|0|0|0
*|BlackBear:Boar:BrownBear:Cougar:Fox:GreatHart:Moose:GreyWolf:GrizzlyBearRiding:Hind:Jaguar:TimberWolf|Turkey:Bird:Bird:Bird:Bird:Eagle|||||2217|1138|53|2|1|2|60|60|8989|20|6|0|0|0|0
*|BlackBear:Boar:BrownBear:Cougar:Fox:GreatHart:Moose:GreyWolf:GrizzlyBearRiding:Hind:Jaguar:TimberWolf|Turkey:Bird:Bird:Bird:Bird:Eagle|||||2223|244|53|2|1|2|24|24|8989|8|2|0|0|0|0
*|BlackBear:Boar:BrownBear:Cougar:Fox:GreatHart:Moose:GreyWolf:GrizzlyBearRiding:Hind:Jaguar:TimberWolf|Turkey:Bird:Bird:Bird:Bird:Eagle|||||1431|1899|53|2|1|2|46|46|8989|15|4|0|0|0|0
*|BlackBear:Boar:BrownBear:Cougar:Fox:GreatHart:Moose:GreyWolf:GrizzlyBearRiding:Hind:Jaguar:TimberWolf|Turkey:Bird:Bird:Bird:Bird:Eagle|||||1460|477|53|2|1|2|46|46|8989|15|4|0|0|0|0
*|BlackBear:Boar:BrownBear:Cougar:Fox:GreatHart:Moose:GreyWolf:GrizzlyBearRiding:Hind:Jaguar:TimberWolf|Turkey:Bird:Bird:Bird:Bird:Eagle|||||3588|2314|53|2|1|2|59|59|8989|20|6|0|0|0|0
*|BlackBear:Boar:BrownBear:Cougar:Fox:GreatHart:Moose:GreyWolf:GrizzlyBearRiding:Hind:Jaguar:TimberWolf|Turkey:Bird:Bird:Bird:Bird:Eagle|||||3596|2416|53|2|1|2|60|60|8989|20|6|0|0|0|0
*|BlackBear:Boar:BrownBear:Cougar:Fox:GreatHart:Moose:GreyWolf:GrizzlyBearRiding:Hind:Jaguar:TimberWolf|Turkey:Bird:Bird:Bird:Bird:Eagle|||||1483|554|53|2|1|2|48|48|8989|16|5|0|0|0|0
*|BlackBear:Boar:BrownBear:Cougar:Fox:GreatHart:Moose:GreyWolf:GrizzlyBearRiding:Hind:Jaguar:TimberWolf|Turkey:Bird:Bird:Bird:Bird:Eagle|||||1484|1920|53|2|1|2|19|19|8989|6|1|0|0|0|0
*|BlackBear:Boar:BrownBear:Cougar:Fox:GreatHart:Moose:GreyWolf:GrizzlyBearRiding:Hind:Jaguar:TimberWolf|Turkey:Bird:Bird:Bird:Bird:Eagle|||||2745|1137|53|2|1|2|81|81|8989|27|8|0|0|0|0
*|BlackBear:Boar:BrownBear:Cougar:Fox:GreatHart:Moose:GreyWolf:GrizzlyBearRiding:Hind:Jaguar:TimberWolf|Turkey:Bird:Bird:Bird:Bird:Eagle|||||2319|1169|53|2|1|2|44|44|8989|15|4|0|0|0|0
*|BlackBear:Boar:BrownBear:Cougar:Fox:GreatHart:Moose:GreyWolf:GrizzlyBearRiding:Hind:Jaguar:TimberWolf|Turkey:Bird:Bird:Bird:Bird:Eagle|||||1540|483|53|2|1|2|46|46|8989|15|4|0|0|0|0
*|BlackBear:Boar:BrownBear:Cougar:Fox:GreatHart:Moose:GreyWolf:GrizzlyBearRiding:Hind:Jaguar:TimberWolf|Turkey:Bird:Bird:Bird:Bird:Eagle|||||3682|2430|53|2|1|2|46|46|8989|15|4|0|0|0|0
*|BlackBear:Boar:BrownBear:Cougar:Fox:GreatHart:Moose:GreyWolf:GrizzlyBearRiding:Hind:Jaguar:TimberWolf|Turkey:Bird:Bird:Bird:Bird:Eagle|||||891|2005|53|2|1|2|35|35|8989|12|3|0|0|0|0
*|BlackBear:Boar:BrownBear:Cougar:Fox:GreatHart:Moose:GreyWolf:GrizzlyBearRiding:Hind:Jaguar:TimberWolf|Turkey:Bird:Bird:Bird:Bird:Eagle|||||3697|2337|53|2|1|2|77|77|8989|26|8|0|0|0|0
*|BlackBear:Boar:BrownBear:Cougar:Fox:GreatHart:Moose:GreyWolf:GrizzlyBearRiding:Hind:Jaguar:TimberWolf|Turkey:Bird:Bird:Bird:Bird:Eagle|||||3116|1283|53|2|1|2|83|83|8989|28|9|0|0|0|0
*|BlackBear:Boar:BrownBear:Cougar:Fox:GreatHart:Moose:GreyWolf:GrizzlyBearRiding:Hind:Jaguar:TimberWolf|Turkey:Bird:Bird:Bird:Bird:Eagle|||||2775|1244|53|2|1|2|40|40|8989|13|4|0|0|0|0
*|BlackBear:Boar:BrownBear:Cougar:Fox:GreatHart:Moose:GreyWolf:GrizzlyBearRiding:Hind:Jaguar:TimberWolf|Turkey:Bird:Bird:Bird:Bird:Eagle|||||918|1942|53|2|1|2|29|29|8989|10|3|0|0|0|0
*|BlackBear:Boar:BrownBear:Cougar:Fox:GreatHart:Moose:GreyWolf:GrizzlyBearRiding:Hind:Jaguar:TimberWolf|Turkey:Bird:Bird:Bird:Bird:Eagle|||||1613|520|53|2|1|2|48|48|8989|16|5|0|0|0|0
*|BlackBear:Boar:BrownBear:Cougar:Fox:GreatHart:Moose:GreyWolf:GrizzlyBearRiding:Hind:Jaguar:TimberWolf|Turkey:Bird:Bird:Bird:Bird:Eagle|||||3136|1455|53|2|1|2|32|32|8989|11|3|0|0|0|0
*|BlackBear:Boar:BrownBear:Cougar:Fox:GreatHart:Moose:GreyWolf:GrizzlyBearRiding:Hind:Jaguar:TimberWolf|Turkey:Bird:Bird:Bird:Bird:Eagle|||||3155|1113|53|2|1|2|43|43|8989|14|4|0|0|0|0
*|BlackBear:Boar:BrownBear:Cougar:Fox:GreatHart:Moose:GreyWolf:GrizzlyBearRiding:Hind:Jaguar:TimberWolf|Turkey:Bird:Bird:Bird:Bird:Eagle|||||3188|1190|53|2|1|2|47|47|8989|16|5|0|0|0|0
*|BlackBear:Boar:BrownBear:Cougar:Fox:GreatHart:Moose:GreyWolf:GrizzlyBearRiding:Hind:Jaguar:TimberWolf|Turkey:Bird:Bird:Bird:Bird:Eagle|||||3198|1063|53|2|1|2|23|23|8989|8|2|0|0|0|0
*|BlackBear:Boar:BrownBear:Cougar:Fox:GreatHart:Moose:GreyWolf:GrizzlyBearRiding:Hind:Jaguar:TimberWolf|Turkey:Bird:Bird:Bird:Bird:Eagle|||||2403|1219|53|2|1|2|52|52|8989|17|5|0|0|0|0
*|BlackBear:Boar:BrownBear:Cougar:Fox:GreatHart:Moose:GreyWolf:GrizzlyBearRiding:Hind:Jaguar:TimberWolf|Turkey:Bird:Bird:Bird:Bird:Eagle|||||956|734|53|2|1|2|28|28|8989|9|2|0|0|0|0
*|BlackBear:Boar:BrownBear:Cougar:Fox:GreatHart:Moose:GreyWolf:GrizzlyBearRiding:Hind:Jaguar:TimberWolf|Turkey:Bird:Bird:Bird:Bird:Eagle|||||2843|1226|53|2|1|2|54|54|8989|18|5|0|0|0|0
*|BlackBear:Boar:BrownBear:Cougar:Fox:GreatHart:Moose:GreyWolf:GrizzlyBearRiding:Hind:Jaguar:TimberWolf|Turkey:Bird:Bird:Bird:Bird:Eagle|||||3218|1407|53|2|1|2|69|69|8989|23|7|0|0|0|0
*|BlackBear:Boar:BrownBear:Cougar:Fox:GreatHart:Moose:GreyWolf:GrizzlyBearRiding:Hind:Jaguar:TimberWolf|Turkey:Bird:Bird:Bird:Bird:Eagle|||||3783|2417|53|2|1|2|61|61|8989|20|6|0|0|0|0
*|BlackBear:Boar:BrownBear:Cougar:Fox:GreatHart:Moose:GreyWolf:GrizzlyBearRiding:Hind:Jaguar:TimberWolf|Turkey:Bird:Bird:Bird:Bird:Eagle|||||971|2047|53|2|1|2|29|29|8989|10|3|0|0|0|0
*|BlackBear:Boar:BrownBear:Cougar:Fox:GreatHart:Moose:GreyWolf:GrizzlyBearRiding:Hind:Jaguar:TimberWolf|Turkey:Bird:Bird:Bird:Bird:Eagle|||||2902|785|53|2|1|2|108|108|8989|36|11|0|0|0|0
*|BlackBear:Boar:BrownBear:Cougar:Fox:GreatHart:Moose:GreyWolf:GrizzlyBearRiding:Hind:Jaguar:TimberWolf|Turkey:Bird:Bird:Bird:Bird:Eagle|||||972|1945|53|2|1|2|25|25|8989|8|2|0|0|0|0
*|BlackBear:Boar:BrownBear:Cougar:Fox:GreatHart:Moose:GreyWolf:GrizzlyBearRiding:Hind:Jaguar:TimberWolf|Turkey:Bird:Bird:Bird:Bird:Eagle|||||2913|1390|53|2|1|2|62|62|8989|21|6|0|0|0|0
*|BlackBear:Boar:BrownBear:Cougar:Fox:GreatHart:Moose:GreyWolf:GrizzlyBearRiding:Hind:Jaguar:TimberWolf|Turkey:Bird:Bird:Bird:Bird:Eagle|||||3247|1283|53|2|1|2|59|59|8989|20|6|0|0|0|0
*|BlackBear:Boar:BrownBear:Cougar:Fox:GreatHart:Moose:GreyWolf:GrizzlyBearRiding:Hind:Jaguar:TimberWolf|Turkey:Bird:Bird:Bird:Bird:Eagle|||||3248|1492|53|2|1|2|29|29|8989|10|3|0|0|0|0
*|BlackBear:Boar:BrownBear:Cougar:Fox:GreatHart:Moose:GreyWolf:GrizzlyBearRiding:Hind:Jaguar:TimberWolf|Turkey:Bird:Bird:Bird:Bird:Eagle|||||2432|1282|53|2|1|2|31|31|8989|10|3|0|0|0|0
*|BlackBear:Boar:BrownBear:Cougar:Fox:GreatHart:Moose:GreyWolf:GrizzlyBearRiding:Hind:Jaguar:TimberWolf|Turkey:Bird:Bird:Bird:Bird:Eagle|||||1010|717|53|2|1|2|30|30|8989|10|3|0|0|0|0
*|BlackBear:Boar:BrownBear:Cougar:Fox:GreatHart:Moose:GreyWolf:GrizzlyBearRiding:Hind:Jaguar:TimberWolf|Turkey:Bird:Bird:Bird:Bird:Eagle|||||1041|2010|53|2|1|2|51|51|8989|17|5|0|0|0|0
*|BlackBear:Boar:BrownBear:Cougar:Fox:GreatHart:Moose:GreyWolf:GrizzlyBearRiding:Hind:Jaguar:TimberWolf|Turkey:Bird:Bird:Bird:Bird:Eagle|||||1042|1904|53|2|1|2|73|73|8989|24|7|0|0|0|0
*|BlackBear:Boar:BrownBear:Cougar:Fox:GreatHart:Moose:GreyWolf:GrizzlyBearRiding:Hind:Jaguar:TimberWolf|Turkey:Bird:Bird:Bird:Bird:Eagle|||||3285|768|3|2|1|2|16|16|8989|4|1|0|0|0|0
*|BlackBear:Boar:BrownBear:Cougar:Fox:GreatHart:Moose:GreyWolf:GrizzlyBearRiding:Hind:Jaguar:TimberWolf|Turkey:Bird:Bird:Bird:Bird:Eagle|||||1077|771|53|2|1|2|37|37|8989|12|3|0|0|0|0
*|BlackBear:Boar:BrownBear:Cougar:Fox:GreatHart:Moose:GreyWolf:GrizzlyBearRiding:Hind:Jaguar:TimberWolf|Turkey:Bird:Bird:Bird:Bird:Eagle|||||3833|2581|53|2|1|2|79|79|8989|26|8|0|0|0|0
*|BlackBear:Boar:BrownBear:Cougar:Fox:GreatHart:Moose:GreyWolf:GrizzlyBearRiding:Hind:Jaguar:TimberWolf|Turkey:Bird:Bird:Bird:Bird:Eagle|||||2956|1465|53|2|1|2|57|57|8989|19|6|0|0|0|0
*|BlackBear:Boar:BrownBear:Cougar:Fox:GreatHart:Moose:GreyWolf:GrizzlyBearRiding:Hind:Jaguar:TimberWolf|Turkey:Bird:Bird:Bird:Bird:Eagle|||||3305|756|3|2|1|2|9|9|8989|2|0|0|0|0|0
*|BlackBear:Boar:BrownBear:Cougar:Fox:GreatHart:Moose:GreyWolf:GrizzlyBearRiding:Hind:Jaguar:TimberWolf|Turkey:Bird:Bird:Bird:Bird:Eagle|||||3314|777|4|2|1|2|9|9|8989|2|0|0|0|0|0
*|BlackBear:Boar:BrownBear:Cougar:Fox:GreatHart:Moose:GreyWolf:GrizzlyBearRiding:Hind:Jaguar:TimberWolf|Turkey:Bird:Bird:Bird:Bird:Eagle|||||1926|381|53|2|1|2|30|30|8989|10|3|0|0|0|0
*|BlackBear:Boar:BrownBear:Cougar:Fox:GreatHart:Moose:GreyWolf:GrizzlyBearRiding:Hind:Jaguar:TimberWolf|Turkey:Bird:Bird:Bird:Bird:Eagle|||||1137|1790|53|2|1|2|30|30|8989|10|3|0|0|0|0
*|BlackBear:Boar:BrownBear:Cougar:Fox:GreatHart:Moose:GreyWolf:GrizzlyBearRiding:Hind:Jaguar:TimberWolf|Turkey:Bird:Bird:Bird:Bird:Eagle|||||1140|1853|53|2|1|2|37|37|8989|12|3|0|0|0|0
*|BlackBear:Boar:BrownBear:Cougar:Fox:GreatHart:Moose:GreyWolf:GrizzlyBearRiding:Hind:Jaguar:TimberWolf|Turkey:Bird:Bird:Bird:Bird:Eagle|||||1151|1957|53|2|1|2|72|72|8989|24|7|0|0|0|0
*|BlackBear:Boar:BrownBear:Cougar:Fox:GreatHart:Moose:GreyWolf:GrizzlyBearRiding:Hind:Jaguar:TimberWolf|Turkey:Bird:Bird:Bird:Bird:Eagle|||||1977|374|53|2|1|2|21|21|8989|7|2|0|0|0|0
*|BlackBear:Boar:BrownBear:Cougar:Fox:GreatHart:Moose:GreyWolf:GrizzlyBearRiding:Hind:Jaguar:TimberWolf|Turkey:Bird:Bird:Bird:Bird:Eagle|||||2017|380|53|2|1|2|20|20|8989|7|2|0|0|0|0
*|BlackBear:Boar:BrownBear:Cougar:Fox:GreatHart:Moose:GreyWolf:GrizzlyBearRiding:Hind:Jaguar:TimberWolf|Turkey:Bird:Bird:Bird:Bird:Eagle|||||2523|1239|53|2|1|2|85|85|8989|28|9|0|0|0|0
*|BlackBear:Boar:BrownBear:Cougar:Fox:GreatHart:Moose:GreyWolf:GrizzlyBearRiding:Hind:Jaguar:TimberWolf|Turkey:Bird:Bird:Bird:Bird:Eagle|||||1199|307|53|2|1|2|69|69|8989|23|7|0|0|0|0
*|BlackBear:Boar:BrownBear:Cougar:Fox:GreatHart:Moose:GreyWolf:GrizzlyBearRiding:Hind:Jaguar:TimberWolf|Turkey:Bird:Bird:Bird:Bird:Eagle|||||3347|1095|53|2|1|2|45|45|8989|15|4|0|0|0|0
*|BlackBear:Boar:BrownBear:Cougar:Fox:GreatHart:Moose:GreyWolf:GrizzlyBearRiding:Hind:Jaguar:TimberWolf|Turkey:Bird:Bird:Bird:Bird:Eagle|||||1203|1202|53|2|1|2|44|44|8989|15|4|0|0|0|0
*|BlackBear:Boar:BrownBear:Cougar:Fox:GreatHart:Moose:GreyWolf:GrizzlyBearRiding:Hind:Jaguar:TimberWolf|Turkey:Bird:Bird:Bird:Bird:Eagle|||||2551|564|53|2|1|2|44|44|8989|15|4|0|0|0|0
*|BlackBear:Boar:BrownBear:Cougar:Fox:GreatHart:Moose:GreyWolf:GrizzlyBearRiding:Hind:Jaguar:TimberWolf|Turkey:Bird:Bird:Bird:Bird:Eagle|||||3375|1452|53|2|1|2|56|56|8989|19|6|0|0|0|0
*|BlackBear:Boar:BrownBear:Cougar:Fox:GreatHart:Moose:GreyWolf:GrizzlyBearRiding:Hind:Jaguar:TimberWolf|Turkey:Bird:Bird:Bird:Bird:Eagle|||||2074|687|53|2|1|2|72|72|8989|24|7|0|0|0|0
*|BlackBear:Boar:BrownBear:Cougar:Fox:GreatHart:Moose:GreyWolf:GrizzlyBearRiding:Hind:Jaguar:TimberWolf|Turkey:Bird:Bird:Bird:Bird:Eagle|||||2619|1742|53|2|1|2|118|118|8989|39|12|0|0|0|0
*|BlackBear:Boar:BrownBear:Cougar:Fox:GreatHart:Moose:GreyWolf:GrizzlyBearRiding:Hind:Jaguar:TimberWolf|Turkey:Bird:Bird:Bird:Bird:Eagle|||||2989|564|53|2|1|2|22|22|8989|7|2|0|0|0|0
*|BlackBear:Boar:BrownBear:Cougar:Fox:GreatHart:Moose:GreyWolf:GrizzlyBearRiding:Hind:Jaguar:TimberWolf|Turkey:Bird:Bird:Bird:Bird:Eagle|||||1268|1116|53|2|1|2|80|80|8989|27|8|0|0|0|0
*|BlackBear:Boar:BrownBear:Cougar:Fox:GreatHart:Moose:GreyWolf:GrizzlyBearRiding:Hind:Jaguar:TimberWolf|Turkey:Bird:Bird:Bird:Bird:Eagle|||||576|186|53|2|1|2|33|33|8989|11|3|0|0|0|0
*|BlackBear:Boar:BrownBear:Cougar:Fox:GreatHart:Moose:GreyWolf:GrizzlyBearRiding:Hind:Jaguar:TimberWolf|Turkey:Bird:Bird:Bird:Bird:Eagle|||||3409|2229|53|2|1|2|77|77|8989|26|8|0|0|0|0
*|BlackBear:Boar:BrownBear:Cougar:Fox:GreatHart:Moose:GreyWolf:GrizzlyBearRiding:Hind:Jaguar:TimberWolf|Turkey:Bird:Bird:Bird:Bird:Eagle|||||3417|1064|53|2|1|2|49|49|8989|16|5|0|0|0|0
*|BlackBear:Boar:BrownBear:Cougar:Fox:GreatHart:Moose:GreyWolf:GrizzlyBearRiding:Hind:Jaguar:TimberWolf|Turkey:Bird:Bird:Bird:Bird:Eagle|||||1305|995|53|2|1|2|60|60|8989|20|6|0|0|0|0
*|BlackBear:Boar:BrownBear:Cougar:Fox:GreatHart:Moose:GreyWolf:GrizzlyBearRiding:Hind:Jaguar:TimberWolf|Turkey:Bird:Bird:Bird:Bird:Eagle|||||3916|2891|53|2|1|2|60|60|8989|20|6|0|0|0|0
*|BlackBear:Boar:BrownBear:Cougar:Fox:GreatHart:Moose:GreyWolf:GrizzlyBearRiding:Hind:Jaguar:TimberWolf|Turkey:Bird:Bird:Bird:Bird:Eagle|||||614|357|53|2|1|2|31|31|8989|10|3|0|0|0|0
*|BlackBear:Boar:BrownBear:Cougar:Fox:GreatHart:Moose:GreyWolf:GrizzlyBearRiding:Hind:Jaguar:TimberWolf|Turkey:Bird:Bird:Bird:Bird:Eagle|||||666|261|53|2|1|2|32|32|8989|11|3|0|0|0|0
*|BlackBear:Boar:BrownBear:Cougar:Fox:GreatHart:Moose:GreyWolf:GrizzlyBearRiding:Hind:Jaguar:TimberWolf|Turkey:Bird:Bird:Bird:Bird:Eagle|||||667|324|53|2|1|2|40|40|8989|13|4|0|0|0|0
*|BlackBear:Boar:BrownBear:Cougar:Fox:GreatHart:Moose:GreyWolf:GrizzlyBearRiding:Hind:Jaguar:TimberWolf|Turkey:Bird:Bird:Bird:Bird:Eagle|||||739|368|53|2|1|2|47|47|8989|16|5|0|0|0|0
*|BlackBear:Boar:BrownBear:Cougar:Fox:GreatHart:Moose:GreyWolf:GrizzlyBearRiding:Hind:Jaguar:TimberWolf|Turkey:Bird:Bird:Bird:Bird:Eagle|||||796|325|53|2|1|2|41|41|8989|14|4|0|0|0|0
*|BlackBear:Boar:BrownBear:Cougar:Fox:GreatHart:Moose:GreyWolf:GrizzlyBearRiding:Hind:Jaguar:TimberWolf|Turkey:Bird:Bird:Bird:Bird:Eagle|||||3526|2238|53|2|1|2|33|33|8989|11|3|0|0|0|0
*|BlackBear:Boar:BrownBear:Cougar:Fox:GreatHart:Moose:GreyWolf:GrizzlyBearRiding:Hind:Jaguar:TimberWolf|Turkey:Bird:Bird:Bird:Bird:Eagle|||||1422|1075|53|2|1|2|74|74|8989|25|8|0|0|0|0
*|BlackBear:Boar:BrownBear:Cougar:Fox:GreatHart:Moose:GreyWolf:GrizzlyBearRiding:Hind:Jaguar:TimberWolf|Turkey:Bird:Bird:Bird:Bird:Eagle|||||3035|582|53|2|1|2|19|19|8989|6|1|0|0|0|0
*|BlackBear:Boar:BrownBear:Cougar:Fox:GreatHart:Moose:GreyWolf:GrizzlyBearRiding:Hind:Jaguar:TimberWolf|Turkey:Bird:Bird:Bird:Bird:Eagle|||||2718|1913|53|2|1|2|67|67|8989|22|7|0|0|0|0
*|BlackBear:Boar:BrownBear:Cougar:Fox:GreatHart:Moose:GreyWolf:GrizzlyBearRiding:Hind:Jaguar:TimberWolf|Turkey:Bird:Bird:Bird:Bird:Eagle|||||3999|310|53|2|1|2|41|41|8989|14|4|0|0|0|0
*|BlackBear:Boar:BrownBear:Cougar:Fox:GreatHart:Moose:GreyWolf:GrizzlyBearRiding:Hind:Jaguar:TimberWolf|Turkey:Bird:Bird:Bird:Bird:Eagle|||||3042|2055|53|2|1|2|41|41|8989|14|4|0|0|0|0
*|BlackBear:Boar:BrownBear:Cougar:Fox:GreatHart:Moose:GreyWolf:GrizzlyBearRiding:Hind:Jaguar:TimberWolf|Turkey:Bird:Bird:Bird:Bird:Eagle|||||3597|1010|53|2|1|2|63|63|8989|21|6|0|0|0|0
*|BlackBear:Boar:BrownBear:Cougar:Fox:GreatHart:Moose:GreyWolf:GrizzlyBearRiding:Hind:Jaguar:TimberWolf|Turkey:Bird:Bird:Bird:Bird:Eagle|||||3647|2105|53|2|1|2|83|83|8989|28|9|0|0|0|0
*|BlackBear:Boar:BrownBear:Cougar:Fox:GreatHart:Moose:GreyWolf:GrizzlyBearRiding:Hind:Jaguar:TimberWolf|Turkey:Bird:Bird:Bird:Bird:Eagle|||||3650|1640|53|2|1|2|60|60|8989|20|6|0|0|0|0
*|BlackBear:Boar:BrownBear:Cougar:Fox:GreatHart:Moose:GreyWolf:GrizzlyBearRiding:Hind:Jaguar:TimberWolf|Turkey:Bird:Bird:Bird:Bird:Eagle|||||881|500|53|2|1|2|45|45|8989|15|4|0|0|0|0
*|BlackBear:Boar:BrownBear:Cougar:Fox:GreatHart:Moose:GreyWolf:GrizzlyBearRiding:Hind:Jaguar:TimberWolf|Turkey:Bird:Bird:Bird:Bird:Eagle|||||1548|795|53|2|1|2|116|116|8989|39|12|0|0|0|0
*|BlackBear:Boar:BrownBear:Cougar:Fox:GreatHart:Moose:GreyWolf:GrizzlyBearRiding:Hind:Jaguar:TimberWolf|Turkey:Bird:Bird:Bird:Bird:Eagle|||||4039|2888|53|2|1|2|61|61|8989|20|6|0|0|0|0
*|BlackBear:Boar:BrownBear:Cougar:Fox:GreatHart:Moose:GreyWolf:GrizzlyBearRiding:Hind:Jaguar:TimberWolf|Turkey:Bird:Bird:Bird:Bird:Eagle|||||4049|192|53|2|1|2|48|48|8989|16|5|0|0|0|0
*|BlackBear:Boar:BrownBear:Cougar:Fox:GreatHart:Moose:GreyWolf:GrizzlyBearRiding:Hind:Jaguar:TimberWolf|Turkey:Bird:Bird:Bird:Bird:Eagle|||||4091|339|53|2|1|2|59|59|8989|20|6|0|0|0|0
*|BlackBear:Boar:BrownBear:Cougar:Fox:GreatHart:Moose:GreyWolf:GrizzlyBearRiding:Hind:Jaguar:TimberWolf|Turkey:Bird:Bird:Bird:Bird:Eagle|||||4163|390|53|2|1|2|38|38|8989|13|4|0|0|0|0
*|BlackBear:Boar:BrownBear:Cougar:Fox:GreatHart:Moose:GreyWolf:GrizzlyBearRiding:Hind:Jaguar:TimberWolf|Turkey:Bird:Bird:Bird:Bird:Eagle|||||2772|1562|53|2|1|2|58|58|8989|19|6|0|0|0|0
*|BlackBear:Boar:BrownBear:Cougar:Fox:GreatHart:Moose:GreyWolf:GrizzlyBearRiding:Hind:Jaguar:TimberWolf|Turkey:Bird:Bird:Bird:Bird:Eagle|||||4193|451|53|2|1|2|33|33|8989|11|3|0|0|0|0
*|BlackBear:Boar:BrownBear:Cougar:Fox:GreatHart:Moose:GreyWolf:GrizzlyBearRiding:Hind:Jaguar:TimberWolf|Turkey:Bird:Bird:Bird:Bird:Eagle|||||2776|1814|53|2|1|2|48|48|8989|16|5|0|0|0|0
*|BlackBear:Boar:BrownBear:Cougar:Fox:GreatHart:Moose:GreyWolf:GrizzlyBearRiding:Hind:Jaguar:TimberWolf|Turkey:Bird:Bird:Bird:Bird:Eagle|||||3713|1834|53|2|1|2|52|52|8989|17|5|0|0|0|0
*|BlackBear:Boar:BrownBear:Cougar:Fox:GreatHart:Moose:GreyWolf:GrizzlyBearRiding:Hind:Jaguar:TimberWolf|Turkey:Bird:Bird:Bird:Bird:Eagle|||||1642|1000|53|2|1|2|100|100|8989|33|10|0|0|0|0
*|BlackBear:Boar:BrownBear:Cougar:Fox:GreatHart:Moose:GreyWolf:GrizzlyBearRiding:Hind:Jaguar:TimberWolf|Turkey:Bird:Bird:Bird:Bird:Eagle|||||3720|1713|53|2|1|2|38|38|8989|13|4|0|0|0|0
*|BlackBear:Boar:BrownBear:Cougar:Fox:GreatHart:Moose:GreyWolf:GrizzlyBearRiding:Hind:Jaguar:TimberWolf|Turkey:Bird:Bird:Bird:Bird:Eagle|||||2813|512|53|2|1|2|25|25|8989|8|2|0|0|0|0
*|BlackBear:Boar:BrownBear:Cougar:Fox:GreatHart:Moose:GreyWolf:GrizzlyBearRiding:Hind:Jaguar:TimberWolf|Turkey:Bird:Bird:Bird:Bird:Eagle|||||3167|1969|53|2|1|2|112|112|8989|37|12|0|0|0|0
*|BlackBear:Boar:BrownBear:Cougar:Fox:GreatHart:Moose:GreyWolf:GrizzlyBearRiding:Hind:Jaguar:TimberWolf|Turkey:Bird:Bird:Bird:Bird:Eagle|||||3750|2175|53|2|1|2|43|43|8989|14|4|0|0|0|0
*|BlackBear:Boar:BrownBear:Cougar:Fox:GreatHart:Moose:GreyWolf:GrizzlyBearRiding:Hind:Jaguar:TimberWolf|Turkey:Bird:Bird:Bird:Bird:Eagle|||||1683|845|53|2|1|2|57|57|8989|19|6|0|0|0|0
*|BlackBear:Boar:BrownBear:Cougar:Fox:GreatHart:Moose:GreyWolf:GrizzlyBearRiding:Hind:Jaguar:TimberWolf|Turkey:Bird:Bird:Bird:Bird:Eagle|||||2823|1691|53|2|1|2|76|76|8989|25|8|0|0|0|0
*|BlackBear:Boar:BrownBear:Cougar:Fox:GreatHart:Moose:GreyWolf:GrizzlyBearRiding:Hind:Jaguar:TimberWolf|Turkey:Bird:Bird:Bird:Bird:Eagle|||||2828|425|53|2|1|2|69|69|8989|23|7|0|0|0|0
*|BlackBear:Boar:BrownBear:Cougar:Fox:GreatHart:Moose:GreyWolf:GrizzlyBearRiding:Hind:Jaguar:TimberWolf|Turkey:Bird:Bird:Bird:Bird:Eagle|||||3766|1770|53|2|1|2|36|36|8989|12|3|0|0|0|0
*|BlackBear:Boar:BrownBear:Cougar:Fox:GreatHart:Moose:GreyWolf:GrizzlyBearRiding:Hind:Jaguar:TimberWolf|Turkey:Bird:Bird:Bird:Bird:Eagle|||||960|490|53|2|1|2|44|44|8989|15|4|0|0|0|0
*|BlackBear:Boar:BrownBear:Cougar:Fox:GreatHart:Moose:GreyWolf:GrizzlyBearRiding:Hind:Jaguar:TimberWolf|Turkey:Bird:Bird:Bird:Bird:Eagle|||||2914|511|53|2|1|2|67|67|8989|22|7|0|0|0|0
*|BlackBear:Boar:BrownBear:Cougar:Fox:GreatHart:Moose:GreyWolf:GrizzlyBearRiding:Hind:Jaguar:TimberWolf|Turkey:Bird:Bird:Bird:Bird:Eagle|||||1799|904|53|2|1|2|101|101|8989|34|11|0|0|0|0
*|BlackBear:Boar:BrownBear:Cougar:Fox:GreatHart:Moose:GreyWolf:GrizzlyBearRiding:Hind:Jaguar:TimberWolf|Turkey:Bird:Bird:Bird:Bird:Eagle|||||1025|264|53|2|1|2|61|61|8989|20|6|0|0|0|0
*|BlackBear:Boar:BrownBear:Cougar:Fox:GreatHart:Moose:GreyWolf:GrizzlyBearRiding:Hind:Jaguar:TimberWolf|Turkey:Bird:Bird:Bird:Bird:Eagle|||||3820|2173|53|2|1|2|32|32|8989|11|3|0|0|0|0
*|BlackBear:Boar:BrownBear:Cougar:Fox:GreatHart:Moose:GreyWolf:GrizzlyBearRiding:Hind:Jaguar:TimberWolf|Turkey:Bird:Bird:Bird:Bird:Eagle|||||2455|553|53|2|1|2|55|55|8989|18|5|0|0|0|0
*|BlackBear:Boar:BrownBear:Cougar:Fox:GreatHart:Moose:GreyWolf:GrizzlyBearRiding:Hind:Jaguar:TimberWolf|Turkey:Bird:Bird:Bird:Bird:Eagle|||||1118|291|53|2|1|2|39|39|8989|13|4|0|0|0|0
*|BlackBear:Boar:BrownBear:Cougar:Fox:GreatHart:Moose:GreyWolf:GrizzlyBearRiding:Hind:Jaguar:TimberWolf|Turkey:Bird:Bird:Bird:Bird:Eagle|||||1121|1130|53|2|1|2|69|69|8989|23|7|0|0|0|0
*|BlackBear:Boar:BrownBear:Cougar:Fox:GreatHart:Moose:GreyWolf:GrizzlyBearRiding:Hind:Jaguar:TimberWolf|Turkey:Bird:Bird:Bird:Bird:Eagle|||||1924|686|53|2|1|2|77|77|8989|26|8|0|0|0|0
*|BlackBear:Boar:BrownBear:Cougar:Fox:GreatHart:Moose:GreyWolf:GrizzlyBearRiding:Hind:Jaguar:TimberWolf|Turkey:Bird:Bird:Bird:Bird:Eagle|||||2470|1740|53|2|1|2|38|38|8989|13|4|0|0|0|0
*|BlackBear:Boar:BrownBear:Cougar:Fox:GreatHart:Moose:GreyWolf:GrizzlyBearRiding:Hind:Jaguar:TimberWolf|Turkey:Bird:Bird:Bird:Bird:Eagle|||||3314|1941|53|2|1|2|45|45|8989|15|4|0|0|0|0
*|BlackBear:Boar:BrownBear:Cougar:Fox:GreatHart:Moose:GreyWolf:GrizzlyBearRiding:Hind:Jaguar:TimberWolf|Turkey:Bird:Bird:Bird:Bird:Eagle|||||1960|999|53|2|1|2|96|96|8989|32|10|0|0|0|0
*|BlackBear:Boar:BrownBear:Cougar:Fox:GreatHart:Moose:GreyWolf:GrizzlyBearRiding:Hind:Jaguar:TimberWolf|Turkey:Bird:Bird:Bird:Bird:Eagle|||||1974|584|53|2|1|2|58|58|8989|19|6|0|0|0|0
*|BlackBear:Boar:BrownBear:Cougar:Fox:GreatHart:Moose:GreyWolf:GrizzlyBearRiding:Hind:Jaguar:TimberWolf|Turkey:Bird:Bird:Bird:Bird:Eagle|||||1975|831|53|2|1|2|89|89|8989|30|9|0|0|0|0
*|BlackBear:Boar:BrownBear:Cougar:Fox:GreatHart:Moose:GreyWolf:GrizzlyBearRiding:Hind:Jaguar:TimberWolf|Turkey:Bird:Bird:Bird:Bird:Eagle|||||3328|2105|53|2|1|2|118|118|8989|39|12|0|0|0|0
*|BlackBear:Boar:BrownBear:Cougar:Fox:GreatHart:Moose:GreyWolf:GrizzlyBearRiding:Hind:Jaguar:TimberWolf|Turkey:Bird:Bird:Bird:Bird:Eagle|||||3334|1355|53|2|1|2|47|47|8989|16|5|0|0|0|0
*|BlackBear:Boar:BrownBear:Cougar:Fox:GreatHart:Moose:GreyWolf:GrizzlyBearRiding:Hind:Jaguar:TimberWolf|Turkey:Bird:Bird:Bird:Bird:Eagle|||||548|391|53|2|1|2|43|43|8989|14|4|0|0|0|0
*|Boar:Gorilla:Monkey:PandaRiding:Panther:Toad|TropicalBird:TropicalBird:TropicalBird:Crane|||||3364|2859|33|2|1|2|32|32|8989|6|1|0|0|0|0
*|Boar:Gorilla:Monkey:PandaRiding:Panther:Toad|TropicalBird:TropicalBird:TropicalBird:Crane|||||3382|2698|33|2|1|2|32|32|8989|6|1|0|0|0|0
*|Boar:Gorilla:Monkey:PandaRiding:Panther:Toad|TropicalBird:TropicalBird:TropicalBird:Crane|||||3410|2654|33|2|1|2|25|25|8989|5|1|0|0|0|0
*|Boar:Gorilla:Monkey:PandaRiding:Panther:Toad|TropicalBird:TropicalBird:TropicalBird:Crane|||||3004|2654|33|2|1|2|23|23|8989|5|1|0|0|0|0
*|Boar:Gorilla:Monkey:PandaRiding:Panther:Toad|TropicalBird:TropicalBird:TropicalBird:Crane|||||3486|2663|33|2|1|2|47|47|8989|9|2|0|0|0|0
*|Boar:Gorilla:Monkey:PandaRiding:Panther:Toad|TropicalBird:TropicalBird:TropicalBird:Crane|||||3528|2610|33|2|1|2|39|39|8989|8|2|0|0|0|0
*|Boar:Gorilla:Monkey:PandaRiding:Panther:Toad|TropicalBird:TropicalBird:TropicalBird:Crane|||||3532|2719|33|2|1|2|29|29|8989|6|1|0|0|0|0
*|Boar:Gorilla:Monkey:PandaRiding:Panther:Toad|TropicalBird:TropicalBird:TropicalBird:Crane|||||3039|2680|33|2|1|2|24|24|8989|5|1|0|0|0|0
*|Boar:Gorilla:Monkey:PandaRiding:Panther:Toad|TropicalBird:TropicalBird:TropicalBird:Crane|||||3208|2727|33|2|1|2|22|22|8989|4|1|0|0|0|0
*|Boar:Gorilla:Monkey:PandaRiding:Panther:Toad|TropicalBird:TropicalBird:TropicalBird:Crane|||||3209|2811|33|2|1|2|22|22|8989|4|1|0|0|0|0
*|Boar:Gorilla:Monkey:PandaRiding:Panther:Toad|TropicalBird:TropicalBird:TropicalBird:Crane|||||3239|2852|33|2|1|2|23|23|8989|5|1|0|0|0|0
*|Boar:Gorilla:Monkey:PandaRiding:Panther:Toad|TropicalBird:TropicalBird:TropicalBird:Crane|||||3278|2877|33|2|1|2|22|22|8989|4|1|0|0|0|0
*|Boar:Gorilla:Monkey:PandaRiding:Panther:Toad|TropicalBird:TropicalBird:TropicalBird:Crane|||||3313|2819|33|2|1|2|23|23|8989|5|1|0|0|0|0
*|Boar:Gorilla:Monkey:PandaRiding:Panther:Toad|TropicalBird:TropicalBird:TropicalBird:Crane|||||3321|2698|33|2|1|2|26|26|8989|5|1|0|0|0|0
*|Boar:Gorilla:Monkey:PandaRiding:Panther:Toad|TropicalBird:TropicalBird:TropicalBird:Crane|||||3325|2885|33|2|1|2|23|23|8989|5|1|0|0|0|0
*|Boar:Gorilla:Monkey:PandaRiding:Panther:Toad|TropicalBird:TropicalBird:TropicalBird:Crane|||||878|1493|33|2|1|2|35|35|8989|12|3|0|0|0|0
*|Boar:Gorilla:Monkey:PandaRiding:Panther:Toad|TropicalBird:TropicalBird:TropicalBird:Crane|||||1536|1709|33|2|1|2|34|34|8989|11|3|0|0|0|0
*|Boar:Gorilla:Monkey:PandaRiding:Panther:Toad|TropicalBird:TropicalBird:TropicalBird:Crane|||||884|1064|33|2|1|2|35|35|8989|12|3|0|0|0|0
*|Boar:Gorilla:Monkey:PandaRiding:Panther:Toad|TropicalBird:TropicalBird:TropicalBird:Crane|||||884|1137|33|2|1|2|30|30|8989|10|3|0|0|0|0
*|Boar:Gorilla:Monkey:PandaRiding:Panther:Toad|TropicalBird:TropicalBird:TropicalBird:Crane|||||1576|1205|33|2|1|2|34|34|8989|11|3|0|0|0|0
*|Boar:Gorilla:Monkey:PandaRiding:Panther:Toad|TropicalBird:TropicalBird:TropicalBird:Crane|||||893|1641|33|2|1|2|49|49|8989|16|5|0|0|0|0
*|Boar:Gorilla:Monkey:PandaRiding:Panther:Toad|TropicalBird:TropicalBird:TropicalBird:Crane|||||894|936|33|2|1|2|40|40|8989|13|4|0|0|0|0
*|Boar:Gorilla:Monkey:PandaRiding:Panther:Toad|TropicalBird:TropicalBird:TropicalBird:Crane|||||1636|1205|33|2|1|2|32|32|8989|11|3|0|0|0|0
*|Boar:Gorilla:Monkey:PandaRiding:Panther:Toad|TropicalBird:TropicalBird:TropicalBird:Crane|||||925|1459|33|2|1|2|27|27|8989|9|2|0|0|0|0
*|Boar:Gorilla:Monkey:PandaRiding:Panther:Toad|TropicalBird:TropicalBird:TropicalBird:Crane|||||939|1152|33|2|1|2|28|28|8989|9|2|0|0|0|0
*|Boar:Gorilla:Monkey:PandaRiding:Panther:Toad|TropicalBird:TropicalBird:TropicalBird:Crane|||||1702|1234|33|2|1|2|39|39|8989|13|4|0|0|0|0
*|Boar:Gorilla:Monkey:PandaRiding:Panther:Toad|TropicalBird:TropicalBird:TropicalBird:Crane|||||966|962|33|2|1|2|39|39|8989|13|4|0|0|0|0
*|Boar:Gorilla:Monkey:PandaRiding:Panther:Toad|TropicalBird:TropicalBird:TropicalBird:Crane|||||985|1185|33|2|1|2|23|23|8989|8|2|0|0|0|0
*|Boar:Gorilla:Monkey:PandaRiding:Panther:Toad|TropicalBird:TropicalBird:TropicalBird:Crane|||||1780|1254|33|2|1|2|45|45|8989|15|4|0|0|0|0
*|Boar:Gorilla:Monkey:PandaRiding:Panther:Toad|TropicalBird:TropicalBird:TropicalBird:Crane|||||1033|1210|33|2|1|2|31|31|8989|10|3|0|0|0|0
*|Boar:Gorilla:Monkey:PandaRiding:Panther:Toad|TropicalBird:TropicalBird:TropicalBird:Crane|||||1041|966|33|2|1|2|38|38|8989|13|4|0|0|0|0
*|Boar:Gorilla:Monkey:PandaRiding:Panther:Toad|TropicalBird:TropicalBird:TropicalBird:Crane|||||1081|1245|33|2|1|2|35|35|8989|12|3|0|0|0|0
*|Boar:Gorilla:Monkey:PandaRiding:Panther:Toad|TropicalBird:TropicalBird:TropicalBird:Crane|||||1863|1264|33|2|1|2|49|49|8989|16|5|0|0|0|0
*|Boar:Gorilla:Monkey:PandaRiding:Panther:Toad|TropicalBird:TropicalBird:TropicalBird:Crane|||||1124|1293|33|2|1|2|42|42|8989|14|4|0|0|0|0
*|Boar:Gorilla:Monkey:PandaRiding:Panther:Toad|TropicalBird:TropicalBird:TropicalBird:Crane|||||1165|1361|33|2|1|2|33|33|8989|11|3|0|0|0|0
*|Boar:Gorilla:Monkey:PandaRiding:Panther:Toad|TropicalBird:TropicalBird:TropicalBird:Crane|||||2085|1693|33|2|1|2|41|41|8989|14|4|0|0|0|0
*|Boar:Gorilla:Monkey:PandaRiding:Panther:Toad|TropicalBird:TropicalBird:TropicalBird:Crane|||||2086|1337|33|2|1|2|76|76|8989|25|8|0|0|0|0
*|Boar:Gorilla:Monkey:PandaRiding:Panther:Toad|TropicalBird:TropicalBird:TropicalBird:Crane|||||2131|1643|33|2|1|2|41|41|8989|14|4|0|0|0|0
*|Boar:Gorilla:Monkey:PandaRiding:Panther:Toad|TropicalBird:TropicalBird:TropicalBird:Crane|||||2156|1429|33|2|1|2|49|49|8989|16|5|0|0|0|0
*|Boar:Gorilla:Monkey:PandaRiding:Panther:Toad|TropicalBird:TropicalBird:TropicalBird:Crane|||||2163|1706|33|2|1|2|35|35|8989|7|2|0|0|0|0
*|Boar:Gorilla:Monkey:PandaRiding:Panther:Toad|TropicalBird:TropicalBird:TropicalBird:Crane|||||2234|1344|33|2|1|2|88|88|8989|29|9|0|0|0|0
*|Boar:Gorilla:Monkey:PandaRiding:Panther:Toad|TropicalBird:TropicalBird:TropicalBird:Crane|||||2240|1665|33|2|1|2|67|67|8989|22|7|0|0|0|0
*|Boar:Gorilla:Monkey:PandaRiding:Panther:Toad|TropicalBird:TropicalBird:TropicalBird:Crane|||||2342|1420|33|2|1|2|63|63|8989|21|6|0|0|0|0
*|Boar:Gorilla:Monkey:PandaRiding:Panther:Toad|TropicalBird:TropicalBird:TropicalBird:Crane|||||2358|1620|33|2|1|2|80|80|8989|27|8|0|0|0|0
*|Boar:Gorilla:Monkey:PandaRiding:Panther:Toad|TropicalBird:TropicalBird:TropicalBird:Crane|||||2414|1501|33|2|1|2|78|78|8989|26|8|0|0|0|0
*|Boar:Gorilla:Monkey:PandaRiding:Panther:Toad|TropicalBird:TropicalBird:TropicalBird:Crane|||||1967|1286|33|2|1|2|70|70|8989|23|7|0|0|0|0
*|Boar:Gorilla:Monkey:PandaRiding:Panther:Toad|TropicalBird:TropicalBird:TropicalBird:Crane|||||2476|1616|33|2|1|2|54|54|8989|18|5|0|0|0|0
*|Boar:Gorilla:Monkey:PandaRiding:Panther:Toad|TropicalBird:TropicalBird:TropicalBird:Crane|||||2520|1520|33|2|1|2|62|62|8989|21|6|0|0|0|0
*|Boar:Gorilla:Monkey:PandaRiding:Panther:Toad|TropicalBird:TropicalBird:TropicalBird:Crane|||||2009|1712|33|2|1|2|35|35|8989|7|2|0|0|0|0
*|Boar:Gorilla:Monkey:PandaRiding:Panther:Toad|TropicalBird:TropicalBird:TropicalBird:Crane|||||2989|1691|33|2|1|2|20|20|8989|4|1|0|0|0|0
*|Boar:Gorilla:Monkey:PandaRiding:Panther:Toad|TropicalBird:TropicalBird:TropicalBird:Crane|||||2998|1801|33|2|1|2|15|15|8989|3|0|0|0|0|0
*|Boar:Gorilla:Monkey:PandaRiding:Panther:Toad|TropicalBird:TropicalBird:TropicalBird:Crane|||||2998|1847|33|2|1|2|18|18|8989|4|1|0|0|0|0
*|Boar:Gorilla:Monkey:PandaRiding:Panther:Toad|TropicalBird:TropicalBird:TropicalBird:Crane|||||3457|1864|33|2|1|2|24|24|8989|5|1|0|0|0|0
*|Boar:Gorilla:Monkey:PandaRiding:Panther:Toad|TropicalBird:TropicalBird:TropicalBird:Crane|||||3465|1904|33|2|1|2|30|30|8989|6|1|0|0|0|0
*|Boar:Gorilla:Monkey:PandaRiding:Panther:Toad|TropicalBird:TropicalBird:TropicalBird:Crane|||||3011|1754|33|2|1|2|17|17|8989|3|0|0|0|0|0
*|Boar:Gorilla:Monkey:PandaRiding:Panther:Toad|TropicalBird:TropicalBird:TropicalBird:Crane|||||2305|320|23|2|1|2|7|7|8989|1|0|0|0|0|0
*|Boar:Gorilla:Monkey:PandaRiding:Panther:Toad|TropicalBird:TropicalBird:TropicalBird:Crane|||||3497|1787|33|2|1|2|29|29|8989|6|1|0|0|0|0
*|Boar:Gorilla:Monkey:PandaRiding:Panther:Toad|TropicalBird:TropicalBird:TropicalBird:Crane|||||2315|333|23|2|1|2|16|16|8989|2|0|0|0|0|0
*|Boar:Gorilla:Monkey:PandaRiding:Panther:Toad|TropicalBird:TropicalBird:TropicalBird:Crane|||||3514|1925|33|2|1|2|33|33|8989|7|2|0|0|0|0
*|Boar:Gorilla:Monkey:PandaRiding:Panther:Toad|TropicalBird:TropicalBird:TropicalBird:Crane|||||3550|1765|33|2|1|2|25|25|8989|5|1|0|0|0|0
*|Boar:Gorilla:Monkey:PandaRiding:Panther:Toad|TropicalBird:TropicalBird:TropicalBird:Crane|||||2377|324|23|2|1|2|10|10|8989|1|0|0|0|0|0
*|Boar:Gorilla:Monkey:PandaRiding:Panther:Toad|TropicalBird:TropicalBird:TropicalBird:Crane|||||3567|1929|33|2|1|2|25|25|8989|5|1|0|0|0|0
*|Boar:Gorilla:Monkey:PandaRiding:Panther:Toad|TropicalBird:TropicalBird:TropicalBird:Crane|||||3577|1867|33|2|1|2|17|17|8989|3|0|0|0|0|0
*|Boar:Gorilla:Monkey:PandaRiding:Panther:Toad|TropicalBird:TropicalBird:TropicalBird:Crane|||||3056|1798|33|2|1|2|16|16|8989|3|0|0|0|0|0
*|Boar:Gorilla:Monkey:PandaRiding:Panther:Toad|TropicalBird:TropicalBird:TropicalBird:Crane|||||3070|1586|33|2|1|2|20|20|8989|4|1|0|0|0|0
*|Boar:Gorilla:Monkey:PandaRiding:Panther:Toad|TropicalBird:TropicalBird:TropicalBird:Crane|||||3649|1131|33|2|1|2|66|66|8989|13|4|0|0|0|0
*|Boar:Gorilla:Monkey:PandaRiding:Panther:Toad|TropicalBird:TropicalBird:TropicalBird:Crane|||||3655|926|33|2|1|2|34|34|8989|7|2|0|0|0|0
*|Boar:Gorilla:Monkey:PandaRiding:Panther:Toad|TropicalBird:TropicalBird:TropicalBird:Crane|||||3675|682|33|2|1|2|20|20|8989|4|1|0|0|0|0
*|Boar:Gorilla:Monkey:PandaRiding:Panther:Toad|TropicalBird:TropicalBird:TropicalBird:Crane|||||3099|1552|33|2|1|2|18|18|8989|4|1|0|0|0|0
*|Boar:Gorilla:Monkey:PandaRiding:Panther:Toad|TropicalBird:TropicalBird:TropicalBird:Crane|||||3113|1749|33|2|1|2|33|33|8989|7|2|0|0|0|0
*|Boar:Gorilla:Monkey:PandaRiding:Panther:Toad|TropicalBird:TropicalBird:TropicalBird:Crane|||||3126|1791|33|2|1|2|21|21|8989|4|1|0|0|0|0
*|Boar:Gorilla:Monkey:PandaRiding:Panther:Toad|TropicalBird:TropicalBird:TropicalBird:Crane|||||3719|861|33|2|1|2|60|60|8989|12|3|0|0|0|0
*|Boar:Gorilla:Monkey:PandaRiding:Panther:Toad|TropicalBird:TropicalBird:TropicalBird:Crane|||||3152|1530|33|2|1|2|40|40|8989|8|2|0|0|0|0
*|Boar:Gorilla:Monkey:PandaRiding:Panther:Toad|TropicalBird:TropicalBird:TropicalBird:Crane|||||3720|972|33|2|1|2|53|53|8989|11|3|0|0|0|0
*|Boar:Gorilla:Monkey:PandaRiding:Panther:Toad|TropicalBird:TropicalBird:TropicalBird:Crane|||||3722|756|33|2|1|2|58|58|8989|12|3|0|0|0|0
*|Boar:Gorilla:Monkey:PandaRiding:Panther:Toad|TropicalBird:TropicalBird:TropicalBird:Crane|||||3742|653|33|2|1|2|24|24|8989|5|1|0|0|0|0
*|Boar:Gorilla:Monkey:PandaRiding:Panther:Toad|TropicalBird:TropicalBird:TropicalBird:Crane|||||3742|1090|33|2|1|2|33|33|8989|7|2|0|0|0|0
*|Boar:Gorilla:Monkey:PandaRiding:Panther:Toad|TropicalBird:TropicalBird:TropicalBird:Crane|||||3747|1236|33|2|1|2|34|34|8989|7|2|0|0|0|0
*|Boar:Gorilla:Monkey:PandaRiding:Panther:Toad|TropicalBird:TropicalBird:TropicalBird:Crane|||||3170|1801|33|2|1|2|18|18|8989|4|1|0|0|0|0
*|Boar:Gorilla:Monkey:PandaRiding:Panther:Toad|TropicalBird:TropicalBird:TropicalBird:Crane|||||3752|1031|33|2|1|2|28|28|8989|6|1|0|0|0|0
*|Boar:Gorilla:Monkey:PandaRiding:Panther:Toad|TropicalBird:TropicalBird:TropicalBird:Crane|||||3752|1168|33|2|1|2|31|31|8989|6|1|0|0|0|0
*|Boar:Gorilla:Monkey:PandaRiding:Panther:Toad|TropicalBird:TropicalBird:TropicalBird:Crane|||||3204|1745|33|2|1|2|38|38|8989|8|2|0|0|0|0
*|Boar:Gorilla:Monkey:PandaRiding:Panther:Toad|TropicalBird:TropicalBird:TropicalBird:Crane|||||3801|1121|33|2|1|2|34|34|8989|7|2|0|0|0|0
*|Boar:Gorilla:Monkey:PandaRiding:Panther:Toad|TropicalBird:TropicalBird:TropicalBird:Crane|||||2923|1741|33|2|1|2|17|17|8989|3|0|0|0|0|0
*|Boar:Gorilla:Monkey:PandaRiding:Panther:Toad|TropicalBird:TropicalBird:TropicalBird:Crane|||||2540|2237|33|2|1|2|81|81|8989|27|8|0|0|0|0
*|Boar:Gorilla:Monkey:PandaRiding:Panther:Toad|TropicalBird:TropicalBird:TropicalBird:Crane|||||2073|2436|33|2|1|2|132|132|8989|44|14|0|0|0|0
*|Boar:Gorilla:Monkey:PandaRiding:Panther:Toad|TropicalBird:TropicalBird:TropicalBird:Crane|||||2615|2480|33|2|1|2|85|85|8989|28|9|0|0|0|0
*|Boar:Gorilla:Monkey:PandaRiding:Panther:Toad|TropicalBird:TropicalBird:TropicalBird:Crane|||||2663|2190|33|2|1|2|76|76|8989|25|8|0|0|0|0
*|Boar:Gorilla:Monkey:PandaRiding:Panther:Toad|TropicalBird:TropicalBird:TropicalBird:Crane|||||2226|2396|33|2|1|2|139|139|8989|46|15|0|0|0|0
*|Boar:Gorilla:Monkey:PandaRiding:Panther:Toad|TropicalBird:TropicalBird:TropicalBird:Crane|||||2237|2564|33|2|1|2|125|125|8989|42|13|0|0|0|0
*|Boar:Gorilla:Monkey:PandaRiding:Panther:Toad|TropicalBird:TropicalBird:TropicalBird:Crane|||||2747|2606|33|2|1|2|107|107|8989|36|11|0|0|0|0
*|Boar:Gorilla:Monkey:PandaRiding:Panther:Toad|TropicalBird:TropicalBird:TropicalBird:Crane|||||2748|2387|33|2|1|2|159|159|8989|53|17|0|0|0|0
*|Boar:Gorilla:Monkey:PandaRiding:Panther:Toad|TropicalBird:TropicalBird:TropicalBird:Crane|||||2782|2185|33|2|1|2|69|69|8989|23|7|0|0|0|0
*|Boar:Gorilla:Monkey:PandaRiding:Panther:Toad|TropicalBird:TropicalBird:TropicalBird:Crane|||||2399|2310|33|2|1|2|89|89|8989|30|9|0|0|0|0
*|Boar:Gorilla:Monkey:PandaRiding:Panther:Toad|TropicalBird:TropicalBird:TropicalBird:Crane|||||2922|2256|33|2|1|2|99|99|8989|33|10|0|0|0|0
*|Boar:Gorilla:Monkey:PandaRiding:Panther:Toad|TropicalBird:TropicalBird:TropicalBird:Crane|||||2434|2491|33|2|1|2|101|101|8989|34|11|0|0|0|0
*|Boar:Gorilla:Monkey:PandaRiding:Panther:Toad|TropicalBird:TropicalBird:TropicalBird:Crane|||||1857|2495|33|2|1|2|92|92|8989|31|10|0|0|0|0
*|Boar:Gorilla:Monkey:PandaRiding:Panther:Toad|TropicalBird:TropicalBird:TropicalBird:Crane|||||4475|2022|8|2|1|2|17|17|8989|4|1|0|0|0|0
*|Boar:Gorilla:Monkey:PandaRiding:Panther:Toad|TropicalBird:TropicalBird:TropicalBird:Crane|||||4481|1742|8|2|1|2|25|25|8989|5|1|0|0|0|0
*|Boar:Gorilla:Monkey:PandaRiding:Panther:Toad|TropicalBird:TropicalBird:TropicalBird:Crane|||||4514|2019|8|2|1|2|19|19|8989|4|1|0|0|0|0
*|Boar:Gorilla:Monkey:PandaRiding:Panther:Toad|TropicalBird:TropicalBird:TropicalBird:Crane|||||4534|1759|8|2|1|2|30|30|8989|10|3|0|0|0|0
*|Boar:Gorilla:Monkey:PandaRiding:Panther:Toad|TropicalBird:TropicalBird:TropicalBird:Crane|||||4538|1906|8|2|1|2|43|43|8989|19|6|0|0|0|0
*|Boar:Gorilla:Monkey:PandaRiding:Panther:Toad|TropicalBird:TropicalBird:TropicalBird:Crane|||||4549|1806|8|2|1|2|21|21|8989|4|1|0|0|0|0
*|Boar:Gorilla:Monkey:PandaRiding:Panther:Toad|TropicalBird:TropicalBird:TropicalBird:Crane|||||4553|1847|8|2|1|2|18|18|8989|4|1|0|0|0|0
*|Boar:Gorilla:Monkey:PandaRiding:Panther:Toad|TropicalBird:TropicalBird:TropicalBird:Crane|||||4560|2014|8|2|1|2|22|22|8989|4|1|0|0|0|0
*|Boar:Gorilla:Monkey:PandaRiding:Panther:Toad|TropicalBird:TropicalBird:TropicalBird:Crane|||||4564|1970|8|2|1|2|25|25|8989|5|1|0|0|0|0
*|Boar:Gorilla:Monkey:PandaRiding:Panther:Toad|TropicalBird:TropicalBird:TropicalBird:Crane|||||4379|1780|8|2|1|2|39|39|8989|18|5|0|0|0|0
*|Boar:Gorilla:Monkey:PandaRiding:Panther:Toad|TropicalBird:TropicalBird:TropicalBird:Crane|||||4400|1845|8|2|1|2|21|21|8989|4|1|0|0|0|0
*|Boar:Gorilla:Monkey:PandaRiding:Panther:Toad|TropicalBird:TropicalBird:TropicalBird:Crane|||||4412|1893|8|2|1|2|19|19|8989|4|1|0|0|0|0
*|Boar:Gorilla:Monkey:PandaRiding:Panther:Toad|TropicalBird:TropicalBird:TropicalBird:Crane|||||4425|1977|8|2|1|2|32|32|8989|10|3|0|0|0|0
*|Boar:Gorilla:Monkey:PandaRiding:Panther:Toad|TropicalBird:TropicalBird:TropicalBird:Crane|||||4432|1744|8|2|1|2|30|30|8989|10|3|0|0|0|0
*|Boar:Gorilla:Monkey:PandaRiding:Panther:Toad|TropicalBird:TropicalBird:TropicalBird:Crane|||||4434|2023|8|2|1|2|16|16|8989|4|1|0|0|0|0
*|Boar:Gorilla:Monkey:PandaRiding:Panther:Toad|TropicalBird:TropicalBird:TropicalBird:Crane|||||4447|1921|8|2|1|2|31|31|8989|10|3|0|0|0|0
*|Boar:Gorilla:Monkey:PandaRiding:Panther:Toad|TropicalBird:TropicalBird:TropicalBird:Crane|||||1206|1455|33|2|1|2|64|64|8989|21|6|0|0|0|0
*|Boar:Gorilla:Monkey:PandaRiding:Panther:Toad|TropicalBird:TropicalBird:TropicalBird:Crane|||||1277|1502|33|2|1|2|40|40|8989|13|4|0|0|0|0
*|Boar:Gorilla:Monkey:PandaRiding:Panther:Toad|TropicalBird:TropicalBird:TropicalBird:Crane|||||1282|1374|33|2|1|2|60|60|8989|20|6|0|0|0|0
*|Boar:Gorilla:Monkey:PandaRiding:Panther:Toad|TropicalBird:TropicalBird:TropicalBird:Crane|||||1319|1592|33|2|1|2|53|53|8989|18|5|0|0|0|0
*|Boar:Gorilla:Monkey:PandaRiding:Panther:Toad|TropicalBird:TropicalBird:TropicalBird:Crane|||||1337|1500|33|2|1|2|42|42|8989|14|4|0|0|0|0
*|Boar:Gorilla:Monkey:PandaRiding:Panther:Toad|TropicalBird:TropicalBird:TropicalBird:Crane|||||1339|1261|33|2|1|2|33|33|8989|11|3|0|0|0|0
*|Boar:Gorilla:Monkey:PandaRiding:Panther:Toad|TropicalBird:TropicalBird:TropicalBird:Crane|||||1342|1421|33|2|1|2|37|37|8989|12|3|0|0|0|0
*|Boar:Gorilla:Monkey:PandaRiding:Panther:Toad|TropicalBird:TropicalBird:TropicalBird:Crane|||||1370|1658|33|2|1|2|37|37|8989|12|3|0|0|0|0
*|Boar:Gorilla:Monkey:PandaRiding:Panther:Toad|TropicalBird:TropicalBird:TropicalBird:Crane|||||812|1588|33|2|1|2|33|33|8989|11|3|0|0|0|0
*|Boar:Gorilla:Monkey:PandaRiding:Panther:Toad|TropicalBird:TropicalBird:TropicalBird:Crane|||||824|969|33|2|1|2|32|32|8989|11|3|0|0|0|0
*|Boar:Gorilla:Monkey:PandaRiding:Panther:Toad|TropicalBird:TropicalBird:TropicalBird:Crane|||||826|1032|33|2|1|2|31|31|8989|10|3|0|0|0|0
*|Boar:Gorilla:Monkey:PandaRiding:Panther:Toad|TropicalBird:TropicalBird:TropicalBird:Crane|||||1424|1239|33|2|1|2|55|55|8989|18|5|0|0|0|0
*|Boar:Gorilla:Monkey:PandaRiding:Panther:Toad|TropicalBird:TropicalBird:TropicalBird:Crane|||||1460|1679|33|2|1|2|44|44|8989|15|4|0|0|0|0
*|Boar:Gorilla:Monkey:PandaRiding:Panther:Toad|TropicalBird:TropicalBird:TropicalBird:Crane|||||866|1562|33|2|1|2|31|31|8989|10|3|0|0|0|0
*|Boar:Gorilla:Monkey:PandaRiding:Panther:Toad|TropicalBird:TropicalBird:TropicalBird:Crane|||||1509|1220|33|2|1|2|33|33|8989|11|3|0|0|0|0
*|BrownBear:Elephant:Fox:Goat:Gazelle:Moose:Ostrich:Cheetah:Hyena:Giraffe:MountainGoat:ZebraRiding|Bird:Bird:Bird:Bird:Eagle:Hawk|||||2554|462|53|2|1|2|73|73|8989|24|7|0|0|0|0
*|BrownBear:Elephant:Fox:Goat:Gazelle:Moose:Ostrich:Cheetah:Hyena:Giraffe:MountainGoat:ZebraRiding|Bird:Bird:Bird:Bird:Eagle:Hawk|||||1222|599|53|2|1|2|29|29|8989|10|3|0|0|0|0
*|BrownBear:Elephant:Fox:Goat:Gazelle:Moose:Ostrich:Cheetah:Hyena:Giraffe:MountainGoat:ZebraRiding|Bird:Bird:Bird:Bird:Eagle:Hawk|||||1246|1753|53|2|1|2|71|71|8989|24|7|0|0|0|0
*|BrownBear:Elephant:Fox:Goat:Gazelle:Moose:Ostrich:Cheetah:Hyena:Giraffe:MountainGoat:ZebraRiding|Bird:Bird:Bird:Bird:Eagle:Hawk|||||2633|667|53|2|1|2|55|55|8989|18|5|0|0|0|0
*|BrownBear:Elephant:Fox:Goat:Gazelle:Moose:Ostrich:Cheetah:Hyena:Giraffe:MountainGoat:ZebraRiding|Bird:Bird:Bird:Bird:Eagle:Hawk|||||2640|579|53|2|1|2|34|34|8989|11|3|0|0|0|0
*|BrownBear:Elephant:Fox:Goat:Gazelle:Moose:Ostrich:Cheetah:Hyena:Giraffe:MountainGoat:ZebraRiding|Bird:Bird:Bird:Bird:Eagle:Hawk|||||2994|641|53|2|1|2|50|50|8989|17|5|0|0|0|0
*|BrownBear:Elephant:Fox:Goat:Gazelle:Moose:Ostrich:Cheetah:Hyena:Giraffe:MountainGoat:ZebraRiding|Bird:Bird:Bird:Bird:Eagle:Hawk|||||2996|1331|53|2|1|2|44|44|8989|15|4|0|0|0|0
*|BrownBear:Elephant:Fox:Goat:Gazelle:Moose:Ostrich:Cheetah:Hyena:Giraffe:MountainGoat:ZebraRiding|Bird:Bird:Bird:Bird:Eagle:Hawk|||||1288|1835|53|2|1|2|32|32|8989|11|3|0|0|0|0
*|BrownBear:Elephant:Fox:Goat:Gazelle:Moose:Ostrich:Cheetah:Hyena:Giraffe:MountainGoat:ZebraRiding|Bird:Bird:Bird:Bird:Eagle:Hawk|||||3405|2465|53|2|1|2|69|69|8989|23|7|0|0|0|0
*|BrownBear:Elephant:Fox:Goat:Gazelle:Moose:Ostrich:Cheetah:Hyena:Giraffe:MountainGoat:ZebraRiding|Bird:Bird:Bird:Bird:Eagle:Hawk|||||3004|2586|53|2|1|2|44|44|8989|15|4|0|0|0|0
*|BrownBear:Elephant:Fox:Goat:Gazelle:Moose:Ostrich:Cheetah:Hyena:Giraffe:MountainGoat:ZebraRiding|Bird:Bird:Bird:Bird:Eagle:Hawk|||||3445|2575|53|2|1|2|51|51|8989|17|5|0|0|0|0
*|BrownBear:Elephant:Fox:Goat:Gazelle:Moose:Ostrich:Cheetah:Hyena:Giraffe:MountainGoat:ZebraRiding|Bird:Bird:Bird:Bird:Eagle:Hawk|||||1356|1793|53|2|1|2|51|51|8989|17|5|0|0|0|0
*|BrownBear:Elephant:Fox:Goat:Gazelle:Moose:Ostrich:Cheetah:Hyena:Giraffe:MountainGoat:ZebraRiding|Bird:Bird:Bird:Bird:Eagle:Hawk|||||793|559|53|2|1|2|39|39|8989|13|4|0|0|0|0
*|BrownBear:Elephant:Fox:Goat:Gazelle:Moose:Ostrich:Cheetah:Hyena:Giraffe:MountainGoat:ZebraRiding|Bird:Bird:Bird:Bird:Eagle:Hawk|||||3940|2792|53|2|1|2|76|76|8989|25|8|0|0|0|0
*|BrownBear:Elephant:Fox:Goat:Gazelle:Moose:Ostrich:Cheetah:Hyena:Giraffe:MountainGoat:ZebraRiding|Bird:Bird:Bird:Bird:Eagle:Hawk|||||3011|1178|53|2|1|2|38|38|8989|13|4|0|0|0|0
*|BrownBear:Elephant:Fox:Goat:Gazelle:Moose:Ostrich:Cheetah:Hyena:Giraffe:MountainGoat:ZebraRiding|Bird:Bird:Bird:Bird:Eagle:Hawk|||||2687|513|53|2|1|2|33|33|8989|11|3|0|0|0|0
*|BrownBear:Elephant:Fox:Goat:Gazelle:Moose:Ostrich:Cheetah:Hyena:Giraffe:MountainGoat:ZebraRiding|Bird:Bird:Bird:Bird:Eagle:Hawk|||||3025|1246|53|2|1|2|32|32|8989|11|3|0|0|0|0
*|BrownBear:Elephant:Fox:Goat:Gazelle:Moose:Ostrich:Cheetah:Hyena:Giraffe:MountainGoat:ZebraRiding|Bird:Bird:Bird:Bird:Eagle:Hawk|||||3529|2503|53|2|1|2|65|65|8989|22|7|0|0|0|0
*|BrownBear:Elephant:Fox:Goat:Gazelle:Moose:Ostrich:Cheetah:Hyena:Giraffe:MountainGoat:ZebraRiding|Bird:Bird:Bird:Bird:Eagle:Hawk|||||3026|2401|53|2|1|2|105|105|8989|35|11|0|0|0|0
*|BrownBear:Elephant:Fox:Goat:Gazelle:Moose:Ostrich:Cheetah:Hyena:Giraffe:MountainGoat:ZebraRiding|Bird:Bird:Bird:Bird:Eagle:Hawk|||||3046|753|53|2|1|2|82|82|8989|27|8|0|0|0|0
*|BrownBear:Elephant:Fox:Goat:Gazelle:Moose:Ostrich:Cheetah:Hyena:Giraffe:MountainGoat:ZebraRiding|Bird:Bird:Bird:Bird:Eagle:Hawk|||||4008|2681|53|2|1|2|67|67|8989|22|7|0|0|0|0
*|BrownBear:Elephant:Fox:Goat:Gazelle:Moose:Ostrich:Cheetah:Hyena:Giraffe:MountainGoat:ZebraRiding|Bird:Bird:Bird:Bird:Eagle:Hawk|||||2739|732|53|2|1|2|65|65|8989|22|7|0|0|0|0
*|BrownBear:Elephant:Fox:Goat:Gazelle:Moose:Ostrich:Cheetah:Hyena:Giraffe:MountainGoat:ZebraRiding|Bird:Bird:Bird:Bird:Eagle:Hawk|||||3051|2529|53|2|1|2|35|35|8989|12|3|0|0|0|0
*|BrownBear:Elephant:Fox:Goat:Gazelle:Moose:Ostrich:Cheetah:Hyena:Giraffe:MountainGoat:ZebraRiding|Bird:Bird:Bird:Bird:Eagle:Hawk|||||2742|996|53|2|1|2|65|65|8989|22|7|0|0|0|0
*|BrownBear:Elephant:Fox:Goat:Gazelle:Moose:Ostrich:Cheetah:Hyena:Giraffe:MountainGoat:ZebraRiding|Bird:Bird:Bird:Bird:Eagle:Hawk|||||2745|555|53|2|1|2|37|37|8989|12|3|0|0|0|0
*|BrownBear:Elephant:Fox:Goat:Gazelle:Moose:Ostrich:Cheetah:Hyena:Giraffe:MountainGoat:ZebraRiding|Bird:Bird:Bird:Bird:Eagle:Hawk|||||3628|2484|53|2|1|2|37|37|8989|12|3|0|0|0|0
*|BrownBear:Elephant:Fox:Goat:Gazelle:Moose:Ostrich:Cheetah:Hyena:Giraffe:MountainGoat:ZebraRiding|Bird:Bird:Bird:Bird:Eagle:Hawk|||||867|1736|53|2|1|2|52|52|8989|17|5|0|0|0|0
*|BrownBear:Elephant:Fox:Goat:Gazelle:Moose:Ostrich:Cheetah:Hyena:Giraffe:MountainGoat:ZebraRiding|Bird:Bird:Bird:Bird:Eagle:Hawk|||||3065|1405|53|2|1|2|70|70|8989|23|7|0|0|0|0
*|BrownBear:Elephant:Fox:Goat:Gazelle:Moose:Ostrich:Cheetah:Hyena:Giraffe:MountainGoat:ZebraRiding|Bird:Bird:Bird:Bird:Eagle:Hawk|||||868|797|53|2|1|2|29|29|8989|10|3|0|0|0|0
*|BrownBear:Elephant:Fox:Goat:Gazelle:Moose:Ostrich:Cheetah:Hyena:Giraffe:MountainGoat:ZebraRiding|Bird:Bird:Bird:Bird:Eagle:Hawk|||||3643|2702|53|2|1|2|96|96|8989|32|10|0|0|0|0
*|BrownBear:Elephant:Fox:Goat:Gazelle:Moose:Ostrich:Cheetah:Hyena:Giraffe:MountainGoat:ZebraRiding|Bird:Bird:Bird:Bird:Eagle:Hawk|||||2748|629|53|2|1|2|33|33|8989|11|3|0|0|0|0
*|BrownBear:Elephant:Fox:Goat:Gazelle:Moose:Ostrich:Cheetah:Hyena:Giraffe:MountainGoat:ZebraRiding|Bird:Bird:Bird:Bird:Eagle:Hawk|||||3083|1097|53|2|1|2|29|29|8989|10|3|0|0|0|0
*|BrownBear:Elephant:Fox:Goat:Gazelle:Moose:Ostrich:Cheetah:Hyena:Giraffe:MountainGoat:ZebraRiding|Bird:Bird:Bird:Bird:Eagle:Hawk|||||3086|1161|53|2|1|2|37|37|8989|12|3|0|0|0|0
*|BrownBear:Elephant:Fox:Goat:Gazelle:Moose:Ostrich:Cheetah:Hyena:Giraffe:MountainGoat:ZebraRiding|Bird:Bird:Bird:Bird:Eagle:Hawk|||||892|636|53|2|1|2|41|41|8989|14|4|0|0|0|0
*|BrownBear:Elephant:Fox:Goat:Gazelle:Moose:Ostrich:Cheetah:Hyena:Giraffe:MountainGoat:ZebraRiding|Bird:Bird:Bird:Bird:Eagle:Hawk|||||3095|632|53|2|1|2|60|60|8989|20|6|0|0|0|0
*|BrownBear:Elephant:Fox:Goat:Gazelle:Moose:Ostrich:Cheetah:Hyena:Giraffe:MountainGoat:ZebraRiding|Bird:Bird:Bird:Bird:Eagle:Hawk|||||893|749|53|2|1|2|20|20|8989|7|2|0|0|0|0
*|BrownBear:Elephant:Fox:Goat:Gazelle:Moose:Ostrich:Cheetah:Hyena:Giraffe:MountainGoat:ZebraRiding|Bird:Bird:Bird:Bird:Eagle:Hawk|||||2771|847|53|2|1|2|44|44|8989|15|4|0|0|0|0
*|BrownBear:Elephant:Fox:Goat:Gazelle:Moose:Ostrich:Cheetah:Hyena:Giraffe:MountainGoat:ZebraRiding|Bird:Bird:Bird:Bird:Eagle:Hawk|||||901|705|53|2|1|2|26|26|8989|9|2|0|0|0|0
*|BrownBear:Elephant:Fox:Goat:Gazelle:Moose:Ostrich:Cheetah:Hyena:Giraffe:MountainGoat:ZebraRiding|Bird:Bird:Bird:Bird:Eagle:Hawk|||||3126|2236|53|2|1|2|131|131|8989|44|14|0|0|0|0
*|BrownBear:Elephant:Fox:Goat:Gazelle:Moose:Ostrich:Cheetah:Hyena:Giraffe:MountainGoat:ZebraRiding|Bird:Bird:Bird:Bird:Eagle:Hawk|||||3133|1038|53|2|1|2|34|34|8989|11|3|0|0|0|0
*|BrownBear:Elephant:Fox:Goat:Gazelle:Moose:Ostrich:Cheetah:Hyena:Giraffe:MountainGoat:ZebraRiding|Bird:Bird:Bird:Bird:Eagle:Hawk|||||3142|2378|53|2|1|2|62|62|8989|21|6|0|0|0|0
*|BrownBear:Elephant:Fox:Goat:Gazelle:Moose:Ostrich:Cheetah:Hyena:Giraffe:MountainGoat:ZebraRiding|Bird:Bird:Bird:Bird:Eagle:Hawk|||||3154|2476|53|2|1|2|44|44|8989|15|4|0|0|0|0
*|BrownBear:Elephant:Fox:Goat:Gazelle:Moose:Ostrich:Cheetah:Hyena:Giraffe:MountainGoat:ZebraRiding|Bird:Bird:Bird:Bird:Eagle:Hawk|||||2799|1341|53|2|1|2|70|70|8989|23|7|0|0|0|0
*|BrownBear:Elephant:Fox:Goat:Gazelle:Moose:Ostrich:Cheetah:Hyena:Giraffe:MountainGoat:ZebraRiding|Bird:Bird:Bird:Bird:Eagle:Hawk|||||938|1832|53|2|1|2|59|59|8989|20|6|0|0|0|0
*|BrownBear:Elephant:Fox:Goat:Gazelle:Moose:Ostrich:Cheetah:Hyena:Giraffe:MountainGoat:ZebraRiding|Bird:Bird:Bird:Bird:Eagle:Hawk|||||2810|656|53|2|1|2|38|38|8989|13|4|0|0|0|0
*|BrownBear:Elephant:Fox:Goat:Gazelle:Moose:Ostrich:Cheetah:Hyena:Giraffe:MountainGoat:ZebraRiding|Bird:Bird:Bird:Bird:Eagle:Hawk|||||2813|554|53|2|1|2|28|28|8989|9|2|0|0|0|0
*|BrownBear:Elephant:Fox:Goat:Gazelle:Moose:Ostrich:Cheetah:Hyena:Giraffe:MountainGoat:ZebraRiding|Bird:Bird:Bird:Bird:Eagle:Hawk|||||947|683|53|2|1|2|23|23|8989|8|2|0|0|0|0
*|BrownBear:Elephant:Fox:Goat:Gazelle:Moose:Ostrich:Cheetah:Hyena:Giraffe:MountainGoat:ZebraRiding|Bird:Bird:Bird:Bird:Eagle:Hawk|||||952|1725|53|2|1|2|44|44|8989|15|4|0|0|0|0
*|BrownBear:Elephant:Fox:Goat:Gazelle:Moose:Ostrich:Cheetah:Hyena:Giraffe:MountainGoat:ZebraRiding|Bird:Bird:Bird:Bird:Eagle:Hawk|||||2840|915|53|2|1|2|37|37|8989|12|3|0|0|0|0
*|BrownBear:Elephant:Fox:Goat:Gazelle:Moose:Ostrich:Cheetah:Hyena:Giraffe:MountainGoat:ZebraRiding|Bird:Bird:Bird:Bird:Eagle:Hawk|||||2879|1306|53|2|1|2|43|43|8989|14|4|0|0|0|0
*|BrownBear:Elephant:Fox:Goat:Gazelle:Moose:Ostrich:Cheetah:Hyena:Giraffe:MountainGoat:ZebraRiding|Bird:Bird:Bird:Bird:Eagle:Hawk|||||2884|1104|53|2|1|2|59|59|8989|20|6|0|0|0|0
*|BrownBear:Elephant:Fox:Goat:Gazelle:Moose:Ostrich:Cheetah:Hyena:Giraffe:MountainGoat:ZebraRiding|Bird:Bird:Bird:Bird:Eagle:Hawk|||||3782|2772|53|2|1|2|106|106|8989|35|11|0|0|0|0
*|BrownBear:Elephant:Fox:Goat:Gazelle:Moose:Ostrich:Cheetah:Hyena:Giraffe:MountainGoat:ZebraRiding|Bird:Bird:Bird:Bird:Eagle:Hawk|||||2886|613|53|2|1|2|59|59|8989|20|6|0|0|0|0
*|BrownBear:Elephant:Fox:Goat:Gazelle:Moose:Ostrich:Cheetah:Hyena:Giraffe:MountainGoat:ZebraRiding|Bird:Bird:Bird:Bird:Eagle:Hawk|||||2888|993|53|2|1|2|46|46|8989|15|4|0|0|0|0
*|BrownBear:Elephant:Fox:Goat:Gazelle:Moose:Ostrich:Cheetah:Hyena:Giraffe:MountainGoat:ZebraRiding|Bird:Bird:Bird:Bird:Eagle:Hawk|||||2904|2622|53|2|1|2|73|73|8989|24|7|0|0|0|0
*|BrownBear:Elephant:Fox:Goat:Gazelle:Moose:Ostrich:Cheetah:Hyena:Giraffe:MountainGoat:ZebraRiding|Bird:Bird:Bird:Bird:Eagle:Hawk|||||978|789|53|2|1|2|36|36|8989|12|3|0|0|0|0
*|BrownBear:Elephant:Fox:Goat:Gazelle:Moose:Ostrich:Cheetah:Hyena:Giraffe:MountainGoat:ZebraRiding|Bird:Bird:Bird:Bird:Eagle:Hawk|||||996|1649|53|2|1|2|60|60|8989|20|6|0|0|0|0
*|BrownBear:Elephant:Fox:Goat:Gazelle:Moose:Ostrich:Cheetah:Hyena:Giraffe:MountainGoat:ZebraRiding|Bird:Bird:Bird:Bird:Eagle:Hawk|||||1002|614|53|2|1|2|33|33|8989|11|3|0|0|0|0
*|BrownBear:Elephant:Fox:Goat:Gazelle:Moose:Ostrich:Cheetah:Hyena:Giraffe:MountainGoat:ZebraRiding|Bird:Bird:Bird:Bird:Eagle:Hawk|||||2930|1253|53|2|1|2|39|39|8989|13|4|0|0|0|0
*|BrownBear:Elephant:Fox:Goat:Gazelle:Moose:Ostrich:Cheetah:Hyena:Giraffe:MountainGoat:ZebraRiding|Bird:Bird:Bird:Bird:Eagle:Hawk|||||3265|2460|53|2|1|2|45|45|8989|15|4|0|0|0|0
*|BrownBear:Elephant:Fox:Goat:Gazelle:Moose:Ostrich:Cheetah:Hyena:Giraffe:MountainGoat:ZebraRiding|Bird:Bird:Bird:Bird:Eagle:Hawk|||||1047|1783|53|2|1|2|67|67|8989|22|7|0|0|0|0
*|BrownBear:Elephant:Fox:Goat:Gazelle:Moose:Ostrich:Cheetah:Hyena:Giraffe:MountainGoat:ZebraRiding|Bird:Bird:Bird:Bird:Eagle:Hawk|||||2946|2494|53|2|1|2|73|73|8989|24|7|0|0|0|0
*|BrownBear:Elephant:Fox:Goat:Gazelle:Moose:Ostrich:Cheetah:Hyena:Giraffe:MountainGoat:ZebraRiding|Bird:Bird:Bird:Bird:Eagle:Hawk|||||1088|636|53|2|1|2|66|66|8989|22|7|0|0|0|0
*|BrownBear:Elephant:Fox:Goat:Gazelle:Moose:Ostrich:Cheetah:Hyena:Giraffe:MountainGoat:ZebraRiding|Bird:Bird:Bird:Bird:Eagle:Hawk|||||3299|2360|53|2|1|2|62|62|8989|21|6|0|0|0|0
*|BrownBear:Elephant:Fox:Goat:Gazelle:Moose:Ostrich:Cheetah:Hyena:Giraffe:MountainGoat:ZebraRiding|Bird:Bird:Bird:Bird:Eagle:Hawk|||||1128|1669|53|2|1|2|86|86|8989|29|9|0|0|0|0
*|BrownBear:Elephant:Fox:Goat:Gazelle:Moose:Ostrich:Cheetah:Hyena:Giraffe:MountainGoat:ZebraRiding|Bird:Bird:Bird:Bird:Eagle:Hawk|||||1169|600|53|2|1|2|24|24|8989|8|2|0|0|0|0
*|BrownBear:Elephant:Fox:Goat:Gazelle:Moose:Ostrich:Cheetah:Hyena:Giraffe:MountainGoat:ZebraRiding|Bird:Bird:Bird:Bird:Eagle:Hawk|||||1185|654|53|2|1|2|34|34|8989|11|3|0|0|0|0
*|BrownBear:Elephant:Fox:Goat:Gazelle:Moose:Ostrich:Cheetah:Hyena:Giraffe:MountainGoat:ZebraRiding|Bird:Bird:Bird:Bird:Eagle:Hawk|||||1460|1549|23|2|1|2|40|40|8989|5|1|0|0|0|0
*|BrownBear:Elephant:Fox:Goat:Gazelle:Moose:Ostrich:Cheetah:Hyena:Giraffe:MountainGoat:ZebraRiding|Bird:Bird:Bird:Bird:Eagle:Hawk|||||1528|1512|23|2|1|2|34|34|8989|6|1|0|0|0|0
*|BrownBear:Elephant:Fox:Goat:Gazelle:Moose:Ostrich:Cheetah:Hyena:Giraffe:MountainGoat:ZebraRiding|Bird:Bird:Bird:Bird:Eagle:Hawk|||||1539|1590|23|2|1|2|35|35|8989|6|1|0|0|0|0
*|BrownBear:Elephant:Fox:Goat:Gazelle:Moose:Ostrich:Cheetah:Hyena:Giraffe:MountainGoat:ZebraRiding|Bird:Bird:Bird:Bird:Eagle:Hawk|||||1595|1425|23|2|1|2|57|57|8989|6|1|0|0|0|0
*|BrownBear:Elephant:Fox:Goat:Gazelle:Moose:Ostrich:Cheetah:Hyena:Giraffe:MountainGoat:ZebraRiding|Bird:Bird:Bird:Bird:Eagle:Hawk|||||1610|1645|23|2|1|2|31|31|8989|5|1|0|0|0|0
*|BrownBear:Elephant:Fox:Goat:Gazelle:Moose:Ostrich:Cheetah:Hyena:Giraffe:MountainGoat:ZebraRiding|Bird:Bird:Bird:Bird:Eagle:Hawk|||||1656|1694|23|2|1|2|44|44|8989|6|1|0|0|0|0
*|BrownBear:Elephant:Fox:Goat:Gazelle:Moose:Ostrich:Cheetah:Hyena:Giraffe:MountainGoat:ZebraRiding|Bird:Bird:Bird:Bird:Eagle:Hawk|||||1716|1418|23|2|1|2|62|62|8989|5|1|0|0|0|0
*|BrownBear:Elephant:Fox:Goat:Gazelle:Moose:Ostrich:Cheetah:Hyena:Giraffe:MountainGoat:ZebraRiding|Bird:Bird:Bird:Bird:Eagle:Hawk|||||1748|1714|23|2|1|2|30|30|8989|5|1|0|0|0|0
*|BrownBear:Elephant:Fox:Goat:Gazelle:Moose:Ostrich:Cheetah:Hyena:Giraffe:MountainGoat:ZebraRiding|Bird:Bird:Bird:Bird:Eagle:Hawk|||||1808|1682|23|2|1|2|30|30|8989|5|1|0|0|0|0
*|BrownBear:Elephant:Fox:Goat:Gazelle:Moose:Ostrich:Cheetah:Hyena:Giraffe:MountainGoat:ZebraRiding|Bird:Bird:Bird:Bird:Eagle:Hawk|||||1862|1506|23|2|1|2|93|93|8989|6|1|0|0|0|0
*|BrownBear:Elephant:Fox:Goat:Gazelle:Moose:Ostrich:Cheetah:Hyena:Giraffe:MountainGoat:ZebraRiding|Bird:Bird:Bird:Bird:Eagle:Hawk|||||3392|923|23|2|1|2|40|40|8989|7|2|0|0|0|0
*|BrownBear:Elephant:Fox:Goat:Gazelle:Moose:Ostrich:Cheetah:Hyena:Giraffe:MountainGoat:ZebraRiding|Bird:Bird:Bird:Bird:Eagle:Hawk|||||3436|814|23|2|1|2|32|32|8989|5|1|0|0|0|0
*|BrownBear:Elephant:Fox:Goat:Gazelle:Moose:Ostrich:Cheetah:Hyena:Giraffe:MountainGoat:ZebraRiding|Bird:Bird:Bird:Bird:Eagle:Hawk|||||3476|777|23|2|1|2|36|36|8989|6|1|0|0|0|0
*|BrownBear:Elephant:Fox:Goat:Gazelle:Moose:Ostrich:Cheetah:Hyena:Giraffe:MountainGoat:ZebraRiding|Bird:Bird:Bird:Bird:Eagle:Hawk|||||3316|931|23|2|1|2|44|44|8989|7|2|0|0|0|0
*|BrownBear:Elephant:Fox:Goat:Gazelle:Moose:Ostrich:Cheetah:Hyena:Giraffe:MountainGoat:ZebraRiding|Bird:Bird:Bird:Bird:Eagle:Hawk|||||2621|1081|53|2|1|2|77|77|8989|15|4|0|0|0|0
*|BrownBear:Elephant:Fox:Goat:Gazelle:Moose:Ostrich:Cheetah:Hyena:Giraffe:MountainGoat:ZebraRiding|Bird:Bird:Bird:Bird:Eagle:Hawk|||||1243|1648|53|2|1|2|41|41|8989|8|2|0|0|0|0
*|BrownBear:Elephant:Fox:Goat:Gazelle:Moose:Ostrich:Cheetah:Hyena:Giraffe:MountainGoat:ZebraRiding|Bird:Bird:Bird:Bird:Eagle:Hawk|||||1250|905|53|2|1|2|43|43|8989|9|2|0|0|0|0
*|BrownBear:Elephant:Fox:Goat:Gazelle:Moose:Ostrich:Cheetah:Hyena:Giraffe:MountainGoat:ZebraRiding|Bird:Bird:Bird:Bird:Eagle:Hawk|||||2093|549|53|2|1|2|72|72|8989|14|4|0|0|0|0
*|BrownBear:Elephant:Fox:Goat:Gazelle:Moose:Ostrich:Cheetah:Hyena:Giraffe:MountainGoat:ZebraRiding|Bird:Bird:Bird:Bird:Eagle:Hawk|||||1283|1256|53|2|1|2|39|39|8989|8|2|0|0|0|0
*|BrownBear:Elephant:Fox:Goat:Gazelle:Moose:Ostrich:Cheetah:Hyena:Giraffe:MountainGoat:ZebraRiding|Bird:Bird:Bird:Bird:Eagle:Hawk|||||2658|2040|53|2|1|2|93|93|8989|19|6|0|0|0|0
*|BrownBear:Elephant:Fox:Goat:Gazelle:Moose:Ostrich:Cheetah:Hyena:Giraffe:MountainGoat:ZebraRiding|Bird:Bird:Bird:Bird:Eagle:Hawk|||||2115|1040|53|2|1|2|87|87|8989|17|5|0|0|0|0
*|BrownBear:Elephant:Fox:Goat:Gazelle:Moose:Ostrich:Cheetah:Hyena:Giraffe:MountainGoat:ZebraRiding|Bird:Bird:Bird:Bird:Eagle:Hawk|||||1296|366|53|2|1|2|59|59|8989|12|3|0|0|0|0
*|BrownBear:Elephant:Fox:Goat:Gazelle:Moose:Ostrich:Cheetah:Hyena:Giraffe:MountainGoat:ZebraRiding|Bird:Bird:Bird:Bird:Eagle:Hawk|||||3900|1486|53|2|1|2|59|59|8989|12|3|0|0|0|0
*|BrownBear:Elephant:Fox:Goat:Gazelle:Moose:Ostrich:Cheetah:Hyena:Giraffe:MountainGoat:ZebraRiding|Bird:Bird:Bird:Bird:Eagle:Hawk|||||2128|1203|53|2|1|2|66|66|8989|13|4|0|0|0|0
*|BrownBear:Elephant:Fox:Goat:Gazelle:Moose:Ostrich:Cheetah:Hyena:Giraffe:MountainGoat:ZebraRiding|Bird:Bird:Bird:Bird:Eagle:Hawk|||||3003|1611|53|2|1|2|65|65|8989|13|4|0|0|0|0
*|BrownBear:Elephant:Fox:Goat:Gazelle:Moose:Ostrich:Cheetah:Hyena:Giraffe:MountainGoat:ZebraRiding|Bird:Bird:Bird:Bird:Eagle:Hawk|||||593|449|53|2|1|2|25|25|8989|5|1|0|0|0|0
*|BrownBear:Elephant:Fox:Goat:Gazelle:Moose:Ostrich:Cheetah:Hyena:Giraffe:MountainGoat:ZebraRiding|Bird:Bird:Bird:Bird:Eagle:Hawk|||||1309|1682|53|2|1|2|25|25|8989|5|1|0|0|0|0
*|BrownBear:Elephant:Fox:Goat:Gazelle:Moose:Ostrich:Cheetah:Hyena:Giraffe:MountainGoat:ZebraRiding|Bird:Bird:Bird:Bird:Eagle:Hawk|||||2131|806|53|2|1|2|62|62|8989|12|3|0|0|0|0
*|BrownBear:Elephant:Fox:Goat:Gazelle:Moose:Ostrich:Cheetah:Hyena:Giraffe:MountainGoat:ZebraRiding|Bird:Bird:Bird:Bird:Eagle:Hawk|||||615|535|53|2|1|2|44|44|8989|9|2|0|0|0|0
*|BrownBear:Elephant:Fox:Goat:Gazelle:Moose:Ostrich:Cheetah:Hyena:Giraffe:MountainGoat:ZebraRiding|Bird:Bird:Bird:Bird:Eagle:Hawk|||||660|403|53|2|1|2|36|36|8989|7|2|0|0|0|0
*|BrownBear:Elephant:Fox:Goat:Gazelle:Moose:Ostrich:Cheetah:Hyena:Giraffe:MountainGoat:ZebraRiding|Bird:Bird:Bird:Bird:Eagle:Hawk|||||1334|911|53|2|1|2|36|36|8989|7|2|0|0|0|0
*|BrownBear:Elephant:Fox:Goat:Gazelle:Moose:Ostrich:Cheetah:Hyena:Giraffe:MountainGoat:ZebraRiding|Bird:Bird:Bird:Bird:Eagle:Hawk|||||1334|1204|53|2|1|2|36|36|8989|7|2|0|0|0|0
*|BrownBear:Elephant:Fox:Goat:Gazelle:Moose:Ostrich:Cheetah:Hyena:Giraffe:MountainGoat:ZebraRiding|Bird:Bird:Bird:Bird:Eagle:Hawk|||||2137|2178|53|2|1|2|142|142|8989|28|9|0|0|0|0
*|BrownBear:Elephant:Fox:Goat:Gazelle:Moose:Ostrich:Cheetah:Hyena:Giraffe:MountainGoat:ZebraRiding|Bird:Bird:Bird:Bird:Eagle:Hawk|||||729|285|53|2|1|2|30|30|8989|6|1|0|0|0|0
*|BrownBear:Elephant:Fox:Goat:Gazelle:Moose:Ostrich:Cheetah:Hyena:Giraffe:MountainGoat:ZebraRiding|Bird:Bird:Bird:Bird:Eagle:Hawk|||||3441|1276|53|2|1|2|163|163|8989|33|10|0|0|0|0
*|BrownBear:Elephant:Fox:Goat:Gazelle:Moose:Ostrich:Cheetah:Hyena:Giraffe:MountainGoat:ZebraRiding|Bird:Bird:Bird:Bird:Eagle:Hawk|||||743|449|53|2|1|2|32|32|8989|6|1|0|0|0|0
*|BrownBear:Elephant:Fox:Goat:Gazelle:Moose:Ostrich:Cheetah:Hyena:Giraffe:MountainGoat:ZebraRiding|Bird:Bird:Bird:Bird:Eagle:Hawk|||||1347|1718|53|2|1|2|29|29|8989|6|1|0|0|0|0
*|BrownBear:Elephant:Fox:Goat:Gazelle:Moose:Ostrich:Cheetah:Hyena:Giraffe:MountainGoat:ZebraRiding|Bird:Bird:Bird:Bird:Eagle:Hawk|||||1354|807|53|2|1|2|67|67|8989|13|4|0|0|0|0
*|BrownBear:Elephant:Fox:Goat:Gazelle:Moose:Ostrich:Cheetah:Hyena:Giraffe:MountainGoat:ZebraRiding|Bird:Bird:Bird:Bird:Eagle:Hawk|||||2681|1448|53|2|1|2|92|92|8989|18|5|0|0|0|0
*|BrownBear:Elephant:Fox:Goat:Gazelle:Moose:Ostrich:Cheetah:Hyena:Giraffe:MountainGoat:ZebraRiding|Bird:Bird:Bird:Bird:Eagle:Hawk|||||2683|1587|53|2|1|2|57|57|8989|11|3|0|0|0|0
*|BrownBear:Elephant:Fox:Goat:Gazelle:Moose:Ostrich:Cheetah:Hyena:Giraffe:MountainGoat:ZebraRiding|Bird:Bird:Bird:Bird:Eagle:Hawk|||||1378|578|53|2|1|2|39|39|8989|8|2|0|0|0|0
*|BrownBear:Elephant:Fox:Goat:Gazelle:Moose:Ostrich:Cheetah:Hyena:Giraffe:MountainGoat:ZebraRiding|Bird:Bird:Bird:Bird:Eagle:Hawk|||||3504|947|53|2|1|2|60|60|8989|12|3|0|0|0|0
*|BrownBear:Elephant:Fox:Goat:Gazelle:Moose:Ostrich:Cheetah:Hyena:Giraffe:MountainGoat:ZebraRiding|Bird:Bird:Bird:Bird:Eagle:Hawk|||||1393|1171|53|2|1|2|29|29|8989|6|1|0|0|0|0
*|BrownBear:Elephant:Fox:Goat:Gazelle:Moose:Ostrich:Cheetah:Hyena:Giraffe:MountainGoat:ZebraRiding|Bird:Bird:Bird:Bird:Eagle:Hawk|||||3514|1859|53|2|1|2|40|40|8989|8|2|0|0|0|0
*|BrownBear:Elephant:Fox:Goat:Gazelle:Moose:Ostrich:Cheetah:Hyena:Giraffe:MountainGoat:ZebraRiding|Bird:Bird:Bird:Bird:Eagle:Hawk|||||1407|678|53|2|1|2|56|56|8989|11|3|0|0|0|0
*|BrownBear:Elephant:Fox:Goat:Gazelle:Moose:Ostrich:Cheetah:Hyena:Giraffe:MountainGoat:ZebraRiding|Bird:Bird:Bird:Bird:Eagle:Hawk|||||1407|1729|53|2|1|2|35|35|8989|7|2|0|0|0|0
*|BrownBear:Elephant:Fox:Goat:Gazelle:Moose:Ostrich:Cheetah:Hyena:Giraffe:MountainGoat:ZebraRiding|Bird:Bird:Bird:Bird:Eagle:Hawk|||||3515|1475|53|2|1|2|88|88|8989|18|5|0|0|0|0
*|BrownBear:Elephant:Fox:Goat:Gazelle:Moose:Ostrich:Cheetah:Hyena:Giraffe:MountainGoat:ZebraRiding|Bird:Bird:Bird:Bird:Eagle:Hawk|||||3527|1092|53|2|1|2|56|56|8989|11|3|0|0|0|0
*|BrownBear:Elephant:Fox:Goat:Gazelle:Moose:Ostrich:Cheetah:Hyena:Giraffe:MountainGoat:ZebraRiding|Bird:Bird:Bird:Bird:Eagle:Hawk|||||2219|701|53|2|1|2|72|72|8989|14|4|0|0|0|0
*|BrownBear:Elephant:Fox:Goat:Gazelle:Moose:Ostrich:Cheetah:Hyena:Giraffe:MountainGoat:ZebraRiding|Bird:Bird:Bird:Bird:Eagle:Hawk|||||2228|1230|53|2|1|2|34|34|8989|7|2|0|0|0|0
*|BrownBear:Elephant:Fox:Goat:Gazelle:Moose:Ostrich:Cheetah:Hyena:Giraffe:MountainGoat:ZebraRiding|Bird:Bird:Bird:Bird:Eagle:Hawk|||||1426|945|53|2|1|2|61|61|8989|12|3|0|0|0|0
*|BrownBear:Elephant:Fox:Goat:Gazelle:Moose:Ostrich:Cheetah:Hyena:Giraffe:MountainGoat:ZebraRiding|Bird:Bird:Bird:Bird:Eagle:Hawk|||||2245|1065|53|2|1|2|46|46|8989|9|2|0|0|0|0
*|BrownBear:Elephant:Fox:Goat:Gazelle:Moose:Ostrich:Cheetah:Hyena:Giraffe:MountainGoat:ZebraRiding|Bird:Bird:Bird:Bird:Eagle:Hawk|||||2717|435|53|2|1|2|47|47|8989|9|2|0|0|0|0
*|BrownBear:Elephant:Fox:Goat:Gazelle:Moose:Ostrich:Cheetah:Hyena:Giraffe:MountainGoat:ZebraRiding|Bird:Bird:Bird:Bird:Eagle:Hawk|||||2281|577|53|2|1|2|141|141|8989|28|9|0|0|0|0
*|BrownBear:Elephant:Fox:Goat:Gazelle:Moose:Ostrich:Cheetah:Hyena:Giraffe:MountainGoat:ZebraRiding|Bird:Bird:Bird:Bird:Eagle:Hawk|||||3037|508|53|2|1|2|58|58|8989|12|3|0|0|0|0
*|BrownBear:Elephant:Fox:Goat:Gazelle:Moose:Ostrich:Cheetah:Hyena:Giraffe:MountainGoat:ZebraRiding|Bird:Bird:Bird:Bird:Eagle:Hawk|||||2297|1976|53|2|1|2|140|140|8989|28|9|0|0|0|0
*|BrownBear:Elephant:Fox:Goat:Gazelle:Moose:Ostrich:Cheetah:Hyena:Giraffe:MountainGoat:ZebraRiding|Bird:Bird:Bird:Bird:Eagle:Hawk|||||2303|1249|53|2|1|2|39|39|8989|8|2|0|0|0|0
*|BrownBear:Elephant:Fox:Goat:Gazelle:Moose:Ostrich:Cheetah:Hyena:Giraffe:MountainGoat:ZebraRiding|Bird:Bird:Bird:Bird:Eagle:Hawk|||||3045|1723|53|2|1|2|43|43|8989|9|2|0|0|0|0
*|BrownBear:Elephant:Fox:Goat:Gazelle:Moose:Ostrich:Cheetah:Hyena:Giraffe:MountainGoat:ZebraRiding|Bird:Bird:Bird:Bird:Eagle:Hawk|||||1473|1164|53|2|1|2|40|40|8989|8|2|0|0|0|0
*|BrownBear:Elephant:Fox:Goat:Gazelle:Moose:Ostrich:Cheetah:Hyena:Giraffe:MountainGoat:ZebraRiding|Bird:Bird:Bird:Bird:Eagle:Hawk|||||858|1219|53|2|1|2|27|27|8989|5|1|0|0|0|0
*|BrownBear:Elephant:Fox:Goat:Gazelle:Moose:Ostrich:Cheetah:Hyena:Giraffe:MountainGoat:ZebraRiding|Bird:Bird:Bird:Bird:Eagle:Hawk|||||3615|820|53|2|1|2|68|68|8989|14|4|0|0|0|0
*|BrownBear:Elephant:Fox:Goat:Gazelle:Moose:Ostrich:Cheetah:Hyena:Giraffe:MountainGoat:ZebraRiding|Bird:Bird:Bird:Bird:Eagle:Hawk|||||866|1422|53|2|1|2|34|34|8989|7|2|0|0|0|0
*|BrownBear:Elephant:Fox:Goat:Gazelle:Moose:Ostrich:Cheetah:Hyena:Giraffe:MountainGoat:ZebraRiding|Bird:Bird:Bird:Bird:Eagle:Hawk|||||3618|1545|53|2|1|2|28|28|8989|6|1|0|0|0|0
*|BrownBear:Elephant:Fox:Goat:Gazelle:Moose:Ostrich:Cheetah:Hyena:Giraffe:MountainGoat:ZebraRiding|Bird:Bird:Bird:Bird:Eagle:Hawk|||||3057|1517|53|2|1|2|40|40|8989|8|2|0|0|0|0
*|BrownBear:Elephant:Fox:Goat:Gazelle:Moose:Ostrich:Cheetah:Hyena:Giraffe:MountainGoat:ZebraRiding|Bird:Bird:Bird:Bird:Eagle:Hawk|||||1486|1802|53|2|1|2|81|81|8989|16|5|0|0|0|0
*|BrownBear:Elephant:Fox:Goat:Gazelle:Moose:Ostrich:Cheetah:Hyena:Giraffe:MountainGoat:ZebraRiding|Bird:Bird:Bird:Bird:Eagle:Hawk|||||3634|1493|53|2|1|2|19|19|8989|4|1|0|0|0|0
*|BrownBear:Elephant:Fox:Goat:Gazelle:Moose:Ostrich:Cheetah:Hyena:Giraffe:MountainGoat:ZebraRiding|Bird:Bird:Bird:Bird:Eagle:Hawk|||||1500|977|53|2|1|2|52|52|8989|10|3|0|0|0|0
*|BrownBear:Elephant:Fox:Goat:Gazelle:Moose:Ostrich:Cheetah:Hyena:Giraffe:MountainGoat:ZebraRiding|Bird:Bird:Bird:Bird:Eagle:Hawk|||||1530|1075|53|2|1|2|48|48|8989|10|3|0|0|0|0
*|BrownBear:Elephant:Fox:Goat:Gazelle:Moose:Ostrich:Cheetah:Hyena:Giraffe:MountainGoat:ZebraRiding|Bird:Bird:Bird:Bird:Eagle:Hawk|||||3658|1282|53|2|1|2|105|105|8989|21|6|0|0|0|0
*|BrownBear:Elephant:Fox:Goat:Gazelle:Moose:Ostrich:Cheetah:Hyena:Giraffe:MountainGoat:ZebraRiding|Bird:Bird:Bird:Bird:Eagle:Hawk|||||2336|1099|53|2|1|2|44|44|8989|9|2|0|0|0|0
*|BrownBear:Elephant:Fox:Goat:Gazelle:Moose:Ostrich:Cheetah:Hyena:Giraffe:MountainGoat:ZebraRiding|Bird:Bird:Bird:Bird:Eagle:Hawk|||||3662|1453|53|2|1|2|20|20|8989|4|1|0|0|0|0
*|BrownBear:Elephant:Fox:Goat:Gazelle:Moose:Ostrich:Cheetah:Hyena:Giraffe:MountainGoat:ZebraRiding|Bird:Bird:Bird:Bird:Eagle:Hawk|||||1548|1151|53|2|1|2|33|33|8989|7|2|0|0|0|0
*|BrownBear:Elephant:Fox:Goat:Gazelle:Moose:Ostrich:Cheetah:Hyena:Giraffe:MountainGoat:ZebraRiding|Bird:Bird:Bird:Bird:Eagle:Hawk|||||1561|577|53|2|1|2|29|29|8989|6|1|0|0|0|0
*|BrownBear:Elephant:Fox:Goat:Gazelle:Moose:Ostrich:Cheetah:Hyena:Giraffe:MountainGoat:ZebraRiding|Bird:Bird:Bird:Bird:Eagle:Hawk|||||1565|649|53|2|1|2|32|32|8989|6|1|0|0|0|0
*|BrownBear:Elephant:Fox:Goat:Gazelle:Moose:Ostrich:Cheetah:Hyena:Giraffe:MountainGoat:ZebraRiding|Bird:Bird:Bird:Bird:Eagle:Hawk|||||888|999|53|2|1|2|32|32|8989|6|1|0|0|0|0
*|BrownBear:Elephant:Fox:Goat:Gazelle:Moose:Ostrich:Cheetah:Hyena:Giraffe:MountainGoat:ZebraRiding|Bird:Bird:Bird:Bird:Eagle:Hawk|||||2356|1310|53|2|1|2|46|46|8989|9|2|0|0|0|0
*|BrownBear:Elephant:Fox:Goat:Gazelle:Moose:Ostrich:Cheetah:Hyena:Giraffe:MountainGoat:ZebraRiding|Bird:Bird:Bird:Bird:Eagle:Hawk|||||2360|2169|53|2|1|2|90|90|8989|18|5|0|0|0|0
*|BrownBear:Elephant:Fox:Goat:Gazelle:Moose:Ostrich:Cheetah:Hyena:Giraffe:MountainGoat:ZebraRiding|Bird:Bird:Bird:Bird:Eagle:Hawk|||||3111|541|53|2|1|2|50|50|8989|10|3|0|0|0|0
*|BrownBear:Elephant:Fox:Goat:Gazelle:Moose:Ostrich:Cheetah:Hyena:Giraffe:MountainGoat:ZebraRiding|Bird:Bird:Bird:Bird:Eagle:Hawk|||||1600|1865|53|2|1|2|98|98|8989|20|6|0|0|0|0
*|BrownBear:Elephant:Fox:Goat:Gazelle:Moose:Ostrich:Cheetah:Hyena:Giraffe:MountainGoat:ZebraRiding|Bird:Bird:Bird:Bird:Eagle:Hawk|||||1612|1134|53|2|1|2|43|43|8989|9|2|0|0|0|0
*|BrownBear:Elephant:Fox:Goat:Gazelle:Moose:Ostrich:Cheetah:Hyena:Giraffe:MountainGoat:ZebraRiding|Bird:Bird:Bird:Bird:Eagle:Hawk|||||3128|1658|53|2|1|2|63|63|8989|13|4|0|0|0|0
*|BrownBear:Elephant:Fox:Goat:Gazelle:Moose:Ostrich:Cheetah:Hyena:Giraffe:MountainGoat:ZebraRiding|Bird:Bird:Bird:Bird:Eagle:Hawk|||||3719|516|53|2|1|2|224|224|8989|45|14|0|0|0|0
*|BrownBear:Elephant:Fox:Goat:Gazelle:Moose:Ostrich:Cheetah:Hyena:Giraffe:MountainGoat:ZebraRiding|Bird:Bird:Bird:Bird:Eagle:Hawk|||||3719|1983|53|2|1|2|62|62|8989|12|3|0|0|0|0
*|BrownBear:Elephant:Fox:Goat:Gazelle:Moose:Ostrich:Cheetah:Hyena:Giraffe:MountainGoat:ZebraRiding|Bird:Bird:Bird:Bird:Eagle:Hawk|||||926|1379|53|2|1|2|54|54|8989|11|3|0|0|0|0
*|BrownBear:Elephant:Fox:Goat:Gazelle:Moose:Ostrich:Cheetah:Hyena:Giraffe:MountainGoat:ZebraRiding|Bird:Bird:Bird:Bird:Eagle:Hawk|||||927|1283|53|2|1|2|44|44|8989|9|2|0|0|0|0
*|BrownBear:Elephant:Fox:Goat:Gazelle:Moose:Ostrich:Cheetah:Hyena:Giraffe:MountainGoat:ZebraRiding|Bird:Bird:Bird:Bird:Eagle:Hawk|||||1646|2566|53|2|1|2|182|182|8989|36|11|0|0|0|0
*|BrownBear:Elephant:Fox:Goat:Gazelle:Moose:Ostrich:Cheetah:Hyena:Giraffe:MountainGoat:ZebraRiding|Bird:Bird:Bird:Bird:Eagle:Hawk|||||3739|1638|53|2|1|2|51|51|8989|10|3|0|0|0|0
*|BrownBear:Elephant:Fox:Goat:Gazelle:Moose:Ostrich:Cheetah:Hyena:Giraffe:MountainGoat:ZebraRiding|Bird:Bird:Bird:Bird:Eagle:Hawk|||||3163|438|53|2|1|2|70|70|8989|14|4|0|0|0|0
*|BrownBear:Elephant:Fox:Goat:Gazelle:Moose:Ostrich:Cheetah:Hyena:Giraffe:MountainGoat:ZebraRiding|Bird:Bird:Bird:Bird:Eagle:Hawk|||||939|1026|53|2|1|2|22|22|8989|4|1|0|0|0|0
*|BrownBear:Elephant:Fox:Goat:Gazelle:Moose:Ostrich:Cheetah:Hyena:Giraffe:MountainGoat:ZebraRiding|Bird:Bird:Bird:Bird:Eagle:Hawk|||||945|1092|53|2|1|2|33|33|8989|7|2|0|0|0|0
*|BrownBear:Elephant:Fox:Goat:Gazelle:Moose:Ostrich:Cheetah:Hyena:Giraffe:MountainGoat:ZebraRiding|Bird:Bird:Bird:Bird:Eagle:Hawk|||||2821|1459|53|2|1|2|57|57|8989|11|3|0|0|0|0
*|BrownBear:Elephant:Fox:Goat:Gazelle:Moose:Ostrich:Cheetah:Hyena:Giraffe:MountainGoat:ZebraRiding|Bird:Bird:Bird:Bird:Eagle:Hawk|||||3762|1409|53|2|1|2|28|28|8989|6|1|0|0|0|0
*|BrownBear:Elephant:Fox:Goat:Gazelle:Moose:Ostrich:Cheetah:Hyena:Giraffe:MountainGoat:ZebraRiding|Bird:Bird:Bird:Bird:Eagle:Hawk|||||948|1579|53|2|1|2|23|23|8989|5|1|0|0|0|0
*|BrownBear:Elephant:Fox:Goat:Gazelle:Moose:Ostrich:Cheetah:Hyena:Giraffe:MountainGoat:ZebraRiding|Bird:Bird:Bird:Bird:Eagle:Hawk|||||3762|1891|53|2|1|2|23|23|8989|5|1|0|0|0|0
*|BrownBear:Elephant:Fox:Goat:Gazelle:Moose:Ostrich:Cheetah:Hyena:Giraffe:MountainGoat:ZebraRiding|Bird:Bird:Bird:Bird:Eagle:Hawk|||||3775|2083|53|2|1|2|53|53|8989|11|3|0|0|0|0
*|BrownBear:Elephant:Fox:Goat:Gazelle:Moose:Ostrich:Cheetah:Hyena:Giraffe:MountainGoat:ZebraRiding|Bird:Bird:Bird:Bird:Eagle:Hawk|||||2406|1144|53|2|1|2|46|46|8989|9|2|0|0|0|0
*|BrownBear:Elephant:Fox:Goat:Gazelle:Moose:Ostrich:Cheetah:Hyena:Giraffe:MountainGoat:ZebraRiding|Bird:Bird:Bird:Bird:Eagle:Hawk|||||2885|2040|53|2|1|2|125|125|8989|25|8|0|0|0|0
*|BrownBear:Elephant:Fox:Goat:Gazelle:Moose:Ostrich:Cheetah:Hyena:Giraffe:MountainGoat:ZebraRiding|Bird:Bird:Bird:Bird:Eagle:Hawk|||||1724|1136|53|2|1|2|65|65|8989|13|4|0|0|0|0
*|BrownBear:Elephant:Fox:Goat:Gazelle:Moose:Ostrich:Cheetah:Hyena:Giraffe:MountainGoat:ZebraRiding|Bird:Bird:Bird:Bird:Eagle:Hawk|||||2894|1566|53|2|1|2|69|69|8989|14|4|0|0|0|0
*|BrownBear:Elephant:Fox:Goat:Gazelle:Moose:Ostrich:Cheetah:Hyena:Giraffe:MountainGoat:ZebraRiding|Bird:Bird:Bird:Bird:Eagle:Hawk|||||2901|1849|53|2|1|2|108|108|8989|22|7|0|0|0|0
*|BrownBear:Elephant:Fox:Goat:Gazelle:Moose:Ostrich:Cheetah:Hyena:Giraffe:MountainGoat:ZebraRiding|Bird:Bird:Bird:Bird:Eagle:Hawk|||||1750|700|53|2|1|2|148|148|8989|30|9|0|0|0|0
*|BrownBear:Elephant:Fox:Goat:Gazelle:Moose:Ostrich:Cheetah:Hyena:Giraffe:MountainGoat:ZebraRiding|Bird:Bird:Bird:Bird:Eagle:Hawk|||||2431|468|53|2|1|2|37|37|8989|7|2|0|0|0|0
*|BrownBear:Elephant:Fox:Goat:Gazelle:Moose:Ostrich:Cheetah:Hyena:Giraffe:MountainGoat:ZebraRiding|Bird:Bird:Bird:Bird:Eagle:Hawk|||||1773|513|53|2|1|2|51|51|8989|10|3|0|0|0|0
*|BrownBear:Elephant:Fox:Goat:Gazelle:Moose:Ostrich:Cheetah:Hyena:Giraffe:MountainGoat:ZebraRiding|Bird:Bird:Bird:Bird:Eagle:Hawk|||||1790|1040|53|2|1|2|53|53|8989|11|3|0|0|0|0
*|BrownBear:Elephant:Fox:Goat:Gazelle:Moose:Ostrich:Cheetah:Hyena:Giraffe:MountainGoat:ZebraRiding|Bird:Bird:Bird:Bird:Eagle:Hawk|||||1798|1884|53|2|1|2|116|116|8989|23|7|0|0|0|0
*|BrownBear:Elephant:Fox:Goat:Gazelle:Moose:Ostrich:Cheetah:Hyena:Giraffe:MountainGoat:ZebraRiding|Bird:Bird:Bird:Bird:Eagle:Hawk|||||3812|1810|53|2|1|2|27|27|8989|5|1|0|0|0|0
*|BrownBear:Elephant:Fox:Goat:Gazelle:Moose:Ostrich:Cheetah:Hyena:Giraffe:MountainGoat:ZebraRiding|Bird:Bird:Bird:Bird:Eagle:Hawk|||||3813|1907|53|2|1|2|26|26|8989|5|1|0|0|0|0
*|BrownBear:Elephant:Fox:Goat:Gazelle:Moose:Ostrich:Cheetah:Hyena:Giraffe:MountainGoat:ZebraRiding|Bird:Bird:Bird:Bird:Eagle:Hawk|||||1014|1151|53|2|1|2|26|26|8989|5|1|0|0|0|0
*|BrownBear:Elephant:Fox:Goat:Gazelle:Moose:Ostrich:Cheetah:Hyena:Giraffe:MountainGoat:ZebraRiding|Bird:Bird:Bird:Bird:Eagle:Hawk|||||2442|1359|53|2|1|2|59|59|8989|12|3|0|0|0|0
*|BrownBear:Elephant:Fox:Goat:Gazelle:Moose:Ostrich:Cheetah:Hyena:Giraffe:MountainGoat:ZebraRiding|Bird:Bird:Bird:Bird:Eagle:Hawk|||||1019|875|53|2|1|2|40|40|8989|8|2|0|0|0|0
*|BrownBear:Elephant:Fox:Goat:Gazelle:Moose:Ostrich:Cheetah:Hyena:Giraffe:MountainGoat:ZebraRiding|Bird:Bird:Bird:Bird:Eagle:Hawk|||||1020|1539|53|2|1|2|52|52|8989|10|3|0|0|0|0
*|BrownBear:Elephant:Fox:Goat:Gazelle:Moose:Ostrich:Cheetah:Hyena:Giraffe:MountainGoat:ZebraRiding|Bird:Bird:Bird:Bird:Eagle:Hawk|||||3818|1429|53|2|1|2|32|32|8989|6|1|0|0|0|0
*|BrownBear:Elephant:Fox:Goat:Gazelle:Moose:Ostrich:Cheetah:Hyena:Giraffe:MountainGoat:ZebraRiding|Bird:Bird:Bird:Bird:Eagle:Hawk|||||3821|1723|53|2|1|2|54|54|8989|11|3|0|0|0|0
*|BrownBear:Elephant:Fox:Goat:Gazelle:Moose:Ostrich:Cheetah:Hyena:Giraffe:MountainGoat:ZebraRiding|Bird:Bird:Bird:Bird:Eagle:Hawk|||||1042|1053|53|2|1|2|37|37|8989|7|2|0|0|0|0
*|BrownBear:Elephant:Fox:Goat:Gazelle:Moose:Ostrich:Cheetah:Hyena:Giraffe:MountainGoat:ZebraRiding|Bird:Bird:Bird:Bird:Eagle:Hawk|||||1054|432|53|2|1|2|32|32|8989|6|1|0|0|0|0
*|BrownBear:Elephant:Fox:Goat:Gazelle:Moose:Ostrich:Cheetah:Hyena:Giraffe:MountainGoat:ZebraRiding|Bird:Bird:Bird:Bird:Eagle:Hawk|||||1853|1140|53|2|1|2|74|74|8989|15|4|0|0|0|0
*|BrownBear:Elephant:Fox:Goat:Gazelle:Moose:Ostrich:Cheetah:Hyena:Giraffe:MountainGoat:ZebraRiding|Bird:Bird:Bird:Bird:Eagle:Hawk|||||3832|933|53|2|1|2|90|90|8989|18|5|0|0|0|0
*|BrownBear:Elephant:Fox:Goat:Gazelle:Moose:Ostrich:Cheetah:Hyena:Giraffe:MountainGoat:ZebraRiding|Bird:Bird:Bird:Bird:Eagle:Hawk|||||3833|1612|53|2|1|2|39|39|8989|8|2|0|0|0|0
*|BrownBear:Elephant:Fox:Goat:Gazelle:Moose:Ostrich:Cheetah:Hyena:Giraffe:MountainGoat:ZebraRiding|Bird:Bird:Bird:Bird:Eagle:Hawk|||||2458|644|53|2|1|2|40|40|8989|8|2|0|0|0|0
*|BrownBear:Elephant:Fox:Goat:Gazelle:Moose:Ostrich:Cheetah:Hyena:Giraffe:MountainGoat:ZebraRiding|Bird:Bird:Bird:Bird:Eagle:Hawk|||||1102|877|53|2|1|2|46|46|8989|9|2|0|0|0|0
*|BrownBear:Elephant:Fox:Goat:Gazelle:Moose:Ostrich:Cheetah:Hyena:Giraffe:MountainGoat:ZebraRiding|Bird:Bird:Bird:Bird:Eagle:Hawk|||||1102|1511|53|2|1|2|76|76|8989|15|4|0|0|0|0
*|BrownBear:Elephant:Fox:Goat:Gazelle:Moose:Ostrich:Cheetah:Hyena:Giraffe:MountainGoat:ZebraRiding|Bird:Bird:Bird:Bird:Eagle:Hawk|||||1879|540|53|2|1|2|65|65|8989|13|4|0|0|0|0
*|BrownBear:Elephant:Fox:Goat:Gazelle:Moose:Ostrich:Cheetah:Hyena:Giraffe:MountainGoat:ZebraRiding|Bird:Bird:Bird:Bird:Eagle:Hawk|||||1137|1222|53|2|1|2|30|30|8989|6|1|0|0|0|0
*|BrownBear:Elephant:Fox:Goat:Gazelle:Moose:Ostrich:Cheetah:Hyena:Giraffe:MountainGoat:ZebraRiding|Bird:Bird:Bird:Bird:Eagle:Hawk|||||3843|774|53|2|1|2|74|74|8989|15|4|0|0|0|0
*|BrownBear:Elephant:Fox:Goat:Gazelle:Moose:Ostrich:Cheetah:Hyena:Giraffe:MountainGoat:ZebraRiding|Bird:Bird:Bird:Bird:Eagle:Hawk|||||532|471|53|2|1|2|23|23|8989|5|1|0|0|0|0
*|BrownBear:Elephant:Fox:Goat:Gazelle:Moose:Ostrich:Cheetah:Hyena:Giraffe:MountainGoat:ZebraRiding|Bird:Bird:Bird:Bird:Eagle:Hawk|||||1184|1000|53|2|1|2|84|84|8989|17|5|0|0|0|0
*|BrownBear:Elephant:Fox:Goat:Gazelle:Moose:Ostrich:Cheetah:Hyena:Giraffe:MountainGoat:ZebraRiding|Bird:Bird:Bird:Bird:Eagle:Hawk|||||2509|1122|53|2|1|2|48|48|8989|10|3|0|0|0|0
*|BrownBear:Elephant:Fox:Goat:Gazelle:Moose:Ostrich:Cheetah:Hyena:Giraffe:MountainGoat:ZebraRiding|Bird:Bird:Bird:Bird:Eagle:Hawk|||||2001|505|53|2|1|2|34|34|8989|7|2|0|0|0|0
*|BrownBear:Elephant:Fox:Goat:Gazelle:Moose:Ostrich:Cheetah:Hyena:Giraffe:MountainGoat:ZebraRiding|Bird:Bird:Bird:Bird:Eagle:Hawk|||||1185|887|53|2|1|2|39|39|8989|8|2|0|0|0|0
*|BrownBear:Elephant:Fox:Goat:Gazelle:Moose:Ostrich:Cheetah:Hyena:Giraffe:MountainGoat:ZebraRiding|Bird:Bird:Bird:Bird:Eagle:Hawk|||||2004|1153|53|2|1|2|81|81|8989|16|5|0|0|0|0
*|BrownBear:Elephant:Fox:Goat:Gazelle:Moose:Ostrich:Cheetah:Hyena:Giraffe:MountainGoat:ZebraRiding|Bird:Bird:Bird:Bird:Eagle:Hawk|||||2010|1949|53|2|1|2|151|151|8989|30|9|0|0|0|0
*|BrownBear:Elephant:Fox:Goat:Gazelle:Moose:Ostrich:Cheetah:Hyena:Giraffe:MountainGoat:ZebraRiding|Bird:Bird:Bird:Bird:Eagle:Hawk|||||4678|2762|8|2|1|2|59|59|8989|11|3|0|0|0|0
*|BrownBear:Elephant:Fox:Goat:Gazelle:Moose:Ostrich:Cheetah:Hyena:Giraffe:MountainGoat:ZebraRiding|Bird:Bird:Bird:Bird:Eagle:Hawk|||||4707|2641|8|2|1|2|57|57|8989|11|3|0|0|0|0
*|BrownBear:Elephant:Fox:Goat:Gazelle:Moose:Ostrich:Cheetah:Hyena:Giraffe:MountainGoat:ZebraRiding|Bird:Bird:Bird:Bird:Eagle:Hawk|||||4715|2836|8|2|1|2|28|28|8989|10|3|0|0|0|0
*|BrownBear:Elephant:Fox:Goat:Gazelle:Moose:Ostrich:Cheetah:Hyena:Giraffe:MountainGoat:ZebraRiding|Bird:Bird:Bird:Bird:Eagle:Hawk|||||4798|2733|8|2|1|2|14|14|8989|3|0|0|0|0|0
*|BrownBear:Elephant:Fox:Goat:Gazelle:Moose:Ostrich:Cheetah:Hyena:Giraffe:MountainGoat:ZebraRiding|Bird:Bird:Bird:Bird:Eagle:Hawk|||||4810|2840|8|2|1|2|25|25|8989|5|1|0|0|0|0
*|BrownBear:Elephant:Fox:Goat:Gazelle:Moose:Ostrich:Cheetah:Hyena:Giraffe:MountainGoat:ZebraRiding|Bird:Bird:Bird:Bird:Eagle:Hawk|||||4827|2795|8|2|1|2|24|24|8989|5|1|0|0|0|0
*|BrownBear:Elephant:Fox:Goat:Gazelle:Moose:Ostrich:Cheetah:Hyena:Giraffe:MountainGoat:ZebraRiding|Bird:Bird:Bird:Bird:Eagle:Hawk|||||4835|2747|8|2|1|2|25|25|8989|5|1|0|0|0|0
*|BrownBear:Elephant:Fox:Goat:Gazelle:Moose:Ostrich:Cheetah:Hyena:Giraffe:MountainGoat:ZebraRiding|Bird:Bird:Bird:Bird:Eagle:Hawk|||||4840|2669|8|2|1|2|12|12|8989|2|0|0|0|0|0
*|BrownBear:Elephant:Fox:Goat:Gazelle:Moose:Ostrich:Cheetah:Hyena:Giraffe:MountainGoat:ZebraRiding|Bird:Bird:Bird:Bird:Eagle:Hawk|||||4845|2829|8|2|1|2|10|10|8989|2|0|0|0|0|0
*|BrownBear:Elephant:Fox:Goat:Gazelle:Moose:Ostrich:Cheetah:Hyena:Giraffe:MountainGoat:ZebraRiding|Bird:Bird:Bird:Bird:Eagle:Hawk|||||4856|2904|8|2|1|2|61|61|8989|13|4|0|0|0|0
*|BrownBear:Elephant:Fox:Goat:Gazelle:Moose:Ostrich:Cheetah:Hyena:Giraffe:MountainGoat:ZebraRiding|Bird:Bird:Bird:Bird:Eagle:Hawk|||||4864|2663|8|2|1|2|13|13|8989|3|0|0|0|0|0
*|BrownBear:Elephant:Fox:Goat:Gazelle:Moose:Ostrich:Cheetah:Hyena:Giraffe:MountainGoat:ZebraRiding|Bird:Bird:Bird:Bird:Eagle:Hawk|||||4866|2780|8|2|1|2|13|13|8989|3|0|0|0|0|0
*|BrownBear:Elephant:Fox:Goat:Gazelle:Moose:Ostrich:Cheetah:Hyena:Giraffe:MountainGoat:ZebraRiding|Bird:Bird:Bird:Bird:Eagle:Hawk|||||4889|2680|8|2|1|2|12|12|8989|2|0|0|0|0|0
*|BrownBear:Elephant:Fox:Goat:Gazelle:Moose:Ostrich:Cheetah:Hyena:Giraffe:MountainGoat:ZebraRiding|Bird:Bird:Bird:Bird:Eagle:Hawk|||||4902|2821|8|2|1|2|11|11|8989|2|0|0|0|0|0
*|BrownBear:Elephant:Fox:Goat:Gazelle:Moose:Ostrich:Cheetah:Hyena:Giraffe:MountainGoat:ZebraRiding|Bird:Bird:Bird:Bird:Eagle:Hawk|||||2543|646|53|2|1|2|46|46|8989|9|2|0|0|0|0
*|BrownBear:Elephant:Fox:Goat:Gazelle:Moose:Ostrich:Cheetah:Hyena:Giraffe:MountainGoat:ZebraRiding|Bird:Bird:Bird:Bird:Eagle:Hawk|||||2545|1413|53|2|1|2|65|65|8989|13|4|0|0|0|0
*|BrownBear:Elephant:Fox:Goat:Gazelle:Moose:Ostrich:Cheetah:Hyena:Giraffe:MountainGoat:ZebraRiding|Bird:Bird:Bird:Bird:Eagle:Hawk|||||3349|1665|53|2|1|2|157|157|8989|31|10|0|0|0|0
*|BrownBear:Elephant:Fox:Goat:Gazelle:Moose:Ostrich:Cheetah:Hyena:Giraffe:MountainGoat:ZebraRiding|Bird:Bird:Bird:Bird:Eagle:Hawk|||||1209|1292|53|2|1|2|58|58|8989|12|3|0|0|0|0
*|BrownBear:Elephant:Fox:Goat:Gazelle:Moose:Ostrich:Cheetah:Hyena:Giraffe:MountainGoat:ZebraRiding|Bird:Bird:Bird:Bird:Eagle:Hawk|||||2566|2667|53|2|1|2|122|122|8989|24|7|0|0|0|0
*|BrownBear:Elephant:Fox:Goat:Gazelle:Moose:Ostrich:Cheetah:Hyena:Giraffe:MountainGoat:ZebraRiding|Bird:Bird:Bird:Bird:Eagle:Hawk|||||1215|1564|53|2|1|2|52|52|8989|10|3|0|0|0|0
*|BrownBear:Elephant:Fox:Goat:Gazelle:Moose:Ostrich:Cheetah:Hyena:Giraffe:MountainGoat:ZebraRiding|Bird:Bird:Bird:Bird:Eagle:Hawk|||||2070|908|53|2|1|2|48|48|8989|10|3|0|0|0|0
*|BrownBear:Elephant:Fox:Goat:Gazelle:Moose:Ostrich:Cheetah:Hyena:Giraffe:MountainGoat:ZebraRiding|Bird:Bird:Bird:Bird:Eagle:Hawk|||||2584|1590|53|2|1|2|52|52|8989|10|3|0|0|0|0
*|BrownBear:Elephant:Fox:Goat:Gazelle:Moose:Ostrich:Cheetah:Hyena:Giraffe:MountainGoat:ZebraRiding|Bird:Bird:Bird:Bird:Eagle:Hawk|||||1231|770|53|2|1|2|65|65|8989|13|4|0|0|0|0
*|BrownBear:Elephant:Fox:Goat:Gazelle:Moose:Ostrich:Cheetah:Hyena:Giraffe:MountainGoat:ZebraRiding|Bird:Bird:Bird:Bird:Eagle:Hawk|||||3869|2129|53|2|1|2|36|36|8989|7|2|0|0|0|0
*|Mammoth:PolarBear:SnowLeopard:Walrus:Penguin:GreatHart:Moose:WhiteRabbit|Hawk|||||4487|1207|33|2|1|2|19|19|8989|3|0|0|0|0|0
*|Mammoth:PolarBear:SnowLeopard:Walrus:Penguin:GreatHart:Moose:WhiteRabbit|Hawk|||||4497|1308|33|2|1|2|10|10|8989|2|0|0|0|0|0
*|Mammoth:PolarBear:SnowLeopard:Walrus:Penguin:GreatHart:Moose:WhiteRabbit|Hawk|||||4525|1198|33|2|1|2|18|18|8989|3|0|0|0|0|0
*|Mammoth:PolarBear:SnowLeopard:Walrus:Penguin:GreatHart:Moose:WhiteRabbit|Hawk|||||4535|1332|33|2|1|2|37|37|8989|6|1|0|0|0|0
*|Mammoth:PolarBear:SnowLeopard:Walrus:Penguin:GreatHart:Moose:WhiteRabbit|Hawk|||||4559|1209|33|2|1|2|24|24|8989|4|1|0|0|0|0
*|Mammoth:PolarBear:SnowLeopard:Walrus:Penguin:GreatHart:Moose:WhiteRabbit|Hawk|||||4595|1308|33|2|1|2|51|51|8989|9|2|0|0|0|0
*|Mammoth:PolarBear:SnowLeopard:Walrus:Penguin:GreatHart:Moose:WhiteRabbit|Hawk|||||4614|1234|33|2|1|2|33|33|8989|6|1|0|0|0|0
*|Mammoth:PolarBear:SnowLeopard:Walrus:Penguin:GreatHart:Moose:WhiteRabbit|Hawk|||||4632|1180|33|2|1|2|18|18|8989|3|0|0|0|0|0
*|Mammoth:PolarBear:SnowLeopard:Walrus:Penguin:GreatHart:Moose:WhiteRabbit|Hawk|||||4663|1335|33|2|1|2|28|28|8989|5|1|0|0|0|0
*|Mammoth:PolarBear:SnowLeopard:Walrus:Penguin:GreatHart:Moose:WhiteRabbit|Hawk|||||4664|1284|33|2|1|2|23|23|8989|4|1|0|0|0|0
*|Mammoth:PolarBear:SnowLeopard:Walrus:Penguin:GreatHart:Moose:WhiteRabbit|Hawk|||||4668|1182|33|2|1|2|15|15|8989|3|0|0|0|0|0
*|Mammoth:PolarBear:SnowLeopard:Walrus:Penguin:GreatHart:Moose:WhiteRabbit|Hawk|||||4671|1232|33|2|1|2|39|39|8989|7|2|0|0|0|0
*|Mammoth:PolarBear:SnowLeopard:Walrus:Penguin:GreatHart:Moose:WhiteRabbit|Hawk|||||4681|955|3|2|1|2|131|131|8989|38|12|0|0|0|0
*|Mammoth:PolarBear:SnowLeopard:Walrus:Penguin:GreatHart:Moose:WhiteRabbit|Hawk|||||4698|1178|33|2|1|2|14|14|8989|2|0|0|0|0|0
*|Mammoth:PolarBear:SnowLeopard:Walrus:Penguin:GreatHart:Moose:WhiteRabbit|Hawk|||||4745|1213|33|2|1|2|14|14|8989|2|0|0|0|0|0
*|Mammoth:PolarBear:SnowLeopard:Walrus:Penguin:GreatHart:Moose:WhiteRabbit|Hawk|||||4795|1218|33|2|1|2|34|34|8989|6|1|0|0|0|0
*|Mammoth:PolarBear:SnowLeopard:Walrus:Penguin:GreatHart:Moose:WhiteRabbit|Hawk|||||4836|1244|33|2|1|2|23|23|8989|4|1|0|0|0|0
*|Mammoth:PolarBear:SnowLeopard:Walrus:Penguin:GreatHart:Moose:WhiteRabbit|Hawk|||||4335|1223|33|2|1|2|21|21|8989|4|1|0|0|0|0
*|Mammoth:PolarBear:SnowLeopard:Walrus:Penguin:GreatHart:Moose:WhiteRabbit|Hawk|||||4361|1261|33|2|1|2|28|28|8989|5|1|0|0|0|0
*|Mammoth:PolarBear:SnowLeopard:Walrus:Penguin:GreatHart:Moose:WhiteRabbit|Hawk|||||4366|1184|33|2|1|2|22|22|8989|4|1|0|0|0|0
*|Mammoth:PolarBear:SnowLeopard:Walrus:Penguin:GreatHart:Moose:WhiteRabbit|Hawk|||||4403|1173|33|2|1|2|16|16|8989|3|0|0|0|0|0
*|Mammoth:PolarBear:SnowLeopard:Walrus:Penguin:GreatHart:Moose:WhiteRabbit|Hawk|||||4420|1261|33|2|1|2|28|28|8989|5|1|0|0|0|0
*|Mammoth:PolarBear:SnowLeopard:Walrus:Penguin:GreatHart:Moose:WhiteRabbit|Hawk|||||4445|1226|33|2|1|2|28|28|8989|5|1|0|0|0|0
*|Mammoth:PolarBear:SnowLeopard:Walrus:Penguin:GreatHart:Moose:WhiteRabbit|Hawk|||||4462|1283|33|2|1|2|26|26|8989|4|1|0|0|0|0
*|Mammoth:PolarBear:SnowLeopard:Walrus:Penguin:GreatHart:Moose:WhiteRabbit|Hawk|||||5040|1169|33|2|1|2|21|21|8989|2|0|0|0|0|0
*|Mammoth:PolarBear:SnowLeopard:Walrus:Penguin:GreatHart:Moose:WhiteRabbit|Hawk|||||5071|1194|33|2|1|2|19|19|8989|2|0|0|0|0|0
*|Mammoth:PolarBear:SnowLeopard:Walrus:Penguin:GreatHart:Moose:WhiteRabbit|Hawk|||||4907|1298|33|2|1|2|85|85|8989|9|2|0|0|0|0
*|Mammoth:PolarBear:SnowLeopard:Walrus:Penguin:GreatHart:Moose:WhiteRabbit|Hawk|||||4988|1201|33|2|1|2|21|21|8989|2|0|0|0|0|0
*|Mammoth:PolarBear:SnowLeopard:Walrus:Penguin:GreatHart:Moose:WhiteRabbit|Hawk|||||5014|1277|33|2|1|2|25|25|8989|2|0|0|0|0|0
*|Mammoth:PolarBear:SnowLeopard:Walrus:Penguin:GreatHart:Moose:WhiteRabbit|Hawk|||||5053|1271|33|2|1|2|20|20|8989|2|0|0|0|0|0
*|Mammoth:PolarBear:SnowLeopard:Walrus:Penguin:GreatHart:Moose:WhiteRabbit|Hawk|||||5072|1236|33|2|1|2|22|22|8989|2|0|0|0|0|0
*|Mammoth:PolarBear:SnowLeopard:Walrus:Penguin:GreatHart:Moose:WhiteRabbit|Hawk|||||4761|1310|33|2|1|2|71|71|8989|9|2|0|0|0|0
*|Mammoth:PolarBear:SnowLeopard:Walrus:Penguin:GreatHart:Moose:WhiteRabbit|Hawk|||||4987|1157|33|2|1|2|20|20|8989|2|0|0|0|0|0
*|Mammoth:PolarBear:SnowLeopard:Walrus:Penguin:GreatHart:Moose:WhiteRabbit|Hawk|||||4989|1246|33|2|1|2|20|20|8989|2|0|0|0|0|0
*|Mammoth:PolarBear:SnowLeopard:Walrus:Penguin:GreatHart:Moose:WhiteRabbit|Hawk|||||5018|1138|33|2|1|2|17|17|8989|1|0|0|0|0|0
*|Boar:Bull:BlackBear:GreatHart:Moose:Turtle:Frog:Rat|Crane:SwampBird:SwampBird|||||580|260|23|2|1|2|34|34|8989|5|1|0|0|0|0
*|Boar:Bull:BlackBear:GreatHart:Moose:Turtle:Frog:Rat|Crane:SwampBird:SwampBird|||||803|483|23|2|1|2|23|23|8989|3|0|0|0|0|0
*|Boar:Bull:BlackBear:GreatHart:Moose:Turtle:Frog:Rat|Crane:SwampBird:SwampBird|||||812|434|23|2|1|2|32|32|8989|4|1|0|0|0|0
*|Boar:Bull:BlackBear:GreatHart:Moose:Turtle:Frog:Rat|Crane:SwampBird:SwampBird|||||852|385|23|2|1|2|30|30|8989|4|1|0|0|0|0
*|Boar:Bull:BlackBear:GreatHart:Moose:Turtle:Frog:Rat|Crane:SwampBird:SwampBird|||||907|391|23|2|1|2|24|24|8989|3|0|0|0|0|0
*|Boar:Bull:BlackBear:GreatHart:Moose:Turtle:Frog:Rat|Crane:SwampBird:SwampBird|||||957|400|23|2|1|2|27|27|8989|4|1|0|0|0|0
*|Boar:Bull:BlackBear:GreatHart:Moose:Turtle:Frog:Rat|Crane:SwampBird:SwampBird|||||480|175|23|2|1|2|35|35|8989|5|1|0|0|0|0
*|Boar:Bull:BlackBear:GreatHart:Moose:Turtle:Frog:Rat|Crane:SwampBird:SwampBird|||||482|222|23|2|1|2|16|16|8989|2|0|0|0|0|0
*|Boar:Bull:BlackBear:GreatHart:Moose:Turtle:Frog:Rat|Crane:SwampBird:SwampBird|||||1004|393|23|2|1|2|24|24|8989|3|0|0|0|0|0
*|Boar:Bull:BlackBear:GreatHart:Moose:Turtle:Frog:Rat|Crane:SwampBird:SwampBird|||||1050|388|23|2|1|2|22|22|8989|3|0|0|0|0|0
*|Boar:Bull:BlackBear:GreatHart:Moose:Turtle:Frog:Rat|Crane:SwampBird:SwampBird|||||520|242|23|2|1|2|29|29|8989|4|1|0|0|0|0
*|Boar:Bull:BlackBear:GreatHart:Moose:Turtle:Frog:Rat|Crane:SwampBird:SwampBird|||||1091|385|23|2|1|2|18|18|8989|2|0|0|0|0|0
*|Boar:Bull:BlackBear:GreatHart:Moose:Turtle:Frog:Rat|Crane:SwampBird:SwampBird|||||1126|374|23|2|1|2|16|16|8989|2|0|0|0|0|0
*|BlackBear:Boar:BrownBear:Cougar:Fox:GreatHart:Moose:GreyWolf:GrizzlyBearRiding:Hind:Jaguar:TimberWolf|Turkey:Bird:Bird:Bird:Bird:Eagle|||||5913|3903|33|2|1|2|152|152|8989|35|11|0|0|0|0
*|BlackBear:Boar:BrownBear:Cougar:Fox:GreatHart:Moose:GreyWolf:GrizzlyBearRiding:Hind:Jaguar:TimberWolf|Turkey:Bird:Bird:Bird:Bird:Eagle|||||5353|3580|33|2|1|2|229|229|8989|61|20|0|0|0|0
*|BlackBear:Boar:BrownBear:Cougar:Fox:GreatHart:Moose:GreyWolf:GrizzlyBearRiding:Hind:Jaguar:TimberWolf|Turkey:Bird:Bird:Bird:Bird:Eagle|||||5932|3294|33|2|1|2|105|105|8989|28|9|0|0|0|0
*|BlackBear:Boar:BrownBear:Cougar:Fox:GreatHart:Moose:GreyWolf:GrizzlyBearRiding:Hind:Jaguar:TimberWolf|Turkey:Bird:Bird:Bird:Bird:Eagle|||||5850|3570|33|2|1|2|223|223|8989|59|19|0|0|0|0
*|BlackBear:Boar:BrownBear:Cougar:Fox:GreatHart:Moose:GreyWolf:GrizzlyBearRiding:Hind:Jaguar:TimberWolf|Turkey:Bird:Bird:Bird:Bird:Eagle|||||5395|3206|33|2|1|2|230|230|8989|70|23|0|0|0|0
*|BlackBear:Boar:BrownBear:Cougar:Fox:GreatHart:Moose:GreyWolf:GrizzlyBearRiding:Hind:Jaguar:TimberWolf|Turkey:Bird:Bird:Bird:Bird:Eagle|||||5603|3546|33|2|1|2|211|211|8989|63|20|0|0|0|0
*|BlackBear:Boar:BrownBear:Cougar:Fox:GreatHart:Moose:GreyWolf:GrizzlyBearRiding:Hind:Jaguar:TimberWolf|Turkey:Bird:Bird:Bird:Bird:Eagle|||||5312|3887|33|2|1|2|158|158|8989|26|8|0|0|0|0
